Archive member included to satisfy reference by file (symbol)

C:/devkitPro/libnds/lib\libnds9.a(trig.o)
                              Camera.o (sinLerp)
C:/devkitPro/libnds/lib\libnds9.a(console.o)
                              main.o (consoleDemoInit)
C:/devkitPro/libnds/lib\libnds9.a(boxtest.o)
                              GameObject.o (BoxTestf)
C:/devkitPro/libnds/lib\libnds9.a(videoGL.o)
                              main.o (glMaterialf)
C:/devkitPro/libnds/lib\libnds9.a(keys.o)
                              main.o (scanKeys)
C:/devkitPro/libnds/lib\libnds9.a(initSystem.o)
                              c:/devkitpro/devkitarm/bin/../lib/gcc/arm-none-eabi/12.2.0/../../../../arm-none-eabi/lib/ds_arm9_crt0.o (initSystem)
C:/devkitPro/libnds/lib\libnds9.a(securearea.o)
                              c:/devkitpro/devkitarm/bin/../lib/gcc/arm-none-eabi/12.2.0/../../../../arm-none-eabi/lib/ds_arm9_crt0.o (__secure_area__)
C:/devkitPro/libnds/lib\libnds9.a(interrupts.o)
                              C:/devkitPro/libnds/lib\libnds9.a(initSystem.o) (irqInit)
C:/devkitPro/libnds/lib\libnds9.a(libnds_exit.arm.o)
                              c:/devkitpro/devkitarm/bin/../lib/gcc/arm-none-eabi/12.2.0/../../../../arm-none-eabi/lib/ds_arm9_crt0.o (__libnds_exit)
C:/devkitPro/libnds/lib\libnds9.a(fifosystem.o)
                              C:/devkitPro/libnds/lib\libnds9.a(initSystem.o) (fifoSetValue32Handler)
C:/devkitPro/libnds/lib\libnds9.a(mpu_setup.o)
                              c:/devkitpro/devkitarm/bin/../lib/gcc/arm-none-eabi/12.2.0/../../../../arm-none-eabi/lib/ds_arm9_crt0.o (__libnds_mpu_setup)
C:/devkitPro/libnds/lib\libnds9.a(IntrWait.o)
                              main.o (swiWaitForVBlank)
C:/devkitPro/libnds/lib\libnds9.a(cpu_clock.o)
                              C:/devkitPro/libnds/lib\libnds9.a(initSystem.o) (setCpuClock)
C:/devkitPro/libnds/lib\libnds9.a(interruptDispatcher.o)
                              C:/devkitPro/libnds/lib\libnds9.a(interrupts.o) (IntrMain)
C:/devkitPro/libnds/lib\libnds9.a(biosCalls.o)
                              C:/devkitPro/libnds/lib\libnds9.a(videoGL.o) (swiCopy)
C:/devkitPro/libnds/lib\libnds9.a(debugprint.o)
                              C:/devkitPro/libnds/lib\libnds9.a(console.o) (nocashWrite)
C:/devkitPro/libnds/lib\libnds9.a(swiSoftReset.o)
                              C:/devkitPro/libnds/lib\libnds9.a(fifosystem.o) (swiSoftReset)
C:/devkitPro/libnds/lib\libnds9.a(default_font.bin.o)
                              C:/devkitPro/libnds/lib\libnds9.a(console.o) (default_font_bin)
C:/devkitPro/libnds/lib\libnds9.a(background.o)
                              C:/devkitPro/libnds/lib\libnds9.a(console.o) (bgState)
C:/devkitPro/libnds/lib\libnds9.a(dynamicArray.o)
                              C:/devkitPro/libnds/lib\libnds9.a(videoGL.o) (DynamicArrayInit)
C:/devkitPro/libnds/lib\libnds9.a(video.o)
                              C:/devkitPro/libnds/lib\libnds9.a(videoGL.o) (vramSetBanks_EFG)
C:/devkitPro/libnds/lib\libnds9.a(system.o)
                              C:/devkitPro/libnds/lib\libnds9.a(initSystem.o) (systemValueHandler)
c:/devkitpro/devkitarm/bin/../lib/gcc/arm-none-eabi/12.2.0/../../../../arm-none-eabi/lib\libstdc++.a(del_ops.o)
                              Camera.o (operator delete(void*, unsigned int))
c:/devkitpro/devkitarm/bin/../lib/gcc/arm-none-eabi/12.2.0/../../../../arm-none-eabi/lib\libstdc++.a(new_op.o)
                              GameObject.o (operator new(unsigned int))
c:/devkitpro/devkitarm/bin/../lib/gcc/arm-none-eabi/12.2.0/../../../../arm-none-eabi/lib\libstdc++.a(list.o)
                              GameObject.o (std::__detail::_List_node_base::_M_hook(std::__detail::_List_node_base*))
c:/devkitpro/devkitarm/bin/../lib/gcc/arm-none-eabi/12.2.0/../../../../arm-none-eabi/lib\libstdc++.a(bad_alloc.o)
                              c:/devkitpro/devkitarm/bin/../lib/gcc/arm-none-eabi/12.2.0/../../../../arm-none-eabi/lib\libstdc++.a(new_op.o) (vtable for std::bad_alloc)
c:/devkitpro/devkitarm/bin/../lib/gcc/arm-none-eabi/12.2.0/../../../../arm-none-eabi/lib\libstdc++.a(del_op.o)
                              c:/devkitpro/devkitarm/bin/../lib/gcc/arm-none-eabi/12.2.0/../../../../arm-none-eabi/lib\libstdc++.a(del_ops.o) (operator delete(void*))
c:/devkitpro/devkitarm/bin/../lib/gcc/arm-none-eabi/12.2.0/../../../../arm-none-eabi/lib\libstdc++.a(eh_alloc.o)
                              c:/devkitpro/devkitarm/bin/../lib/gcc/arm-none-eabi/12.2.0/../../../../arm-none-eabi/lib\libstdc++.a(new_op.o) (__cxa_allocate_exception)
c:/devkitpro/devkitarm/bin/../lib/gcc/arm-none-eabi/12.2.0/../../../../arm-none-eabi/lib\libstdc++.a(eh_exception.o)
                              c:/devkitpro/devkitarm/bin/../lib/gcc/arm-none-eabi/12.2.0/../../../../arm-none-eabi/lib\libstdc++.a(bad_alloc.o) (std::exception::~exception())
c:/devkitpro/devkitarm/bin/../lib/gcc/arm-none-eabi/12.2.0/../../../../arm-none-eabi/lib\libstdc++.a(eh_terminate.o)
[...]
Memory Configuration

Name             Origin             Length             Attributes
ewram            0x0000000002000000 0x0000000000380000
dtcm             0x0000000002ff0000 0x0000000000004000
vectors          0x0000000001000000 0x0000000000000100
itcm             0x0000000001000100 0x0000000000007f00
*default*        0x0000000000000000 0xffffffffffffffff

Linker script and memory map

                0x0000000002380000                __ewram_end = (ORIGIN (ewram) + LENGTH (ewram))
                0x0000000002380000                __eheap_end = (ORIGIN (ewram) + LENGTH (ewram))
                0x0000000002ff4000                __dtcm_top = (ORIGIN (dtcm) + LENGTH (dtcm))
                0x0000000002ff3ff8                __irq_flags = (__dtcm_top - 0x8)
                0x0000000002ff3ffc                __irq_vector = (__dtcm_top - 0x4)
                0x0000000002ff3f00                __sp_svc = (__dtcm_top - 0x100)
                0x0000000002ff3e00                __sp_irq = (__sp_svc - 0x100)
                0x0000000002ff3d00                __sp_usr = (__sp_irq - 0x100)

.secure         0x0000000002000000      0x800
 *(.secure)
 .secure        0x0000000002000000      0x800 C:/devkitPro/libnds/lib\libnds9.a(securearea.o)
                0x0000000002000000                __secure_area__

.crt0           0x0000000002000800      0x300
                0x0000000002000800                __text_start = .
 *(.crt0)
 .crt0          0x0000000002000800      0x300 c:/devkitpro/devkitarm/bin/../lib/gcc/arm-none-eabi/12.2.0/../../../../arm-none-eabi/lib/ds_arm9_crt0.o
                0x0000000002000800                _start
                0x0000000002000b00                . = ALIGN (0x4)

.plt
 *(.plt)

.init           0x0000000002000b00       0x18
 *(SORT_NONE(.init))
 .init          0x0000000002000b00        0xc c:/devkitpro/devkitarm/bin/../lib/gcc/arm-none-eabi/12.2.0/crti.o
                0x0000000002000b00                _init
 .init          0x0000000002000b0c        0xc c:/devkitpro/devkitarm/bin/../lib/gcc/arm-none-eabi/12.2.0/crtn.o

.text           0x0000000002000b18    0x19e38
 *(EXCLUDE_FILE(*.twl* *.vectors* *.itcm*) .text)
 .text          0x0000000002000b18      0x75c Camera.o
                0x0000000002000b18                Camera::DrawEntity()
                0x0000000002000b1c                Camera::~Camera()
                0x0000000002000b1c                Camera::~Camera()
                0x0000000002000b3c                Camera::~Camera()
                0x0000000002000b68                Camera::Camera(Vector3, Vector3, Vector3)
                0x0000000002000b68                Camera::Camera(Vector3, Vector3, Vector3)
                0x0000000002000bc4                Camera::applyViewingTransformation()
                0x0000000002001004                Camera::UpdateCameraMatrix()
                0x0000000002001104                Camera::UpdateEntity(unsigned short)
 .text          0x0000000002001274      0x330 ColouredMeshObject.o
                0x0000000002001274                ColouredMeshedObject::UpdateEntity(unsigned short)
                0x0000000002001278                ColouredMeshedObject::~ColouredMeshedObject()
                0x0000000002001278                ColouredMeshedObject::~ColouredMeshedObject()
                0x0000000002001298                ColouredMeshedObject::~ColouredMeshedObject()
                0x00000000020012c4                ColouredMeshedObject::DrawEntity()
                0x0000000002001514                ColouredMeshedObject::ColouredMeshedObject(Vector3, Vector3, Vector3, Mesh, Vector3)
                0x0000000002001514                ColouredMeshedObject::ColouredMeshedObject(Vector3, Vector3, Vector3, Mesh, Vector3)
 .text          0x00000000020015a4      0x6c0 GameObject.o
                0x00000000020015a4                GameObject::UpdateEntity(unsigned short)
                0x00000000020015a8                GameObject::DrawEntity()
                0x00000000020015ac                GameObject::~GameObject()
                0x00000000020015ac                GameObject::~GameObject()
                0x00000000020015f8                GameObject::~GameObject()
                0x0000000002001650                GameObject::GameObject(Vector3, Vector3, Vector3)
                0x0000000002001650                GameObject::GameObject(Vector3, Vector3, Vector3)
                0x0000000002001718                GameObject::SetActive(bool)
                0x0000000002001720                GameObject::Update(unsigned short)
                0x00000000020018e0                GameObject::Draw()
                0x0000000002001b50                GameObject::SetVelocity(float, float, float)
                0x0000000002001b60                GameObject::SetVelocity(Vector3)
                0x0000000002001b7c                GameObject::GetVelocity()
                0x0000000002001b84                GameObject::GetTransform()
                0x0000000002001b8c                GameObject::addChild(GameObject*)
                0x0000000002001c60                GameObject::removeChild(GameObject*)
 .text          0x0000000002001c64       0x68 Mesh.o
                0x0000000002001c64                Mesh::Mesh()
                0x0000000002001c64                Mesh::Mesh()
                0x0000000002001c70                Mesh::Mesh(short*, unsigned char*, unsigned long*, unsigned long*, int)
                0x0000000002001c70                Mesh::Mesh(short*, unsigned char*, unsigned long*, unsigned long*, int)
                0x0000000002001c8c                Mesh::setVertices(short*)
                0x0000000002001c94                Mesh::setQuads(unsigned char*)
                0x0000000002001c9c                Mesh::setUV(unsigned long*)
                0x0000000002001ca4                Mesh::setNormals(unsigned long*)
                0x0000000002001cac                Mesh::getVertices()
                0x0000000002001cb4                Mesh::getQuads()
                0x0000000002001cbc                Mesh::getUV()
                0x0000000002001cc4                Mesh::getNormals()
 .text          0x0000000002001ccc      0x108 SceneGraph.o
                0x0000000002001ccc                SceneGraph::SceneGraph(GameObject*)
                0x0000000002001ccc                SceneGraph::SceneGraph(GameObject*)
                0x0000000002001cd4                SceneGraph::~SceneGraph()
                0x0000000002001cd4                SceneGraph::~SceneGraph()
                0x0000000002001cd8                SceneGraph::addObject(GameObject*, GameObject*)
                0x0000000002001cfc                SceneGraph::removeObject(GameObject*)
                0x0000000002001d30                SceneGraph::transformObject(GameObject*, float, float, float)
                0x0000000002001d5c                SceneGraph::rotateObject(GameObject*, float, float, float)
                0x0000000002001d8c                SceneGraph::scaleObject(GameObject*, float, float, float)
                0x0000000002001dbc                SceneGraph::Update(unsigned short)
                0x0000000002001dc4                SceneGraph::Draw()
                0x0000000002001dcc                SceneGraph::getNumberOfObjects()
 .text          0x0000000002001dd4      0x278 TexturedMeshedObject.o
                0x0000000002001dd4                TexturedMeshedObject::UpdateEntity(unsigned short)
                0x0000000002001dd8                TexturedMeshedObject::~TexturedMeshedObject()
                0x0000000002001dd8                TexturedMeshedObject::~TexturedMeshedObject()
                0x0000000002001df8                TexturedMeshedObject::~TexturedMeshedObject()
                0x0000000002001e24                TexturedMeshedObject::DrawEntity()
                0x0000000002001fcc                TexturedMeshedObject::TexturedMeshedObject(Vector3, Vector3, Vector3, Mesh, int)
                0x0000000002001fcc                TexturedMeshedObject::TexturedMeshedObject(Vector3, Vector3, Vector3, Mesh, int)
 .text          0x000000000200204c      0x184 Transform.o
                0x000000000200204c                Transform::Transform()
                0x000000000200204c                Transform::Transform()
                0x00000000020020c4                Transform::Transform(float, float, float)
                0x00000000020020c4                Transform::Transform(float, float, float)
                0x0000000002002144                Transform::Transform(Vector3, Vector3, Vector3)
                0x0000000002002144                Transform::Transform(Vector3, Vector3, Vector3)
                0x00000000020021cc                Transform::~Transform()
                0x00000000020021cc                Transform::~Transform()
 .text          0x00000000020021d0      0x56c Vector3.o
                0x00000000020021d0                Vector3::Vector3()
                0x00000000020021d0                Vector3::Vector3()
                0x00000000020021e4                Vector3::Vector3(float, float, float)
                0x00000000020021e4                Vector3::Vector3(float, float, float)
                0x00000000020021f4                Vector3::Set(float, float, float)
                0x0000000002002204                Vector3::Set(Vector3)
                0x0000000002002230                Vector3::Translate(float, float, float)
                0x0000000002002278                Vector3::Normalize()
                0x000000000200236c                Vector3::Magnitude()
                0x0000000002002420                Vector3::Cross(Vector3)
                0x00000000020024f0                Vector3::Normalized()
                0x00000000020025ec                Vector3::operator+(Vector3 const&)
                0x0000000002002640                Vector3::operator-(Vector3 const&)
                0x0000000002002694                Vector3::operator*(float)
                0x00000000020026e8                Vector3::operator/(float)
 .text          0x000000000200273c      0x148 c:/devkitpro/devkitarm/bin/../lib/gcc/arm-none-eabi/12.2.0\libgcc.a(_divsi3.o)
                0x000000000200273c                __divsi3
                0x000000000200273c                __aeabi_idiv
                0x0000000002002864                __aeabi_idivmod
 .text          0x0000000002002884        0x4 c:/devkitpro/devkitarm/bin/../lib/gcc/arm-none-eabi/12.2.0\libgcc.a(_dvmd_tls.o)
                0x0000000002002884                __aeabi_idiv0
                0x0000000002002884                __aeabi_ldiv0
 .text          0x0000000002002888      0x424 c:/devkitpro/devkitarm/bin/../lib/gcc/arm-none-eabi/12.2.0\libgcc.a(_arm_addsubdf3.o)
                0x0000000002002888                __aeabi_drsub
                0x0000000002002890                __aeabi_dsub
                0x0000000002002890                __subdf3
                0x0000000002002894                __aeabi_dadd
                0x0000000002002894                __adddf3
                0x0000000002002ba4                __floatunsidf
                0x0000000002002ba4                __aeabi_ui2d
                0x0000000002002bc8                __floatsidf
                0x0000000002002bc8                __aeabi_i2d
                0x0000000002002bf0                __aeabi_f2d
                0x0000000002002bf0                __extendsfdf2
                0x0000000002002c38                __floatundidf
                0x0000000002002c38                __aeabi_ul2d
                0x0000000002002c4c                __floatdidf
                0x0000000002002c4c                __aeabi_l2d
 .text          0x0000000002002cac      0x49c c:/devkitpro/devkitarm/bin/../lib/gcc/arm-none-eabi/12.2.0\libgcc.a(_arm_muldivdf3.o)
                0x0000000002002cac                __aeabi_dmul
                0x0000000002002cac                __muldf3
                0x0000000002002f3c                __divdf3
                0x0000000002002f3c                __aeabi_ddiv
 .text          0x0000000002003148       0x5c c:/devkitpro/devkitarm/bin/../lib/gcc/arm-none-eabi/12.2.0\libgcc.a(_arm_fixdfsi.o)
                0x0000000002003148                __aeabi_d2iz
                0x0000000002003148                __fixdfsi
 .text          0x00000000020031a4       0xa0 c:/devkitpro/devkitarm/bin/../lib/gcc/arm-none-eabi/12.2.0\libgcc.a(_arm_truncdfsf2.o)
                0x00000000020031a4                __truncdfsf2
                0x00000000020031a4                __aeabi_d2f
 .text          0x0000000002003244      0x2ac c:/devkitpro/devkitarm/bin/../lib/gcc/arm-none-eabi/12.2.0\libgcc.a(_arm_addsubsf3.o)
                0x0000000002003244                __aeabi_frsub
                0x000000000200324c                __subsf3
                0x000000000200324c                __aeabi_fsub
                0x0000000002003250                __aeabi_fadd
                0x0000000002003250                __addsf3
                0x000000000200340c                __aeabi_ui2f
                0x000000000200340c                __floatunsisf
                0x0000000002003414                __aeabi_i2f
                0x0000000002003414                __floatsisf
                0x0000000002003434                __aeabi_ul2f
                0x0000000002003434                __floatundisf
                0x0000000002003444                __aeabi_l2f
                0x0000000002003444                __floatdisf
 .text          0x00000000020034f0      0x2f8 c:/devkitpro/devkitarm/bin/../lib/gcc/arm-none-eabi/12.2.0\libgcc.a(_arm_muldivsf3.o)
                0x00000000020034f0                __mulsf3
                0x00000000020034f0                __aeabi_fmul
                0x0000000002003688                __aeabi_fdiv
                0x0000000002003688                __divsf3
 .text          0x00000000020037e8      0x114 c:/devkitpro/devkitarm/bin/../lib/gcc/arm-none-eabi/12.2.0\libgcc.a(_arm_cmpsf2.o)
                0x00000000020037e8                __gesf2
                0x00000000020037e8                __gtsf2
                0x00000000020037f0                __lesf2
                0x00000000020037f0                __ltsf2
                0x00000000020037f8                __nesf2
                0x00000000020037f8                __eqsf2
                0x00000000020037f8                __cmpsf2
                0x000000000200385c                __aeabi_cfrcmple
                0x000000000200386c                __aeabi_cfcmpeq
                0x000000000200386c                __aeabi_cfcmple
                0x0000000002003884                __aeabi_fcmpeq
                0x000000000200389c                __aeabi_fcmplt
                0x00000000020038b4                __aeabi_fcmple
                0x00000000020038cc                __aeabi_fcmpge
                0x00000000020038e4                __aeabi_fcmpgt
 .text          0x00000000020038fc       0x5c c:/devkitpro/devkitarm/bin/../lib/gcc/arm-none-eabi/12.2.0\libgcc.a(_arm_fixsfsi.o)
                0x00000000020038fc                __aeabi_f2iz
                0x00000000020038fc                __fixsfsi
 .text          0x0000000002003958       0x54 c:/devkitpro/devkitarm/bin/../lib/gcc/arm-none-eabi/12.2.0\libgcc.a(_arm_fixunssfsi.o)
                0x0000000002003958                __fixunssfsi
                0x0000000002003958                __aeabi_f2uiz
 .text          0x00000000020039ac      0x1b0 c:/devkitpro/devkitarm/bin/../lib/gcc/arm-none-eabi/12.2.0\libgcc.a(libunwind.o)
                0x00000000020039ac                __restore_core_regs
                0x00000000020039ac                restore_core_regs
                0x00000000020039c8                __gnu_Unwind_Restore_VFP
                0x00000000020039d0                __gnu_Unwind_Save_VFP
                0x00000000020039d8                __gnu_Unwind_Restore_VFP_D
                0x00000000020039e0                __gnu_Unwind_Save_VFP_D
                0x00000000020039e8                __gnu_Unwind_Restore_VFP_D_16_to_31
                0x00000000020039f0                __gnu_Unwind_Save_VFP_D_16_to_31
                0x00000000020039f8                __gnu_Unwind_Restore_WMMXD
                0x0000000002003a3c                __gnu_Unwind_Save_WMMXD
                0x0000000002003a80                __gnu_Unwind_Restore_WMMXC
                0x0000000002003a94                __gnu_Unwind_Save_WMMXC
                0x0000000002003aa8                ___Unwind_RaiseException
                0x0000000002003aa8                _Unwind_RaiseException
                0x0000000002003acc                _Unwind_Resume
                0x0000000002003acc                ___Unwind_Resume
                0x0000000002003af0                _Unwind_Resume_or_Rethrow
                0x0000000002003af0                ___Unwind_Resume_or_Rethrow
                0x0000000002003b14                _Unwind_ForcedUnwind
                0x0000000002003b14                ___Unwind_ForcedUnwind
                0x0000000002003b38                ___Unwind_Backtrace
                0x0000000002003b38                _Unwind_Backtrace
 .text          0x0000000002003b5c      0x224 c:/devkitpro/devkitarm/bin/../lib/gcc/arm-none-eabi/12.2.0/../../../../arm-none-eabi/lib\libg.a(lib_a-strcmp.o)
                0x0000000002003b5c                strcmp
 .text          0x0000000002003d80      0x114 c:/devkitpro/devkitarm/bin/../lib/gcc/arm-none-eabi/12.2.0\libgcc.a(_udivsi3.o)
                0x0000000002003d80                __aeabi_uidiv
                0x0000000002003d80                __udivsi3
                0x0000000002003e74                __aeabi_uidivmod
 .text          0x0000000002003e94      0x144 c:/devkitpro/devkitarm/bin/../lib/gcc/arm-none-eabi/12.2.0\libgcc.a(_arm_cmpdf2.o)
                0x0000000002003e94                __gtdf2
                0x0000000002003e94                __gedf2
                0x0000000002003e9c                __ltdf2
                0x0000000002003e9c                __ledf2
                0x0000000002003ea4                __nedf2
                0x0000000002003ea4                __eqdf2
                0x0000000002003ea4                __cmpdf2
                0x0000000002003f2c                __aeabi_cdrcmple
                0x0000000002003f48                __aeabi_cdcmpeq
                0x0000000002003f48                __aeabi_cdcmple
                0x0000000002003f60                __aeabi_dcmpeq
                0x0000000002003f78                __aeabi_dcmplt
                0x0000000002003f90                __aeabi_dcmple
                0x0000000002003fa8                __aeabi_dcmpge
                0x0000000002003fc0                __aeabi_dcmpgt
 .text          0x0000000002003fd8       0x38 c:/devkitpro/devkitarm/bin/../lib/gcc/arm-none-eabi/12.2.0\libgcc.a(_arm_unorddf2.o)
                0x0000000002003fd8                __unorddf2
                0x0000000002003fd8                __aeabi_dcmpun
 .text          0x0000000002004010       0x3c c:/devkitpro/devkitarm/bin/../lib/gcc/arm-none-eabi/12.2.0\libgcc.a(_aeabi_uldivmod.o)
                0x0000000002004010                __aeabi_uldivmod
 .text          0x000000000200404c       0x28 c:/devkitpro/devkitarm/bin/../lib/gcc/arm-none-eabi/12.2.0\libgcc.a(_clzdi2.o)
                0x000000000200404c                __clzdi2
 .text          0x0000000002004074       0x48 c:/devkitpro/devkitarm/bin/../lib/gcc/arm-none-eabi/12.2.0\libgcc.a(_clzsi2.o)
                0x0000000002004074                __clzsi2
 *(EXCLUDE_FILE(*.twl* *.vectors* *.itcm*) .stub)
 *(EXCLUDE_FILE(*.twl* *.vectors* *.itcm*) .text.*)
 .text.__do_global_dtors_aux
                0x00000000020040bc       0x40 c:/devkitpro/devkitarm/bin/../lib/gcc/arm-none-eabi/12.2.0/crtbegin.o
 .text.frame_dummy
                0x00000000020040fc       0x30 c:/devkitpro/devkitarm/bin/../lib/gcc/arm-none-eabi/12.2.0/crtbegin.o
 .text.startup  0x000000000200412c      0xdb0 main.o
                0x000000000200412c                main
 .text.sinLutLookup
                0x0000000002004edc       0x4c C:/devkitPro/libnds/lib\libnds9.a(trig.o)
                0x0000000002004edc                sinLutLookup
 .text.sinLerp  0x0000000002004f28       0x40 C:/devkitPro/libnds/lib\libnds9.a(trig.o)
                0x0000000002004f28                sinLerp
 .text.cosLerp  0x0000000002004f68       0x4c C:/devkitPro/libnds/lib\libnds9.a(trig.o)
                0x0000000002004f68                cosLerp
 .text.tanLerp  0x0000000002004fb4       0xb0 C:/devkitPro/libnds/lib\libnds9.a(trig.o)
                0x0000000002004fb4                tanLerp
 .text.newRow   0x0000000002005064       0xa8 C:/devkitPro/libnds/lib\libnds9.a(console.o)
 .text.consolePrintChar
                0x000000000200510c       0xe0 C:/devkitPro/libnds/lib\libnds9.a(console.o)
                0x000000000200510c                consolePrintChar
 .text.con_write
                0x00000000020051ec      0x36c C:/devkitPro/libnds/lib\libnds9.a(console.o)
                0x00000000020051ec                con_write
 .text.consoleLoadFont
                0x0000000002005558      0x2a0 C:/devkitPro/libnds/lib\libnds9.a(console.o)
                0x0000000002005558                consoleLoadFont
 .text.consoleInit
                0x00000000020057f8      0x18c C:/devkitPro/libnds/lib\libnds9.a(console.o)
                0x00000000020057f8                consoleInit
 .text.consoleDemoInit
                0x0000000002005984       0x40 C:/devkitPro/libnds/lib\libnds9.a(console.o)
                0x0000000002005984                consoleDemoInit
 .text.consoleClear
                0x00000000020059c4       0x10 C:/devkitPro/libnds/lib\libnds9.a(console.o)
                0x00000000020059c4                consoleClear
 .text.BoxTestf
                0x00000000020059d4       0xb4 C:/devkitPro/libnds/lib\libnds9.a(boxtest.o)
                0x00000000020059d4                BoxTestf
 .text.vramBlock__deallocateBlock.part.0
                0x0000000002005a88      0x190 C:/devkitPro/libnds/lib\libnds9.a(videoGL.o)
 .text.glMaterialf
                0x0000000002005c18       0x7c C:/devkitPro/libnds/lib\libnds9.a(videoGL.o)
                0x0000000002005c18                glMaterialf
 .text.vramBlock_init
                0x0000000002005c94       0x5c C:/devkitPro/libnds/lib\libnds9.a(videoGL.o)
                0x0000000002005c94                vramBlock_init
 .text.vramBlock__allocateBlock
                0x0000000002005cf0      0x178 C:/devkitPro/libnds/lib\libnds9.a(videoGL.o)
                0x0000000002005cf0                vramBlock__allocateBlock
 .text.vramBlock_examineSpecial
                0x0000000002005e68      0x238 C:/devkitPro/libnds/lib\libnds9.a(videoGL.o)
                0x0000000002005e68                vramBlock_examineSpecial
 .text.vramBlock_allocateSpecial
                0x00000000020060a0       0x6c C:/devkitPro/libnds/lib\libnds9.a(videoGL.o)
                0x00000000020060a0                vramBlock_allocateSpecial
 .text.vramBlock_allocateBlock
                0x000000000200610c       0x30 C:/devkitPro/libnds/lib\libnds9.a(videoGL.o)
                0x000000000200610c                vramBlock_allocateBlock
 .text.vramBlock_deallocateBlock
                0x000000000200613c       0x48 C:/devkitPro/libnds/lib\libnds9.a(videoGL.o)
                0x000000000200613c                vramBlock_deallocateBlock
 .text.glInit_C
                0x0000000002006184      0x1cc C:/devkitPro/libnds/lib\libnds9.a(videoGL.o)
                0x0000000002006184                glInit_C
 .text.glGenTextures
                0x0000000002006350       0x80 C:/devkitPro/libnds/lib\libnds9.a(videoGL.o)
                0x0000000002006350                glGenTextures
 .text.vramGetBank
                0x00000000020063d0       0xb8 C:/devkitPro/libnds/lib\libnds9.a(videoGL.o)
                0x00000000020063d0                vramGetBank
 .text.glBindTexture
                0x0000000002006488       0x60 C:/devkitPro/libnds/lib\libnds9.a(videoGL.o)
                0x0000000002006488                glBindTexture
 .text.glTexImage2D
                0x00000000020064e8      0x40c C:/devkitPro/libnds/lib\libnds9.a(videoGL.o)
                0x00000000020064e8                glTexImage2D
 .text.scanKeys
                0x00000000020068f4       0x8c C:/devkitPro/libnds/lib\libnds9.a(keys.o)
                0x00000000020068f4                scanKeys
 .text.keysHeld
                0x0000000002006980        0xc C:/devkitPro/libnds/lib\libnds9.a(keys.o)
                0x0000000002006980                keysHeld
 .text.__syscall_exit
                0x000000000200698c        0x8 C:/devkitPro/libnds/lib\libnds9.a(initSystem.o)
                0x000000000200698c                __syscall_exit
 .text.initSystem
                0x0000000002006994      0x180 C:/devkitPro/libnds/lib\libnds9.a(initSystem.o)
                0x0000000002006994                initSystem
 .text.irqDummy
                0x0000000002006b14        0x4 C:/devkitPro/libnds/lib\libnds9.a(interrupts.o)
                0x0000000002006b14                irqDummy
 .text.irqSet   0x0000000002006b18       0x6c C:/devkitPro/libnds/lib\libnds9.a(interrupts.o)
                0x0000000002006b18                irqSet
 .text.irqInit  0x0000000002006b84       0x50 C:/devkitPro/libnds/lib\libnds9.a(interrupts.o)
                0x0000000002006b84                irqInit
 .text.irqEnable
                0x0000000002006bd4       0x64 C:/devkitPro/libnds/lib\libnds9.a(interrupts.o)
                0x0000000002006bd4                irqEnable
 .text.systemErrorExit
                0x0000000002006c38        0x4 C:/devkitPro/libnds/lib\libnds9.a(libnds_exit.arm.o)
                0x0000000002006c38                systemErrorExit
 .text.__libnds_exit
                0x0000000002006c3c       0x5c C:/devkitPro/libnds/lib\libnds9.a(libnds_exit.arm.o)
                0x0000000002006c3c                __libnds_exit
 .text.fifo_queueBlock
                0x0000000002006c98       0x44 C:/devkitPro/libnds/lib\libnds9.a(fifosystem.o)
 .text.fifo_waitBlock
                0x0000000002006cdc       0x80 C:/devkitPro/libnds/lib\libnds9.a(fifosystem.o)
 .text.fifoInternalSend.part.0
                0x0000000002006d5c       0xd4 C:/devkitPro/libnds/lib\libnds9.a(fifosystem.o)
 .text.fifoInternalSendInterrupt
                0x0000000002006e30       0xb0 C:/devkitPro/libnds/lib\libnds9.a(fifosystem.o)
 .text.fifoSetValue32Handler
                0x0000000002006ee0       0xd4 C:/devkitPro/libnds/lib\libnds9.a(fifosystem.o)
                0x0000000002006ee0                fifoSetValue32Handler
 .text.fifoSendValue32
                0x0000000002006fb4       0x4c C:/devkitPro/libnds/lib\libnds9.a(fifosystem.o)
                0x0000000002006fb4                fifoSendValue32
 .text.fifoGetDatamsg
                0x0000000002007000       0xf4 C:/devkitPro/libnds/lib\libnds9.a(fifosystem.o)
                0x0000000002007000                fifoGetDatamsg
 .text.fifoInternalRecvInterrupt
                0x00000000020070f4      0x37c C:/devkitPro/libnds/lib\libnds9.a(fifosystem.o)
 .text.fifoSetDatamsgHandler
                0x0000000002007470       0x9c C:/devkitPro/libnds/lib\libnds9.a(fifosystem.o)
                0x0000000002007470                fifoSetDatamsgHandler
 .text.fifoInit
                0x000000000200750c      0x108 C:/devkitPro/libnds/lib\libnds9.a(fifosystem.o)
                0x000000000200750c                fifoInit
 .text.__libnds_mpu_setup
                0x0000000002007614      0x174 C:/devkitPro/libnds/lib\libnds9.a(mpu_setup.o)
                0x0000000002007614                __libnds_mpu_setup
 .text.memUncached
                0x0000000002007788       0x20 C:/devkitPro/libnds/lib\libnds9.a(mpu_setup.o)
                0x0000000002007788                memUncached
 .text.swiWaitForVBlank
                0x00000000020077a8        0x8 C:/devkitPro/libnds/lib\libnds9.a(IntrWait.o)
                0x00000000020077a8                swiWaitForVBlank
 .text.swiIntrWait
                0x00000000020077b0       0x70 C:/devkitPro/libnds/lib\libnds9.a(IntrWait.o)
                0x00000000020077b0                swiIntrWait
 .text.setCpuClock
                0x0000000002007820       0x50 C:/devkitPro/libnds/lib\libnds9.a(cpu_clock.o)
                0x0000000002007820                setCpuClock
 .text.swiDelay
                0x0000000002007870        0x4 C:/devkitPro/libnds/lib\libnds9.a(biosCalls.o)
                0x0000000002007870                swiDelay
 .text.swiSoftReset
                0x0000000002007874       0x2c C:/devkitPro/libnds/lib\libnds9.a(swiSoftReset.o)
                0x0000000002007874                swiSoftReset
 .text.checkIfText
                0x00000000020078a0       0x5c C:/devkitPro/libnds/lib\libnds9.a(background.o)
                0x00000000020078a0                checkIfText
 .text.bgUpdate
                0x00000000020078fc       0xf4 C:/devkitPro/libnds/lib\libnds9.a(background.o)
                0x00000000020078fc                bgUpdate
 .text.bgInit_call
                0x00000000020079f0       0xc4 C:/devkitPro/libnds/lib\libnds9.a(background.o)
                0x00000000020079f0                bgInit_call
 .text.bgInitSub_call
                0x0000000002007ab4       0xcc C:/devkitPro/libnds/lib\libnds9.a(background.o)
                0x0000000002007ab4                bgInitSub_call
 .text.DynamicArrayInit
                0x0000000002007b80       0x18 C:/devkitPro/libnds/lib\libnds9.a(dynamicArray.o)
                0x0000000002007b80                DynamicArrayInit
 .text.DynamicArrayGet
                0x0000000002007b98       0x18 C:/devkitPro/libnds/lib\libnds9.a(dynamicArray.o)
                0x0000000002007b98                DynamicArrayGet
 .text.DynamicArraySet
                0x0000000002007bb0       0x48 C:/devkitPro/libnds/lib\libnds9.a(dynamicArray.o)
                0x0000000002007bb0                DynamicArraySet
 .text.vramRestorePrimaryBanks
                0x0000000002007bf8        0xc C:/devkitPro/libnds/lib\libnds9.a(video.o)
                0x0000000002007bf8                vramRestorePrimaryBanks
 .text.vramDefault
                0x0000000002007c04       0xd0 C:/devkitPro/libnds/lib\libnds9.a(video.o)
                0x0000000002007c04                vramDefault
 .text.systemValueHandler
                0x0000000002007cd4       0x48 C:/devkitPro/libnds/lib\libnds9.a(system.o)
                0x0000000002007cd4                systemValueHandler
 .text.systemMsgHandler
                0x0000000002007d1c       0x60 C:/devkitPro/libnds/lib\libnds9.a(system.o)
                0x0000000002007d1c                systemMsgHandler
 .text.powerOn  0x0000000002007d7c       0x2c C:/devkitPro/libnds/lib\libnds9.a(system.o)
                0x0000000002007d7c                powerOn
 .text._ZdlPvj  0x0000000002007da8       0x10 c:/devkitpro/devkitarm/bin/../lib/gcc/arm-none-eabi/12.2.0/../../../../arm-none-eabi/lib\libstdc++.a(del_ops.o)
                0x0000000002007da8                operator delete(void*, unsigned int)
 .text._Znwj    0x0000000002007db8       0x68 c:/devkitpro/devkitarm/bin/../lib/gcc/arm-none-eabi/12.2.0/../../../../arm-none-eabi/lib\libstdc++.a(new_op.o)
                0x0000000002007db8                operator new(unsigned int)
 .text._ZNSt8__detail15_List_node_base7_M_hookEPS0_
                0x0000000002007e20       0x14 c:/devkitpro/devkitarm/bin/../lib/gcc/arm-none-eabi/12.2.0/../../../../arm-none-eabi/lib\libstdc++.a(list.o)
                0x0000000002007e20                std::__detail::_List_node_base::_M_hook(std::__detail::_List_node_base*)
 .text._ZNKSt9bad_alloc4whatEv
                0x0000000002007e34        0xc c:/devkitpro/devkitarm/bin/../lib/gcc/arm-none-eabi/12.2.0/../../../../arm-none-eabi/lib\libstdc++.a(bad_alloc.o)
                0x0000000002007e34                std::bad_alloc::what() const
 .text._ZNSt9bad_allocD2Ev
                0x0000000002007e40       0x24 c:/devkitpro/devkitarm/bin/../lib/gcc/arm-none-eabi/12.2.0/../../../../arm-none-eabi/lib\libstdc++.a(bad_alloc.o)
                0x0000000002007e40                std::bad_alloc::~bad_alloc()
                0x0000000002007e40                std::bad_alloc::~bad_alloc()
 .text._ZNSt9bad_allocD0Ev
                0x0000000002007e64       0x30 c:/devkitpro/devkitarm/bin/../lib/gcc/arm-none-eabi/12.2.0/../../../../arm-none-eabi/lib\libstdc++.a(bad_alloc.o)
                0x0000000002007e64                std::bad_alloc::~bad_alloc()
 .text._ZdlPv   0x0000000002007e94       0x10 c:/devkitpro/devkitarm/bin/../lib/gcc/arm-none-eabi/12.2.0/../../../../arm-none-eabi/lib\libstdc++.a(del_op.o)
                0x0000000002007e94                operator delete(void*)
 .text._ZN12_GLOBAL__N_14pool4freeEPv.constprop.0
                0x0000000002007ea4       0xd4 c:/devkitpro/devkitarm/bin/../lib/gcc/arm-none-eabi/12.2.0/../../../../arm-none-eabi/lib\libstdc++.a(eh_alloc.o)
 .text._ZN12_GLOBAL__N_14pool8allocateEj.constprop.0
                0x0000000002007f78       0x9c c:/devkitpro/devkitarm/bin/../lib/gcc/arm-none-eabi/12.2.0/../../../../arm-none-eabi/lib\libstdc++.a(eh_alloc.o)
 .text.__cxa_allocate_exception
                0x0000000002008014       0x48 c:/devkitpro/devkitarm/bin/../lib/gcc/arm-none-eabi/12.2.0/../../../../arm-none-eabi/lib\libstdc++.a(eh_alloc.o)
                0x0000000002008014                __cxa_allocate_exception
 .text.__cxa_free_exception
                0x000000000200805c       0x38 c:/devkitpro/devkitarm/bin/../lib/gcc/arm-none-eabi/12.2.0/../../../../arm-none-eabi/lib\libstdc++.a(eh_alloc.o)
                0x000000000200805c                __cxa_free_exception
 .text.startup._GLOBAL__sub_I__ZN9__gnu_cxx9__freeresEv
                0x0000000002008094       0x40 c:/devkitpro/devkitarm/bin/../lib/gcc/arm-none-eabi/12.2.0/../../../../arm-none-eabi/lib\libstdc++.a(eh_alloc.o)
 .text._ZNSt9exceptionD2Ev
                0x00000000020080d4        0x4 c:/devkitpro/devkitarm/bin/../lib/gcc/arm-none-eabi/12.2.0/../../../../arm-none-eabi/lib\libstdc++.a(eh_exception.o)
                0x00000000020080d4                std::exception::~exception()
                0x00000000020080d4                std::exception::~exception()
 .text._ZNSt13bad_exceptionD2Ev
                0x00000000020080d8        0x4 c:/devkitpro/devkitarm/bin/../lib/gcc/arm-none-eabi/12.2.0/../../../../arm-none-eabi/lib\libstdc++.a(eh_exception.o)
                0x00000000020080d8                std::bad_exception::~bad_exception()
                0x00000000020080d8                std::bad_exception::~bad_exception()
 .text._ZNKSt13bad_exception4whatEv
                0x00000000020080dc        0xc c:/devkitpro/devkitarm/bin/../lib/gcc/arm-none-eabi/12.2.0/../../../../arm-none-eabi/lib\libstdc++.a(eh_exception.o)
                0x00000000020080dc                std::bad_exception::what() const
                0x00000000020080dc                transaction clone for std::bad_exception::what() const
 .text._ZNSt13bad_exceptionD0Ev
                0x00000000020080e8       0x1c c:/devkitpro/devkitarm/bin/../lib/gcc/arm-none-eabi/12.2.0/../../../../arm-none-eabi/lib\libstdc++.a(eh_exception.o)
                0x00000000020080e8                std::bad_exception::~bad_exception()
 .text._ZN10__cxxabiv111__terminateEPFvvE
                0x0000000002008104       0x18 c:/devkitpro/devkitarm/bin/../lib/gcc/arm-none-eabi/12.2.0/../../../../arm-none-eabi/lib\libstdc++.a(eh_terminate.o)
                0x0000000002008104                __cxxabiv1::__terminate(void (*)())
 .text._ZSt9terminatev
                0x000000000200811c       0x14 c:/devkitpro/devkitarm/bin/../lib/gcc/arm-none-eabi/12.2.0/../../../../arm-none-eabi/lib\libstdc++.a(eh_terminate.o)
                0x000000000200811c                std::terminate()
 .text._ZN10__cxxabiv112__unexpectedEPFvvE
                0x0000000002008130       0x10 c:/devkitpro/devkitarm/bin/../lib/gcc/arm-none-eabi/12.2.0/../../../../arm-none-eabi/lib\libstdc++.a(eh_terminate.o)
                0x0000000002008130                __cxxabiv1::__unexpected(void (*)())
 .text._ZSt10unexpectedv
                0x0000000002008140       0x14 c:/devkitpro/devkitarm/bin/../lib/gcc/arm-none-eabi/12.2.0/../../../../arm-none-eabi/lib\libstdc++.a(eh_terminate.o)
                0x0000000002008140                std::unexpected()
 .text._ZSt13get_terminatev
                0x0000000002008154       0x10 c:/devkitpro/devkitarm/bin/../lib/gcc/arm-none-eabi/12.2.0/../../../../arm-none-eabi/lib\libstdc++.a(eh_terminate.o)
                0x0000000002008154                std::get_terminate()
 .text._ZSt14get_unexpectedv
                0x0000000002008164       0x10 c:/devkitpro/devkitarm/bin/../lib/gcc/arm-none-eabi/12.2.0/../../../../arm-none-eabi/lib\libstdc++.a(eh_terminate.o)
                0x0000000002008164                std::get_unexpected()
 .text._ZL23__gxx_exception_cleanup19_Unwind_Reason_CodeP21_Unwind_Control_Block
                0x0000000002008174       0x58 c:/devkitpro/devkitarm/bin/../lib/gcc/arm-none-eabi/12.2.0/../../../../arm-none-eabi/lib\libstdc++.a(eh_throw.o)
 .text.__cxa_init_primary_exception
                0x00000000020081cc       0x74 c:/devkitpro/devkitarm/bin/../lib/gcc/arm-none-eabi/12.2.0/../../../../arm-none-eabi/lib\libstdc++.a(eh_throw.o)
                0x00000000020081cc                __cxa_init_primary_exception
 .text.__cxa_throw
                0x0000000002008240       0x54 c:/devkitpro/devkitarm/bin/../lib/gcc/arm-none-eabi/12.2.0/../../../../arm-none-eabi/lib\libstdc++.a(eh_throw.o)
                0x0000000002008240                __cxa_throw
 .text.__cxa_rethrow
                0x0000000002008294       0xb0 c:/devkitpro/devkitarm/bin/../lib/gcc/arm-none-eabi/12.2.0/../../../../arm-none-eabi/lib\libstdc++.a(eh_throw.o)
                0x0000000002008294                __cxa_rethrow
 .text._ZSt15get_new_handlerv
                0x0000000002008344       0x10 c:/devkitpro/devkitarm/bin/../lib/gcc/arm-none-eabi/12.2.0/../../../../arm-none-eabi/lib\libstdc++.a(new_handler.o)
                0x0000000002008344                std::get_new_handler()
 .text._ZN10__cxxabiv120__si_class_type_infoD2Ev
                0x0000000002008354       0x24 c:/devkitpro/devkitarm/bin/../lib/gcc/arm-none-eabi/12.2.0/../../../../arm-none-eabi/lib\libstdc++.a(si_class_type_info.o)
                0x0000000002008354                __cxxabiv1::__si_class_type_info::~__si_class_type_info()
                0x0000000002008354                __cxxabiv1::__si_class_type_info::~__si_class_type_info()
 .text._ZN10__cxxabiv120__si_class_type_infoD0Ev
                0x0000000002008378       0x30 c:/devkitpro/devkitarm/bin/../lib/gcc/arm-none-eabi/12.2.0/../../../../arm-none-eabi/lib\libstdc++.a(si_class_type_info.o)
                0x0000000002008378                __cxxabiv1::__si_class_type_info::~__si_class_type_info()
 .text._ZNK10__cxxabiv120__si_class_type_info20__do_find_public_srcEiPKvPKNS_17__class_type_infoES2_
                0x00000000020083a8       0x70 c:/devkitpro/devkitarm/bin/../lib/gcc/arm-none-eabi/12.2.0/../../../../arm-none-eabi/lib\libstdc++.a(si_class_type_info.o)
                0x00000000020083a8                __cxxabiv1::__si_class_type_info::__do_find_public_src(int, void const*, __cxxabiv1::__class_type_info const*, void const*) const
 .text._ZNK10__cxxabiv120__si_class_type_info12__do_dyncastEiNS_17__class_type_info10__sub_kindEPKS1_PKvS4_S6_RNS1_16__dyncast_resultE
                0x0000000002008418       0xe4 c:/devkitpro/devkitarm/bin/../lib/gcc/arm-none-eabi/12.2.0/../../../../arm-none-eabi/lib\libstdc++.a(si_class_type_info.o)
                0x0000000002008418                __cxxabiv1::__si_class_type_info::__do_dyncast(int, __cxxabiv1::__class_type_info::__sub_kind, __cxxabiv1::__class_type_info const*, void const*, __cxxabiv1::__class_type_info const*, void const*, __cxxabiv1::__class_type_info::__dyncast_result&) const
 .text._ZNK10__cxxabiv120__si_class_type_info11__do_upcastEPKNS_17__class_type_infoEPKvRNS1_15__upcast_resultE
                0x00000000020084fc       0x4c c:/devkitpro/devkitarm/bin/../lib/gcc/arm-none-eabi/12.2.0/../../../../arm-none-eabi/lib\libstdc++.a(si_class_type_info.o)
                0x00000000020084fc                __cxxabiv1::__si_class_type_info::__do_upcast(__cxxabiv1::__class_type_info const*, void const*, __cxxabiv1::__class_type_info::__upcast_result&) const
 .text._ZNSt9type_infoD2Ev
                0x0000000002008548        0x4 c:/devkitpro/devkitarm/bin/../lib/gcc/arm-none-eabi/12.2.0/../../../../arm-none-eabi/lib\libstdc++.a(tinfo.o)
                0x0000000002008548                std::type_info::~type_info()
                0x0000000002008548                std::type_info::~type_info()
 .text._ZNKSt9type_info14__is_pointer_pEv
                0x000000000200854c        0x8 c:/devkitpro/devkitarm/bin/../lib/gcc/arm-none-eabi/12.2.0/../../../../arm-none-eabi/lib\libstdc++.a(tinfo.o)
                0x000000000200854c                std::type_info::__is_pointer_p() const
                0x000000000200854c                std::type_info::__is_function_p() const
 .text._ZNKSt9type_infoeqERKS_
                0x0000000002008554       0x50 c:/devkitpro/devkitarm/bin/../lib/gcc/arm-none-eabi/12.2.0/../../../../arm-none-eabi/lib\libstdc++.a(tinfo.o)
                0x0000000002008554                std::type_info::operator==(std::type_info const&) const
                0x0000000002008554                std::type_info::__equal(std::type_info const&) const
 .text._ZNK10__cxxabiv117__class_type_info11__do_upcastEPKS0_PPv
                0x00000000020085a4       0x64 c:/devkitpro/devkitarm/bin/../lib/gcc/arm-none-eabi/12.2.0/../../../../arm-none-eabi/lib\libstdc++.a(class_type_info.o)
                0x00000000020085a4                __cxxabiv1::__class_type_info::__do_upcast(__cxxabiv1::__class_type_info const*, void**) const
 .text._ZNK10__cxxabiv117__class_type_info20__do_find_public_srcEiPKvPKS0_S2_
                0x0000000002008608       0x14 c:/devkitpro/devkitarm/bin/../lib/gcc/arm-none-eabi/12.2.0/../../../../arm-none-eabi/lib\libstdc++.a(class_type_info.o)
                0x0000000002008608                __cxxabiv1::__class_type_info::__do_find_public_src(int, void const*, __cxxabiv1::__class_type_info const*, void const*) const
 .text._ZN10__cxxabiv117__class_type_infoD2Ev
                0x000000000200861c       0x24 c:/devkitpro/devkitarm/bin/../lib/gcc/arm-none-eabi/12.2.0/../../../../arm-none-eabi/lib\libstdc++.a(class_type_info.o)
                0x000000000200861c                __cxxabiv1::__class_type_info::~__class_type_info()
                0x000000000200861c                __cxxabiv1::__class_type_info::~__class_type_info()
 .text._ZN10__cxxabiv117__class_type_infoD0Ev
                0x0000000002008640       0x30 c:/devkitpro/devkitarm/bin/../lib/gcc/arm-none-eabi/12.2.0/../../../../arm-none-eabi/lib\libstdc++.a(class_type_info.o)
                0x0000000002008640                __cxxabiv1::__class_type_info::~__class_type_info()
 .text._ZNK10__cxxabiv117__class_type_info12__do_dyncastEiNS0_10__sub_kindEPKS0_PKvS3_S5_RNS0_16__dyncast_resultE
                0x0000000002008670       0x70 c:/devkitpro/devkitarm/bin/../lib/gcc/arm-none-eabi/12.2.0/../../../../arm-none-eabi/lib\libstdc++.a(class_type_info.o)
                0x0000000002008670                __cxxabiv1::__class_type_info::__do_dyncast(int, __cxxabiv1::__class_type_info::__sub_kind, __cxxabiv1::__class_type_info const*, void const*, __cxxabiv1::__class_type_info const*, void const*, __cxxabiv1::__class_type_info::__dyncast_result&) const
 .text._ZNK10__cxxabiv117__class_type_info11__do_upcastEPKS0_PKvRNS0_15__upcast_resultE
                0x00000000020086e0       0x30 c:/devkitpro/devkitarm/bin/../lib/gcc/arm-none-eabi/12.2.0/../../../../arm-none-eabi/lib\libstdc++.a(class_type_info.o)
                0x00000000020086e0                __cxxabiv1::__class_type_info::__do_upcast(__cxxabiv1::__class_type_info const*, void const*, __cxxabiv1::__class_type_info::__upcast_result&) const
 .text._ZNK10__cxxabiv117__class_type_info10__do_catchEPKSt9type_infoPPvj
                0x0000000002008710       0x4c c:/devkitpro/devkitarm/bin/../lib/gcc/arm-none-eabi/12.2.0/../../../../arm-none-eabi/lib\libstdc++.a(class_type_info.o)
                0x0000000002008710                __cxxabiv1::__class_type_info::__do_catch(std::type_info const*, void**, unsigned int) const
 .text.__cxa_begin_catch
                0x000000000200875c       0xd4 c:/devkitpro/devkitarm/bin/../lib/gcc/arm-none-eabi/12.2.0/../../../../arm-none-eabi/lib\libstdc++.a(eh_catch.o)
                0x000000000200875c                __cxa_begin_catch
 .text.__cxa_end_catch
                0x0000000002008830       0xe0 c:/devkitpro/devkitarm/bin/../lib/gcc/arm-none-eabi/12.2.0/../../../../arm-none-eabi/lib\libstdc++.a(eh_catch.o)
                0x0000000002008830                __cxa_end_catch
 .text.__cxa_get_globals_fast
                0x0000000002008910        0xc c:/devkitpro/devkitarm/bin/../lib/gcc/arm-none-eabi/12.2.0/../../../../arm-none-eabi/lib\libstdc++.a(eh_globals.o)
                0x0000000002008910                __cxa_get_globals_fast
 .text.__cxa_get_globals
                0x000000000200891c        0xc c:/devkitpro/devkitarm/bin/../lib/gcc/arm-none-eabi/12.2.0/../../../../arm-none-eabi/lib\libstdc++.a(eh_globals.o)
                0x000000000200891c                __cxa_get_globals
 .text._ZL28read_encoded_value_with_basehjPKhPj
                0x0000000002008928      0x174 c:/devkitpro/devkitarm/bin/../lib/gcc/arm-none-eabi/12.2.0/../../../../arm-none-eabi/lib\libstdc++.a(eh_personality.o)
 .text._ZL21base_of_encoded_valuehP15_Unwind_Context
                0x0000000002008a9c       0x78 c:/devkitpro/devkitarm/bin/../lib/gcc/arm-none-eabi/12.2.0/../../../../arm-none-eabi/lib\libstdc++.a(eh_personality.o)
 .text._ZL17parse_lsda_headerP15_Unwind_ContextPKhP16lsda_header_info
                0x0000000002008b14       0xd8 c:/devkitpro/devkitarm/bin/../lib/gcc/arm-none-eabi/12.2.0/../../../../arm-none-eabi/lib\libstdc++.a(eh_personality.o)
 .text.__gxx_personality_v0
                0x0000000002008bec      0x6f8 c:/devkitpro/devkitarm/bin/../lib/gcc/arm-none-eabi/12.2.0/../../../../arm-none-eabi/lib\libstdc++.a(eh_personality.o)
                0x0000000002008bec                __gxx_personality_v0
 .text.__cxa_end_cleanup
                0x00000000020092e4       0x10 c:/devkitpro/devkitarm/bin/../lib/gcc/arm-none-eabi/12.2.0/../../../../arm-none-eabi/lib\libstdc++.a(eh_arm.o)
                0x00000000020092e4                __cxa_end_cleanup
 .text.__cxa_type_match
                0x00000000020092f4      0x138 c:/devkitpro/devkitarm/bin/../lib/gcc/arm-none-eabi/12.2.0/../../../../arm-none-eabi/lib\libstdc++.a(eh_arm.o)
                0x00000000020092f4                __cxa_type_match
 .text.__cxa_begin_cleanup
                0x000000000200942c       0xbc c:/devkitpro/devkitarm/bin/../lib/gcc/arm-none-eabi/12.2.0/../../../../arm-none-eabi/lib\libstdc++.a(eh_arm.o)
                0x000000000200942c                __cxa_begin_cleanup
 .text.__gnu_end_cleanup
                0x00000000020094e8       0xbc c:/devkitpro/devkitarm/bin/../lib/gcc/arm-none-eabi/12.2.0/../../../../arm-none-eabi/lib\libstdc++.a(eh_arm.o)
                0x00000000020094e8                __gnu_end_cleanup
 .text._ZN10__cxxabiv1L24__is_gxx_exception_classEPc
                0x00000000020095a4       0x70 c:/devkitpro/devkitarm/bin/../lib/gcc/arm-none-eabi/12.2.0/../../../../arm-none-eabi/lib\libstdc++.a(eh_call.o)
 .text.__cxa_call_terminate
                0x0000000002009614       0x2c c:/devkitpro/devkitarm/bin/../lib/gcc/arm-none-eabi/12.2.0/../../../../arm-none-eabi/lib\libstdc++.a(eh_call.o)
                0x0000000002009614                __cxa_call_terminate
 .text.unlikely.__cxa_call_unexpected
                0x0000000002009640      0x138 c:/devkitpro/devkitarm/bin/../lib/gcc/arm-none-eabi/12.2.0/../../../../arm-none-eabi/lib\libstdc++.a(eh_call.o)
                0x0000000002009640                __cxa_call_unexpected
 .text.selfrel_offset31
                0x0000000002009778       0x18 c:/devkitpro/devkitarm/bin/../lib/gcc/arm-none-eabi/12.2.0\libgcc.a(unwind-arm.o)
 .text.search_EIT_table
                0x0000000002009790       0x98 c:/devkitpro/devkitarm/bin/../lib/gcc/arm-none-eabi/12.2.0\libgcc.a(unwind-arm.o)
 .text.__gnu_unwind_get_pr_addr
                0x0000000002009828       0x40 c:/devkitpro/devkitarm/bin/../lib/gcc/arm-none-eabi/12.2.0\libgcc.a(unwind-arm.o)
 .text.get_eit_entry
                0x0000000002009868       0xf8 c:/devkitpro/devkitarm/bin/../lib/gcc/arm-none-eabi/12.2.0\libgcc.a(unwind-arm.o)
 .text.restore_non_core_regs
                0x0000000002009960       0x90 c:/devkitpro/devkitarm/bin/../lib/gcc/arm-none-eabi/12.2.0\libgcc.a(unwind-arm.o)
 .text._Unwind_decode_typeinfo_ptr.constprop.0
                0x00000000020099f0       0x14 c:/devkitpro/devkitarm/bin/../lib/gcc/arm-none-eabi/12.2.0\libgcc.a(unwind-arm.o)
 .text._Unwind_DebugHook
                0x0000000002009a04        0x4 c:/devkitpro/devkitarm/bin/../lib/gcc/arm-none-eabi/12.2.0\libgcc.a(unwind-arm.o)
 .text.unwind_phase2
                0x0000000002009a08       0x68 c:/devkitpro/devkitarm/bin/../lib/gcc/arm-none-eabi/12.2.0\libgcc.a(unwind-arm.o)
 .text.unwind_phase2_forced
                0x0000000002009a70      0x154 c:/devkitpro/devkitarm/bin/../lib/gcc/arm-none-eabi/12.2.0\libgcc.a(unwind-arm.o)
 .text.__gnu_Unwind_RaiseException
                0x0000000002009bc4       0xac c:/devkitpro/devkitarm/bin/../lib/gcc/arm-none-eabi/12.2.0\libgcc.a(unwind-arm.o)
                0x0000000002009bc4                __gnu_Unwind_RaiseException
 .text.__gnu_Unwind_ForcedUnwind
                0x0000000002009c70       0x28 c:/devkitpro/devkitarm/bin/../lib/gcc/arm-none-eabi/12.2.0\libgcc.a(unwind-arm.o)
                0x0000000002009c70                __gnu_Unwind_ForcedUnwind
 .text.__gnu_Unwind_Resume
                0x0000000002009c98       0x78 c:/devkitpro/devkitarm/bin/../lib/gcc/arm-none-eabi/12.2.0\libgcc.a(unwind-arm.o)
                0x0000000002009c98                __gnu_Unwind_Resume
 .text.__gnu_Unwind_Resume_or_Rethrow
                0x0000000002009d10       0x1c c:/devkitpro/devkitarm/bin/../lib/gcc/arm-none-eabi/12.2.0\libgcc.a(unwind-arm.o)
                0x0000000002009d10                __gnu_Unwind_Resume_or_Rethrow
 .text._Unwind_Complete
                0x0000000002009d2c        0x4 c:/devkitpro/devkitarm/bin/../lib/gcc/arm-none-eabi/12.2.0\libgcc.a(unwind-arm.o)
                0x0000000002009d2c                _Unwind_Complete
 .text._Unwind_DeleteException
                0x0000000002009d30       0x18 c:/devkitpro/devkitarm/bin/../lib/gcc/arm-none-eabi/12.2.0\libgcc.a(unwind-arm.o)
                0x0000000002009d30                _Unwind_DeleteException
 .text._Unwind_VRS_Get
                0x0000000002009d48       0x5c c:/devkitpro/devkitarm/bin/../lib/gcc/arm-none-eabi/12.2.0\libgcc.a(unwind-arm.o)
                0x0000000002009d48                _Unwind_VRS_Get
 .text._Unwind_GetGR
                0x0000000002009da4       0x30 c:/devkitpro/devkitarm/bin/../lib/gcc/arm-none-eabi/12.2.0\libgcc.a(unwind-arm.o)
 .text._Unwind_VRS_Set
                0x0000000002009dd4       0x5c c:/devkitpro/devkitarm/bin/../lib/gcc/arm-none-eabi/12.2.0\libgcc.a(unwind-arm.o)
                0x0000000002009dd4                _Unwind_VRS_Set
 .text._Unwind_SetGR
                0x0000000002009e30       0x30 c:/devkitpro/devkitarm/bin/../lib/gcc/arm-none-eabi/12.2.0\libgcc.a(unwind-arm.o)
 .text.__gnu_Unwind_Backtrace
                0x0000000002009e60       0xcc c:/devkitpro/devkitarm/bin/../lib/gcc/arm-none-eabi/12.2.0\libgcc.a(unwind-arm.o)
                0x0000000002009e60                __gnu_Unwind_Backtrace
 .text.__gnu_unwind_pr_common
                0x0000000002009f2c      0x41c c:/devkitpro/devkitarm/bin/../lib/gcc/arm-none-eabi/12.2.0\libgcc.a(unwind-arm.o)
 .text.__aeabi_unwind_cpp_pr0
                0x000000000200a348        0x8 c:/devkitpro/devkitarm/bin/../lib/gcc/arm-none-eabi/12.2.0\libgcc.a(unwind-arm.o)
                0x000000000200a348                __aeabi_unwind_cpp_pr0
 .text.__aeabi_unwind_cpp_pr1
                0x000000000200a350        0x8 c:/devkitpro/devkitarm/bin/../lib/gcc/arm-none-eabi/12.2.0\libgcc.a(unwind-arm.o)
                0x000000000200a350                __aeabi_unwind_cpp_pr1
 .text.__aeabi_unwind_cpp_pr2
                0x000000000200a358        0x8 c:/devkitpro/devkitarm/bin/../lib/gcc/arm-none-eabi/12.2.0\libgcc.a(unwind-arm.o)
                0x000000000200a358                __aeabi_unwind_cpp_pr2
 .text._Unwind_VRS_Pop
                0x000000000200a360      0x3e4 c:/devkitpro/devkitarm/bin/../lib/gcc/arm-none-eabi/12.2.0\libgcc.a(unwind-arm.o)
                0x000000000200a360                _Unwind_VRS_Pop
 .text.next_unwind_byte
                0x000000000200a744       0x60 c:/devkitpro/devkitarm/bin/../lib/gcc/arm-none-eabi/12.2.0\libgcc.a(pr-support.o)
 .text._Unwind_GetGR.constprop.0
                0x000000000200a7a4       0x30 c:/devkitpro/devkitarm/bin/../lib/gcc/arm-none-eabi/12.2.0\libgcc.a(pr-support.o)
 .text.unwind_UCB_from_context
                0x000000000200a7d4        0x4 c:/devkitpro/devkitarm/bin/../lib/gcc/arm-none-eabi/12.2.0\libgcc.a(pr-support.o)
 .text.__gnu_unwind_execute
                0x000000000200a7d8      0x424 c:/devkitpro/devkitarm/bin/../lib/gcc/arm-none-eabi/12.2.0\libgcc.a(pr-support.o)
                0x000000000200a7d8                __gnu_unwind_execute
 .text.__gnu_unwind_frame
                0x000000000200abfc       0x4c c:/devkitpro/devkitarm/bin/../lib/gcc/arm-none-eabi/12.2.0\libgcc.a(pr-support.o)
                0x000000000200abfc                __gnu_unwind_frame
 .text._Unwind_GetRegionStart
                0x000000000200ac48       0x14 c:/devkitpro/devkitarm/bin/../lib/gcc/arm-none-eabi/12.2.0\libgcc.a(pr-support.o)
                0x000000000200ac48                _Unwind_GetRegionStart
 .text._Unwind_GetLanguageSpecificData
                0x000000000200ac5c       0x20 c:/devkitpro/devkitarm/bin/../lib/gcc/arm-none-eabi/12.2.0\libgcc.a(pr-support.o)
                0x000000000200ac5c                _Unwind_GetLanguageSpecificData
 .text.unlikely._Unwind_GetDataRelBase
                0x000000000200ac7c        0x8 c:/devkitpro/devkitarm/bin/../lib/gcc/arm-none-eabi/12.2.0\libgcc.a(pr-support.o)
                0x000000000200ac7c                _Unwind_GetDataRelBase
 .text.unlikely._Unwind_GetTextRelBase
                0x000000000200ac84        0x8 c:/devkitpro/devkitarm/bin/../lib/gcc/arm-none-eabi/12.2.0\libgcc.a(pr-support.o)
                0x000000000200ac84                _Unwind_GetTextRelBase
 .text.abort    0x000000000200ac8c       0x14 c:/devkitpro/devkitarm/bin/../lib/gcc/arm-none-eabi/12.2.0/../../../../arm-none-eabi/lib\libg.a(lib_a-abort.o)
                0x000000000200ac8c                abort
 .text.calloc   0x000000000200aca0       0x24 c:/devkitpro/devkitarm/bin/../lib/gcc/arm-none-eabi/12.2.0/../../../../arm-none-eabi/lib\libg.a(lib_a-calloc.o)
                0x000000000200aca0                calloc
 .text._calloc_r
                0x000000000200acc4       0xd0 c:/devkitpro/devkitarm/bin/../lib/gcc/arm-none-eabi/12.2.0/../../../../arm-none-eabi/lib\libg.a(lib_a-callocr.o)
                0x000000000200acc4                _calloc_r
 .text.__errno  0x000000000200ad94       0x10 c:/devkitpro/devkitarm/bin/../lib/gcc/arm-none-eabi/12.2.0/../../../../arm-none-eabi/lib\libg.a(lib_a-errno.o)
                0x000000000200ad94                __errno
 .text.__libc_init_array
                0x000000000200ada4       0x90 c:/devkitpro/devkitarm/bin/../lib/gcc/arm-none-eabi/12.2.0/../../../../arm-none-eabi/lib\libg.a(lib_a-init.o)
                0x000000000200ada4                __libc_init_array
 .text.iprintf  0x000000000200ae34       0x34 c:/devkitpro/devkitarm/bin/../lib/gcc/arm-none-eabi/12.2.0/../../../../arm-none-eabi/lib\libg.a(lib_a-iprintf.o)
                0x000000000200ae34                iprintf
 .text.malloc   0x000000000200ae68       0x1c c:/devkitpro/devkitarm/bin/../lib/gcc/arm-none-eabi/12.2.0/../../../../arm-none-eabi/lib\libg.a(lib_a-malloc.o)
                0x000000000200ae68                malloc
 .text.free     0x000000000200ae84       0x1c c:/devkitpro/devkitarm/bin/../lib/gcc/arm-none-eabi/12.2.0/../../../../arm-none-eabi/lib\libg.a(lib_a-malloc.o)
                0x000000000200ae84                free
 .text._malloc_r
                0x000000000200aea0      0x7f0 c:/devkitpro/devkitarm/bin/../lib/gcc/arm-none-eabi/12.2.0/../../../../arm-none-eabi/lib\libg.a(lib_a-mallocr.o)
                0x000000000200aea0                _malloc_r
 .text.memcpy   0x000000000200b690      0x114 c:/devkitpro/devkitarm/bin/../lib/gcc/arm-none-eabi/12.2.0/../../../../arm-none-eabi/lib\libg.a(lib_a-memcpy-stub.o)
                0x000000000200b690                memcpy
 .text.memset   0x000000000200b7a4       0xfc c:/devkitpro/devkitarm/bin/../lib/gcc/arm-none-eabi/12.2.0/../../../../arm-none-eabi/lib\libg.a(lib_a-memset.o)
                0x000000000200b7a4                memset
 .text.__malloc_lock
                0x000000000200b8a0       0x18 c:/devkitpro/devkitarm/bin/../lib/gcc/arm-none-eabi/12.2.0/../../../../arm-none-eabi/lib\libg.a(lib_a-mlock.o)
                0x000000000200b8a0                __malloc_lock
 .text.__malloc_unlock
                0x000000000200b8b8       0x18 c:/devkitpro/devkitarm/bin/../lib/gcc/arm-none-eabi/12.2.0/../../../../arm-none-eabi/lib\libg.a(lib_a-mlock.o)
                0x000000000200b8b8                __malloc_unlock
 .text.printf   0x000000000200b8d0       0x34 c:/devkitpro/devkitarm/bin/../lib/gcc/arm-none-eabi/12.2.0/../../../../arm-none-eabi/lib\libg.a(lib_a-printf.o)
                0x000000000200b8d0                printf
 .text._puts_r  0x000000000200b904       0xe8 c:/devkitpro/devkitarm/bin/../lib/gcc/arm-none-eabi/12.2.0/../../../../arm-none-eabi/lib\libg.a(lib_a-puts.o)
                0x000000000200b904                _puts_r
 .text.puts     0x000000000200b9ec       0x18 c:/devkitpro/devkitarm/bin/../lib/gcc/arm-none-eabi/12.2.0/../../../../arm-none-eabi/lib\libg.a(lib_a-puts.o)
                0x000000000200b9ec                puts
 .text.rand     0x000000000200ba04       0x48 c:/devkitpro/devkitarm/bin/../lib/gcc/arm-none-eabi/12.2.0/../../../../arm-none-eabi/lib\libg.a(lib_a-rand.o)
                0x000000000200ba04                rand
 .text.realloc  0x000000000200ba4c       0x24 c:/devkitpro/devkitarm/bin/../lib/gcc/arm-none-eabi/12.2.0/../../../../arm-none-eabi/lib\libg.a(lib_a-realloc.o)
                0x000000000200ba4c                realloc
 .text._realloc_r
                0x000000000200ba70      0x4b8 c:/devkitpro/devkitarm/bin/../lib/gcc/arm-none-eabi/12.2.0/../../../../arm-none-eabi/lib\libg.a(lib_a-reallocr.o)
                0x000000000200ba70                _realloc_r
 .text.setvbuf  0x000000000200bf28      0x25c c:/devkitpro/devkitarm/bin/../lib/gcc/arm-none-eabi/12.2.0/../../../../arm-none-eabi/lib\libg.a(lib_a-setvbuf.o)
                0x000000000200bf28                setvbuf
 .text._raise_r
                0x000000000200c184       0x94 c:/devkitpro/devkitarm/bin/../lib/gcc/arm-none-eabi/12.2.0/../../../../arm-none-eabi/lib\libg.a(lib_a-signal.o)
                0x000000000200c184                _raise_r
 .text.raise    0x000000000200c218       0x18 c:/devkitpro/devkitarm/bin/../lib/gcc/arm-none-eabi/12.2.0/../../../../arm-none-eabi/lib\libg.a(lib_a-signal.o)
                0x000000000200c218                raise
 .text.siscanf  0x000000000200c230       0x74 c:/devkitpro/devkitarm/bin/../lib/gcc/arm-none-eabi/12.2.0/../../../../arm-none-eabi/lib\libg.a(lib_a-siscanf.o)
                0x000000000200c230                siscanf
 .text.__sread  0x000000000200c2a4       0x4c c:/devkitpro/devkitarm/bin/../lib/gcc/arm-none-eabi/12.2.0/../../../../arm-none-eabi/lib\libg.a(lib_a-stdio.o)
                0x000000000200c2a4                __sread
 .text.__seofread
                0x000000000200c2f0        0x8 c:/devkitpro/devkitarm/bin/../lib/gcc/arm-none-eabi/12.2.0/../../../../arm-none-eabi/lib\libg.a(lib_a-stdio.o)
                0x000000000200c2f0                __seofread
 .text.__swrite
                0x000000000200c2f8       0x6c c:/devkitpro/devkitarm/bin/../lib/gcc/arm-none-eabi/12.2.0/../../../../arm-none-eabi/lib\libg.a(lib_a-stdio.o)
                0x000000000200c2f8                __swrite
 .text.__sseek  0x000000000200c364       0x48 c:/devkitpro/devkitarm/bin/../lib/gcc/arm-none-eabi/12.2.0/../../../../arm-none-eabi/lib\libg.a(lib_a-stdio.o)
                0x000000000200c364                __sseek
 .text.__sclose
                0x000000000200c3ac       0x14 c:/devkitpro/devkitarm/bin/../lib/gcc/arm-none-eabi/12.2.0/../../../../arm-none-eabi/lib\libg.a(lib_a-stdio.o)
                0x000000000200c3ac                __sclose
 .text.strlen   0x000000000200c3c0       0x60 c:/devkitpro/devkitarm/bin/../lib/gcc/arm-none-eabi/12.2.0/../../../../arm-none-eabi/lib\libg.a(lib_a-strlen-stub.o)
                0x000000000200c3c0                strlen
 .text.get_arg  0x000000000200c420       0x54 c:/devkitpro/devkitarm/bin/../lib/gcc/arm-none-eabi/12.2.0/../../../../arm-none-eabi/lib\libg.a(lib_a-svfiscanf.o)
 .text._sungetc_r
                0x000000000200c474       0xdc c:/devkitpro/devkitarm/bin/../lib/gcc/arm-none-eabi/12.2.0/../../../../arm-none-eabi/lib\libg.a(lib_a-svfiscanf.o)
                0x000000000200c474                _sungetc_r
 .text.__ssrefill_r
                0x000000000200c550       0x68 c:/devkitpro/devkitarm/bin/../lib/gcc/arm-none-eabi/12.2.0/../../../../arm-none-eabi/lib\libg.a(lib_a-svfiscanf.o)
                0x000000000200c550                __ssrefill_r
 .text._sfread_r
                0x000000000200c5b8       0xc8 c:/devkitpro/devkitarm/bin/../lib/gcc/arm-none-eabi/12.2.0/../../../../arm-none-eabi/lib\libg.a(lib_a-svfiscanf.o)
                0x000000000200c5b8                _sfread_r
 .text.__ssvfiscanf_r
                0x000000000200c680     0x2338 c:/devkitpro/devkitarm/bin/../lib/gcc/arm-none-eabi/12.2.0/../../../../arm-none-eabi/lib\libg.a(lib_a-svfiscanf.o)
                0x000000000200c680                __ssvfiscanf_r
 .text.__submore
                0x000000000200e9b8       0xa8 c:/devkitpro/devkitarm/bin/../lib/gcc/arm-none-eabi/12.2.0/../../../../arm-none-eabi/lib\libg.a(lib_a-ungetc.o)
                0x000000000200e9b8                __submore
 .text.get_arg  0x000000000200ea60      0x674 c:/devkitpro/devkitarm/bin/../lib/gcc/arm-none-eabi/12.2.0/../../../../arm-none-eabi/lib\libg.a(lib_a-vfiprintf.o)
 .text.__sprint_r
                0x000000000200f0d4       0x34 c:/devkitpro/devkitarm/bin/../lib/gcc/arm-none-eabi/12.2.0/../../../../arm-none-eabi/lib\libg.a(lib_a-vfiprintf.o)
                0x000000000200f0d4                __sprint_r
 .text._vfiprintf_r
                0x000000000200f108     0x2320 c:/devkitpro/devkitarm/bin/../lib/gcc/arm-none-eabi/12.2.0/../../../../arm-none-eabi/lib\libg.a(lib_a-vfiprintf.o)
                0x000000000200f108                _vfiprintf_r
 .text.__sbprintf
                0x0000000002011428       0xd4 c:/devkitpro/devkitarm/bin/../lib/gcc/arm-none-eabi/12.2.0/../../../../arm-none-eabi/lib\libg.a(lib_a-vfiprintf.o)
 .text.get_arg  0x00000000020114fc      0x674 c:/devkitpro/devkitarm/bin/../lib/gcc/arm-none-eabi/12.2.0/../../../../arm-none-eabi/lib\libg.a(lib_a-vfprintf.o)
 .text._vfprintf_r
                0x0000000002011b70     0x370c c:/devkitpro/devkitarm/bin/../lib/gcc/arm-none-eabi/12.2.0/../../../../arm-none-eabi/lib\libg.a(lib_a-vfprintf.o)
                0x0000000002011b70                _vfprintf_r
 .text.__sbprintf
                0x000000000201527c       0xd4 c:/devkitpro/devkitarm/bin/../lib/gcc/arm-none-eabi/12.2.0/../../../../arm-none-eabi/lib\libg.a(lib_a-vfprintf.o)
 .text._wcrtomb_r
                0x0000000002015350       0x5c c:/devkitpro/devkitarm/bin/../lib/gcc/arm-none-eabi/12.2.0/../../../../arm-none-eabi/lib\libg.a(lib_a-wcrtomb.o)
                0x0000000002015350                _wcrtomb_r
 .text._wcsrtombs_r
                0x00000000020153ac       0x2c c:/devkitpro/devkitarm/bin/../lib/gcc/arm-none-eabi/12.2.0/../../../../arm-none-eabi/lib\libg.a(lib_a-wcsrtombs.o)
                0x00000000020153ac                _wcsrtombs_r
 .text.__swsetup_r
                0x00000000020153d8      0x148 c:/devkitpro/devkitarm/bin/../lib/gcc/arm-none-eabi/12.2.0/../../../../arm-none-eabi/lib\libg.a(lib_a-wsetup.o)
                0x00000000020153d8                __swsetup_r
 .text.quorem   0x0000000002015520      0x1d0 c:/devkitpro/devkitarm/bin/../lib/gcc/arm-none-eabi/12.2.0/../../../../arm-none-eabi/lib\libg.a(lib_a-dtoa.o)
 .text._dtoa_r  0x00000000020156f0     0x1658 c:/devkitpro/devkitarm/bin/../lib/gcc/arm-none-eabi/12.2.0/../../../../arm-none-eabi/lib\libg.a(lib_a-dtoa.o)
                0x00000000020156f0                _dtoa_r
 .text.__sflush_r
                0x0000000002016d48      0x250 c:/devkitpro/devkitarm/bin/../lib/gcc/arm-none-eabi/12.2.0/../../../../arm-none-eabi/lib\libg.a(lib_a-fflush.o)
                0x0000000002016d48                __sflush_r
 .text._fflush_r
                0x0000000002016f98       0x9c c:/devkitpro/devkitarm/bin/../lib/gcc/arm-none-eabi/12.2.0/../../../../arm-none-eabi/lib\libg.a(lib_a-fflush.o)
                0x0000000002016f98                _fflush_r
 .text._cleanup_r
                0x0000000002017034       0x18 c:/devkitpro/devkitarm/bin/../lib/gcc/arm-none-eabi/12.2.0/../../../../arm-none-eabi/lib\libg.a(lib_a-findfp.o)
                0x0000000002017034                _cleanup_r
 .text.__sinit  0x000000000201704c      0x18c c:/devkitpro/devkitarm/bin/../lib/gcc/arm-none-eabi/12.2.0/../../../../arm-none-eabi/lib\libg.a(lib_a-findfp.o)
                0x000000000201704c                __sinit
 .text.__sfp_lock_acquire
                0x00000000020171d8       0x18 c:/devkitpro/devkitarm/bin/../lib/gcc/arm-none-eabi/12.2.0/../../../../arm-none-eabi/lib\libg.a(lib_a-findfp.o)
                0x00000000020171d8                __sfp_lock_acquire
 .text.__sfp_lock_release
                0x00000000020171f0       0x18 c:/devkitpro/devkitarm/bin/../lib/gcc/arm-none-eabi/12.2.0/../../../../arm-none-eabi/lib\libg.a(lib_a-findfp.o)
                0x00000000020171f0                __sfp_lock_release
 .text._malloc_trim_r
                0x0000000002017208      0x100 c:/devkitpro/devkitarm/bin/../lib/gcc/arm-none-eabi/12.2.0/../../../../arm-none-eabi/lib\libg.a(lib_a-freer.o)
                0x0000000002017208                _malloc_trim_r
 .text._free_r  0x0000000002017308      0x2e8 c:/devkitpro/devkitarm/bin/../lib/gcc/arm-none-eabi/12.2.0/../../../../arm-none-eabi/lib\libg.a(lib_a-freer.o)
                0x0000000002017308                _free_r
 .text.__sfvwrite_r
                0x00000000020175f0      0x4c8 c:/devkitpro/devkitarm/bin/../lib/gcc/arm-none-eabi/12.2.0/../../../../arm-none-eabi/lib\libg.a(lib_a-fvwrite.o)
                0x00000000020175f0                __sfvwrite_r
 .text._fwalk_reent
                0x0000000002017ab8       0x78 c:/devkitpro/devkitarm/bin/../lib/gcc/arm-none-eabi/12.2.0/../../../../arm-none-eabi/lib\libg.a(lib_a-fwalk.o)
                0x0000000002017ab8                _fwalk_reent
 .text.iswspace
                0x0000000002017b30       0x14 c:/devkitpro/devkitarm/bin/../lib/gcc/arm-none-eabi/12.2.0/../../../../arm-none-eabi/lib\libg.a(lib_a-iswspace.o)
                0x0000000002017b30                iswspace
 .text._localeconv_r
                0x0000000002017b44        0xc c:/devkitpro/devkitarm/bin/../lib/gcc/arm-none-eabi/12.2.0/../../../../arm-none-eabi/lib\libg.a(lib_a-localeconv.o)
                0x0000000002017b44                _localeconv_r
 .text.__locale_mb_cur_max
                0x0000000002017b50       0x10 c:/devkitpro/devkitarm/bin/../lib/gcc/arm-none-eabi/12.2.0/../../../../arm-none-eabi/lib\libg.a(lib_a-locale.o)
                0x0000000002017b50                __locale_mb_cur_max
 .text.__smakebuf_r
                0x0000000002017b60      0x144 c:/devkitpro/devkitarm/bin/../lib/gcc/arm-none-eabi/12.2.0/../../../../arm-none-eabi/lib\libg.a(lib_a-makebuf.o)
                0x0000000002017b60                __smakebuf_r
 .text.__swhatbuf_r
                0x0000000002017ca4       0x80 c:/devkitpro/devkitarm/bin/../lib/gcc/arm-none-eabi/12.2.0/../../../../arm-none-eabi/lib\libg.a(lib_a-makebuf.o)
                0x0000000002017ca4                __swhatbuf_r
 .text._mbrtowc_r
                0x0000000002017d24       0x70 c:/devkitpro/devkitarm/bin/../lib/gcc/arm-none-eabi/12.2.0/../../../../arm-none-eabi/lib\libg.a(lib_a-mbrtowc.o)
                0x0000000002017d24                _mbrtowc_r
 .text.__utf8_mbtowc
                0x0000000002017d94      0x308 c:/devkitpro/devkitarm/bin/../lib/gcc/arm-none-eabi/12.2.0/../../../../arm-none-eabi/lib\libg.a(lib_a-mbtowc_r.o)
                0x0000000002017d94                __utf8_mbtowc
 .text.memchr   0x000000000201809c       0xf4 c:/devkitpro/devkitarm/bin/../lib/gcc/arm-none-eabi/12.2.0/../../../../arm-none-eabi/lib\libg.a(lib_a-memchr-stub.o)
                0x000000000201809c                memchr
 .text.memmove  0x0000000002018190      0x154 c:/devkitpro/devkitarm/bin/../lib/gcc/arm-none-eabi/12.2.0/../../../../arm-none-eabi/lib\libg.a(lib_a-memmove.o)
                0x0000000002018190                memmove
 .text._Balloc  0x00000000020182e4       0x8c c:/devkitpro/devkitarm/bin/../lib/gcc/arm-none-eabi/12.2.0/../../../../arm-none-eabi/lib\libg.a(lib_a-mprec.o)
                0x00000000020182e4                _Balloc
 .text._Bfree   0x0000000002018370       0x1c c:/devkitpro/devkitarm/bin/../lib/gcc/arm-none-eabi/12.2.0/../../../../arm-none-eabi/lib\libg.a(lib_a-mprec.o)
                0x0000000002018370                _Bfree
 .text.__multadd
                0x000000000201838c      0x100 c:/devkitpro/devkitarm/bin/../lib/gcc/arm-none-eabi/12.2.0/../../../../arm-none-eabi/lib\libg.a(lib_a-mprec.o)
                0x000000000201838c                __multadd
 .text.__hi0bits
                0x000000000201848c       0x60 c:/devkitpro/devkitarm/bin/../lib/gcc/arm-none-eabi/12.2.0/../../../../arm-none-eabi/lib\libg.a(lib_a-mprec.o)
                0x000000000201848c                __hi0bits
 .text.__lo0bits
                0x00000000020184ec       0xa0 c:/devkitpro/devkitarm/bin/../lib/gcc/arm-none-eabi/12.2.0/../../../../arm-none-eabi/lib\libg.a(lib_a-mprec.o)
                0x00000000020184ec                __lo0bits
 .text.__i2b    0x000000000201858c       0xa8 c:/devkitpro/devkitarm/bin/../lib/gcc/arm-none-eabi/12.2.0/../../../../arm-none-eabi/lib\libg.a(lib_a-mprec.o)
                0x000000000201858c                __i2b
 .text.__multiply
                0x0000000002018634      0x218 c:/devkitpro/devkitarm/bin/../lib/gcc/arm-none-eabi/12.2.0/../../../../arm-none-eabi/lib\libg.a(lib_a-mprec.o)
                0x0000000002018634                __multiply
 .text.__pow5mult
                0x000000000201884c      0x128 c:/devkitpro/devkitarm/bin/../lib/gcc/arm-none-eabi/12.2.0/../../../../arm-none-eabi/lib\libg.a(lib_a-mprec.o)
                0x000000000201884c                __pow5mult
 .text.__lshift
                0x0000000002018974      0x144 c:/devkitpro/devkitarm/bin/../lib/gcc/arm-none-eabi/12.2.0/../../../../arm-none-eabi/lib\libg.a(lib_a-mprec.o)
                0x0000000002018974                __lshift
 .text.__mcmp   0x0000000002018ab8       0x54 c:/devkitpro/devkitarm/bin/../lib/gcc/arm-none-eabi/12.2.0/../../../../arm-none-eabi/lib\libg.a(lib_a-mprec.o)
                0x0000000002018ab8                __mcmp
 .text.__mdiff  0x0000000002018b0c      0x204 c:/devkitpro/devkitarm/bin/../lib/gcc/arm-none-eabi/12.2.0/../../../../arm-none-eabi/lib\libg.a(lib_a-mprec.o)
                0x0000000002018b0c                __mdiff
 .text.__d2b    0x0000000002018d10      0x128 c:/devkitpro/devkitarm/bin/../lib/gcc/arm-none-eabi/12.2.0/../../../../arm-none-eabi/lib\libg.a(lib_a-mprec.o)
                0x0000000002018d10                __d2b
 .text.__sccl   0x0000000002018e38       0xe4 c:/devkitpro/devkitarm/bin/../lib/gcc/arm-none-eabi/12.2.0/../../../../arm-none-eabi/lib\libg.a(lib_a-sccl.o)
                0x0000000002018e38                __sccl
 .text.frexp    0x0000000002018f1c       0xa4 c:/devkitpro/devkitarm/bin/../lib/gcc/arm-none-eabi/12.2.0/../../../../arm-none-eabi/lib\libg.a(lib_a-s_frexp.o)
                0x0000000002018f1c                frexp
 .text.strncpy  0x0000000002018fc0       0xd0 c:/devkitpro/devkitarm/bin/../lib/gcc/arm-none-eabi/12.2.0/../../../../arm-none-eabi/lib\libg.a(lib_a-strncpy.o)
                0x0000000002018fc0                strncpy
 .text._strtoll_l.constprop.0
                0x0000000002019090      0x234 c:/devkitpro/devkitarm/bin/../lib/gcc/arm-none-eabi/12.2.0/../../../../arm-none-eabi/lib\libg.a(lib_a-strtoll.o)
 .text._strtoll_r
                0x00000000020192c4        0x4 c:/devkitpro/devkitarm/bin/../lib/gcc/arm-none-eabi/12.2.0/../../../../arm-none-eabi/lib\libg.a(lib_a-strtoll.o)
                0x00000000020192c4                _strtoll_r
 .text._strtol_l.part.0
                0x00000000020192c8      0x1a8 c:/devkitpro/devkitarm/bin/../lib/gcc/arm-none-eabi/12.2.0/../../../../arm-none-eabi/lib\libg.a(lib_a-strtol.o)
 .text._strtol_r
                0x0000000002019470       0x3c c:/devkitpro/devkitarm/bin/../lib/gcc/arm-none-eabi/12.2.0/../../../../arm-none-eabi/lib\libg.a(lib_a-strtol.o)
                0x0000000002019470                _strtol_r
 .text._strtoull_l.constprop.0
                0x00000000020194ac      0x248 c:/devkitpro/devkitarm/bin/../lib/gcc/arm-none-eabi/12.2.0/../../../../arm-none-eabi/lib\libg.a(lib_a-strtoull.o)
 .text._strtoull_r
                0x00000000020196f4        0x4 c:/devkitpro/devkitarm/bin/../lib/gcc/arm-none-eabi/12.2.0/../../../../arm-none-eabi/lib\libg.a(lib_a-strtoull.o)
                0x00000000020196f4                _strtoull_r
 .text._strtoul_l.constprop.0
                0x00000000020196f8      0x1c8 c:/devkitpro/devkitarm/bin/../lib/gcc/arm-none-eabi/12.2.0/../../../../arm-none-eabi/lib\libg.a(lib_a-strtoul.o)
 .text._strtoul_r
                0x00000000020198c0        0x4 c:/devkitpro/devkitarm/bin/../lib/gcc/arm-none-eabi/12.2.0/../../../../arm-none-eabi/lib\libg.a(lib_a-strtoul.o)
                0x00000000020198c0                _strtoul_r
 .text._wcsnrtombs_l
                0x00000000020198c4      0x198 c:/devkitpro/devkitarm/bin/../lib/gcc/arm-none-eabi/12.2.0/../../../../arm-none-eabi/lib\libg.a(lib_a-wcsnrtombs.o)
                0x00000000020198c4                _wcsnrtombs_l
 .text._wcsnrtombs_r
                0x0000000002019a5c       0x50 c:/devkitpro/devkitarm/bin/../lib/gcc/arm-none-eabi/12.2.0/../../../../arm-none-eabi/lib\libg.a(lib_a-wcsnrtombs.o)
                0x0000000002019a5c                _wcsnrtombs_r
 .text.__utf8_wctomb
                0x0000000002019aac       0xf4 c:/devkitpro/devkitarm/bin/../lib/gcc/arm-none-eabi/12.2.0/../../../../arm-none-eabi/lib\libg.a(lib_a-wctomb_r.o)
                0x0000000002019aac                __utf8_wctomb
 .text.__assert_func
                0x0000000002019ba0       0x5c c:/devkitpro/devkitarm/bin/../lib/gcc/arm-none-eabi/12.2.0/../../../../arm-none-eabi/lib\libg.a(lib_a-assert.o)
                0x0000000002019ba0                __assert_func
 .text._fclose_r
                0x0000000002019bfc      0x164 c:/devkitpro/devkitarm/bin/../lib/gcc/arm-none-eabi/12.2.0/../../../../arm-none-eabi/lib\libg.a(lib_a-fclose.o)
                0x0000000002019bfc                _fclose_r
 .text.fiprintf
                0x0000000002019d60       0x3c c:/devkitpro/devkitarm/bin/../lib/gcc/arm-none-eabi/12.2.0/../../../../arm-none-eabi/lib\libg.a(lib_a-fiprintf.o)
                0x0000000002019d60                fiprintf
 .text.iswspace_l
                0x0000000002019d9c       0x44 c:/devkitpro/devkitarm/bin/../lib/gcc/arm-none-eabi/12.2.0/../../../../arm-none-eabi/lib\libg.a(lib_a-iswspace_l.o)
                0x0000000002019d9c                iswspace_l
 .text.__jp2uc  0x0000000002019de0      0x1e8 c:/devkitpro/devkitarm/bin/../lib/gcc/arm-none-eabi/12.2.0/../../../../arm-none-eabi/lib\libg.a(lib_a-jp2uc.o)
 .text._jp2uc_l
                0x0000000002019fc8       0x94 c:/devkitpro/devkitarm/bin/../lib/gcc/arm-none-eabi/12.2.0/../../../../arm-none-eabi/lib\libg.a(lib_a-jp2uc.o)
                0x0000000002019fc8                _jp2uc_l
 .text.category
                0x000000000201a05c       0x94 c:/devkitpro/devkitarm/bin/../lib/gcc/arm-none-eabi/12.2.0/../../../../arm-none-eabi/lib\libg.a(lib_a-categories.o)
                0x000000000201a05c                category
 .text.null_write
                0x000000000201a0f0        0x8 c:/devkitpro/devkitarm/bin/../lib/gcc/arm-none-eabi/12.2.0/../../../../arm-none-eabi/lib\libsysbase.a(iosupport.o)
 .text._fstat_r
                0x000000000201a0f8       0x7c c:/devkitpro/devkitarm/bin/../lib/gcc/arm-none-eabi/12.2.0/../../../../arm-none-eabi/lib\libsysbase.a(fstat.o)
                0x000000000201a0f8                _fstat_r
 .text._getpid_r
                0x000000000201a174       0x14 c:/devkitpro/devkitarm/bin/../lib/gcc/arm-none-eabi/12.2.0/../../../../arm-none-eabi/lib\libsysbase.a(getpid.o)
                0x000000000201a174                _getpid_r
 .text._isatty_r
                0x000000000201a188        0x8 c:/devkitpro/devkitarm/bin/../lib/gcc/arm-none-eabi/12.2.0/../../../../arm-none-eabi/lib\libsysbase.a(isatty.o)
                0x000000000201a188                _isatty_r
 .text._kill_r  0x000000000201a190       0x14 c:/devkitpro/devkitarm/bin/../lib/gcc/arm-none-eabi/12.2.0/../../../../arm-none-eabi/lib\libsysbase.a(kill.o)
                0x000000000201a190                _kill_r
 .text._lseek_r
                0x000000000201a1a4       0x88 c:/devkitpro/devkitarm/bin/../lib/gcc/arm-none-eabi/12.2.0/../../../../arm-none-eabi/lib\libsysbase.a(lseek.o)
                0x000000000201a1a4                _lseek_r
 .text._read_r  0x000000000201a22c       0x84 c:/devkitpro/devkitarm/bin/../lib/gcc/arm-none-eabi/12.2.0/../../../../arm-none-eabi/lib\libsysbase.a(read.o)
                0x000000000201a22c                _read_r
 .text._sbrk_r  0x000000000201a2b0       0x7c c:/devkitpro/devkitarm/bin/../lib/gcc/arm-none-eabi/12.2.0/../../../../arm-none-eabi/lib\libsysbase.a(sbrk.o)
                0x000000000201a2b0                _sbrk_r
 .text._write_r
                0x000000000201a32c       0x84 c:/devkitpro/devkitarm/bin/../lib/gcc/arm-none-eabi/12.2.0/../../../../arm-none-eabi/lib\libsysbase.a(write.o)
                0x000000000201a32c                _write_r
 .text._exit    0x000000000201a3b0       0x20 c:/devkitpro/devkitarm/bin/../lib/gcc/arm-none-eabi/12.2.0/../../../../arm-none-eabi/lib\libsysbase.a(_exit.o)
                0x000000000201a3b0                _exit
 .text.build_argv
                0x000000000201a3d0       0x80 c:/devkitpro/devkitarm/bin/../lib/gcc/arm-none-eabi/12.2.0/../../../../arm-none-eabi/lib\libsysbase.a(build_argv.o)
                0x000000000201a3d0                build_argv
 .text.__flockfile
                0x000000000201a450       0x14 c:/devkitpro/devkitarm/bin/../lib/gcc/arm-none-eabi/12.2.0/../../../../arm-none-eabi/lib\libsysbase.a(flock.o)
                0x000000000201a450                __flockfile
 .text.__funlockfile
                0x000000000201a464       0x14 c:/devkitpro/devkitarm/bin/../lib/gcc/arm-none-eabi/12.2.0/../../../../arm-none-eabi/lib\libsysbase.a(flock.o)
                0x000000000201a464                __funlockfile
 .text.__get_handle
                0x000000000201a478       0x40 c:/devkitpro/devkitarm/bin/../lib/gcc/arm-none-eabi/12.2.0/../../../../arm-none-eabi/lib\libsysbase.a(handle_manager.o)
                0x000000000201a478                __get_handle
 .text._close_r
                0x000000000201a4b8       0xfc c:/devkitpro/devkitarm/bin/../lib/gcc/arm-none-eabi/12.2.0/../../../../arm-none-eabi/lib\libsysbase.a(handle_manager.o)
                0x000000000201a4b8                _close_r
 .text.__getreent
                0x000000000201a5b4       0x30 c:/devkitpro/devkitarm/bin/../lib/gcc/arm-none-eabi/12.2.0/../../../../arm-none-eabi/lib\libsysbase.a(getreent.o)
                0x000000000201a5b4                __getreent
 .text.__libc_lock_acquire
                0x000000000201a5e4       0x20 c:/devkitpro/devkitarm/bin/../lib/gcc/arm-none-eabi/12.2.0/../../../../arm-none-eabi/lib\libsysbase.a(syscall_support.o)
                0x000000000201a5e4                __libc_lock_acquire
 .text.__libc_lock_release
                0x000000000201a604       0x20 c:/devkitpro/devkitarm/bin/../lib/gcc/arm-none-eabi/12.2.0/../../../../arm-none-eabi/lib\libsysbase.a(syscall_support.o)
                0x000000000201a604                __libc_lock_release
 .text.__libc_lock_init_recursive
                0x000000000201a624       0x20 c:/devkitpro/devkitarm/bin/../lib/gcc/arm-none-eabi/12.2.0/../../../../arm-none-eabi/lib\libsysbase.a(syscall_support.o)
                0x000000000201a624                __libc_lock_init_recursive
 .text.__libc_lock_acquire_recursive
                0x000000000201a644       0x20 c:/devkitpro/devkitarm/bin/../lib/gcc/arm-none-eabi/12.2.0/../../../../arm-none-eabi/lib\libsysbase.a(syscall_support.o)
                0x000000000201a644                __libc_lock_acquire_recursive
 .text.__libc_lock_release_recursive
                0x000000000201a664       0x20 c:/devkitpro/devkitarm/bin/../lib/gcc/arm-none-eabi/12.2.0/../../../../arm-none-eabi/lib\libsysbase.a(syscall_support.o)
                0x000000000201a664                __libc_lock_release_recursive
 .text.__libc_lock_close_recursive
                0x000000000201a684       0x20 c:/devkitpro/devkitarm/bin/../lib/gcc/arm-none-eabi/12.2.0/../../../../arm-none-eabi/lib\libsysbase.a(syscall_support.o)
                0x000000000201a684                __libc_lock_close_recursive
 .text.__udivmoddi4
                0x000000000201a6a4      0x128 c:/devkitpro/devkitarm/bin/../lib/gcc/arm-none-eabi/12.2.0\libgcc.a(_udivmoddi4.o)
                0x000000000201a6a4                __udivmoddi4
 *fill*         0x000000000201a7cc        0x4 ff
 .text.__udivmoddi4.__stub
                0x000000000201a7d0      0x144 linker stubs
 *(EXCLUDE_FILE(*.twl*) .gnu.warning)
 *(EXCLUDE_FILE(*.twl*) .gnu.linkonce.t*)
 *(.glue_7)
 .glue_7        0x000000000201a950        0x0 linker stubs
 *(.glue_7t)
 .glue_7t       0x000000000201a950        0x0 linker stubs
                0x000000000201a950                . = ALIGN (0x4)

.vfp11_veneer   0x000000000201a950        0x0
 .vfp11_veneer  0x000000000201a950        0x0 linker stubs

.v4_bx          0x000000000201a950        0x0
 .v4_bx         0x000000000201a950        0x0 linker stubs

.iplt           0x000000000201a950        0x0
 .iplt          0x000000000201a950        0x0 c:/devkitpro/devkitarm/bin/../lib/gcc/arm-none-eabi/12.2.0/../../../../arm-none-eabi/lib/ds_arm9_crt0.o

.fini           0x000000000201a950       0x18
 *(.fini)
 .fini          0x000000000201a950        0xc c:/devkitpro/devkitarm/bin/../lib/gcc/arm-none-eabi/12.2.0/crti.o
                0x000000000201a950                _fini
 .fini          0x000000000201a95c        0xc c:/devkitpro/devkitarm/bin/../lib/gcc/arm-none-eabi/12.2.0/crtn.o
                0x000000000201a968                __text_end = .

.rodata         0x000000000201a968    0x118dc
 *(EXCLUDE_FILE(*.twl*) .rodata)
 .rodata        0x000000000201a968       0x18 Camera.o
                0x000000000201a968                vtable for Camera
 .rodata        0x000000000201a980       0x18 ColouredMeshObject.o
                0x000000000201a980                vtable for ColouredMeshedObject
 .rodata        0x000000000201a998       0x18 GameObject.o
                0x000000000201a998                vtable for GameObject
 .rodata        0x000000000201a9b0       0x18 TexturedMeshedObject.o
                0x000000000201a9b0                vtable for TexturedMeshedObject
 .rodata        0x000000000201a9c8       0x24 C:/devkitPro/libnds/lib\libnds9.a(videoGL.o)
 *all.rodata*(*)
 *(EXCLUDE_FILE(*.twl*) .roda)
 *(EXCLUDE_FILE(*.twl*) .rodata.*)
 .rodata.texture_bin
                0x000000000201a9ec     0x8000 texture.bin.o
                0x000000000201a9ec                texture_bin
                0x00000000020229ec                texture_bin_end
 .rodata.str1.4
                0x00000000020229ec      0x17f main.o
 *fill*         0x0000000002022b6b        0x1 ff
 .rodata.SIN_LUT
                0x0000000002022b6c      0x102 C:/devkitPro/libnds/lib\libnds9.a(trig.o)
                0x0000000002022b6c                SIN_LUT
 *fill*         0x0000000002022c6e        0x2 ff
 .rodata.TAN_LUT
                0x0000000002022c70      0x204 C:/devkitPro/libnds/lib\libnds9.a(trig.o)
                0x0000000002022c70                TAN_LUT
 .rodata.con_write.str1.4
                0x0000000002022e74       0x30 C:/devkitPro/libnds/lib\libnds9.a(console.o)
 .rodata.con_write
                0x0000000002022ea4       0xd4 C:/devkitPro/libnds/lib\libnds9.a(console.o)
 .rodata.consoleClear.str1.4
                0x0000000002022f78        0x5 C:/devkitPro/libnds/lib\libnds9.a(console.o)
 *fill*         0x0000000002022f7d        0x3 ff
 .rodata.str1.4
                0x0000000002022f80       0x14 C:/devkitPro/libnds/lib\libnds9.a(console.o)
 .rodata.dotab_stdout
                0x0000000002022f94       0x70 C:/devkitPro/libnds/lib\libnds9.a(console.o)
 .rodata.glMaterialf
                0x0000000002023004       0x44 C:/devkitPro/libnds/lib\libnds9.a(videoGL.o)
 .rodata.default_font_bin
                0x0000000002023048     0x2000 C:/devkitPro/libnds/lib\libnds9.a(default_font.bin.o)
                0x0000000002023048                default_font_bin
                0x0000000002025048                default_font_bin_end
 .rodata._ZNKSt9bad_alloc4whatEv.str1.4
                0x0000000002025048        0xf c:/devkitpro/devkitarm/bin/../lib/gcc/arm-none-eabi/12.2.0/../../../../arm-none-eabi/lib\libstdc++.a(bad_alloc.o)
 *fill*         0x0000000002025057        0x1 ff
 .rodata._ZTSSt9bad_alloc
                0x0000000002025058        0xd c:/devkitpro/devkitarm/bin/../lib/gcc/arm-none-eabi/12.2.0/../../../../arm-none-eabi/lib\libstdc++.a(bad_alloc.o)
                0x0000000002025058                typeinfo name for std::bad_alloc
 *fill*         0x0000000002025065        0x3 ff
 .rodata._ZTISt9bad_alloc
                0x0000000002025068        0xc c:/devkitpro/devkitarm/bin/../lib/gcc/arm-none-eabi/12.2.0/../../../../arm-none-eabi/lib\libstdc++.a(bad_alloc.o)
                0x0000000002025068                typeinfo for std::bad_alloc
 .rodata._ZTVSt9bad_alloc
                0x0000000002025074       0x14 c:/devkitpro/devkitarm/bin/../lib/gcc/arm-none-eabi/12.2.0/../../../../arm-none-eabi/lib\libstdc++.a(bad_alloc.o)
                0x0000000002025074                vtable for std::bad_alloc
 .rodata._ZNKSt13bad_exception4whatEv.str1.4
                0x0000000002025088       0x13 c:/devkitpro/devkitarm/bin/../lib/gcc/arm-none-eabi/12.2.0/../../../../arm-none-eabi/lib\libstdc++.a(eh_exception.o)
 *fill*         0x000000000202509b        0x1 ff
 .rodata._ZTSSt9exception
                0x000000000202509c        0xd c:/devkitpro/devkitarm/bin/../lib/gcc/arm-none-eabi/12.2.0/../../../../arm-none-eabi/lib\libstdc++.a(eh_exception.o)
                0x000000000202509c                typeinfo name for std::exception
 *fill*         0x00000000020250a9        0x3 ff
 .rodata._ZTISt9exception
                0x00000000020250ac        0x8 c:/devkitpro/devkitarm/bin/../lib/gcc/arm-none-eabi/12.2.0/../../../../arm-none-eabi/lib\libstdc++.a(eh_exception.o)
                0x00000000020250ac                typeinfo for std::exception
 .rodata._ZTSSt13bad_exception
                0x00000000020250b4       0x12 c:/devkitpro/devkitarm/bin/../lib/gcc/arm-none-eabi/12.2.0/../../../../arm-none-eabi/lib\libstdc++.a(eh_exception.o)
                0x00000000020250b4                typeinfo name for std::bad_exception
 *fill*         0x00000000020250c6        0x2 ff
 .rodata._ZTISt13bad_exception
                0x00000000020250c8        0xc c:/devkitpro/devkitarm/bin/../lib/gcc/arm-none-eabi/12.2.0/../../../../arm-none-eabi/lib\libstdc++.a(eh_exception.o)
                0x00000000020250c8                typeinfo for std::bad_exception
 .rodata._ZTSN10__cxxabiv115__forced_unwindE
                0x00000000020250d4       0x20 c:/devkitpro/devkitarm/bin/../lib/gcc/arm-none-eabi/12.2.0/../../../../arm-none-eabi/lib\libstdc++.a(eh_exception.o)
                0x00000000020250d4                typeinfo name for __cxxabiv1::__forced_unwind
 .rodata._ZTIN10__cxxabiv115__forced_unwindE
                0x00000000020250f4        0x8 c:/devkitpro/devkitarm/bin/../lib/gcc/arm-none-eabi/12.2.0/../../../../arm-none-eabi/lib\libstdc++.a(eh_exception.o)
                0x00000000020250f4                typeinfo for __cxxabiv1::__forced_unwind
 .rodata._ZTSN10__cxxabiv119__foreign_exceptionE
                0x00000000020250fc       0x24 c:/devkitpro/devkitarm/bin/../lib/gcc/arm-none-eabi/12.2.0/../../../../arm-none-eabi/lib\libstdc++.a(eh_exception.o)
                0x00000000020250fc                typeinfo name for __cxxabiv1::__foreign_exception
 .rodata._ZTIN10__cxxabiv119__foreign_exceptionE
                0x0000000002025120        0x8 c:/devkitpro/devkitarm/bin/../lib/gcc/arm-none-eabi/12.2.0/../../../../arm-none-eabi/lib\libstdc++.a(eh_exception.o)
                0x0000000002025120                typeinfo for __cxxabiv1::__foreign_exception
 .rodata._ZTVSt13bad_exception
                0x0000000002025128       0x14 c:/devkitpro/devkitarm/bin/../lib/gcc/arm-none-eabi/12.2.0/../../../../arm-none-eabi/lib\libstdc++.a(eh_exception.o)
                0x0000000002025128                vtable for std::bad_exception
 .rodata._ZTSN10__cxxabiv120__si_class_type_infoE
                0x000000000202513c       0x25 c:/devkitpro/devkitarm/bin/../lib/gcc/arm-none-eabi/12.2.0/../../../../arm-none-eabi/lib\libstdc++.a(si_class_type_info.o)
                0x000000000202513c                typeinfo name for __cxxabiv1::__si_class_type_info
 *fill*         0x0000000002025161        0x3 ff
 .rodata._ZTIN10__cxxabiv120__si_class_type_infoE
                0x0000000002025164        0xc c:/devkitpro/devkitarm/bin/../lib/gcc/arm-none-eabi/12.2.0/../../../../arm-none-eabi/lib\libstdc++.a(si_class_type_info.o)
                0x0000000002025164                typeinfo for __cxxabiv1::__si_class_type_info
 .rodata._ZTVN10__cxxabiv120__si_class_type_infoE
                0x0000000002025170       0x2c c:/devkitpro/devkitarm/bin/../lib/gcc/arm-none-eabi/12.2.0/../../../../arm-none-eabi/lib\libstdc++.a(si_class_type_info.o)
                0x0000000002025170                vtable for __cxxabiv1::__si_class_type_info
 .rodata._ZTSSt9type_info
                0x000000000202519c        0xd c:/devkitpro/devkitarm/bin/../lib/gcc/arm-none-eabi/12.2.0/../../../../arm-none-eabi/lib\libstdc++.a(tinfo.o)
                0x000000000202519c                typeinfo name for std::type_info
 *fill*         0x00000000020251a9        0x3 ff
 .rodata._ZTISt9type_info
                0x00000000020251ac        0x8 c:/devkitpro/devkitarm/bin/../lib/gcc/arm-none-eabi/12.2.0/../../../../arm-none-eabi/lib\libstdc++.a(tinfo.o)
                0x00000000020251ac                typeinfo for std::type_info
 .rodata._ZTSN10__cxxabiv117__class_type_infoE
                0x00000000020251b4       0x22 c:/devkitpro/devkitarm/bin/../lib/gcc/arm-none-eabi/12.2.0/../../../../arm-none-eabi/lib\libstdc++.a(class_type_info.o)
                0x00000000020251b4                typeinfo name for __cxxabiv1::__class_type_info
 *fill*         0x00000000020251d6        0x2 ff
 .rodata._ZTIN10__cxxabiv117__class_type_infoE
                0x00000000020251d8        0xc c:/devkitpro/devkitarm/bin/../lib/gcc/arm-none-eabi/12.2.0/../../../../arm-none-eabi/lib\libstdc++.a(class_type_info.o)
                0x00000000020251d8                typeinfo for __cxxabiv1::__class_type_info
 .rodata._ZTVN10__cxxabiv117__class_type_infoE
                0x00000000020251e4       0x2c c:/devkitpro/devkitarm/bin/../lib/gcc/arm-none-eabi/12.2.0/../../../../arm-none-eabi/lib\libstdc++.a(class_type_info.o)
                0x00000000020251e4                vtable for __cxxabiv1::__class_type_info
 .rodata._puts_r.str1.4
                0x0000000002025210       0x13 c:/devkitpro/devkitarm/bin/../lib/gcc/arm-none-eabi/12.2.0/../../../../arm-none-eabi/lib\libg.a(lib_a-puts.o)
                                          0x2 (size before relaxing)
 .rodata.basefix.0
                0x0000000002025210       0x22 c:/devkitpro/devkitarm/bin/../lib/gcc/arm-none-eabi/12.2.0/../../../../arm-none-eabi/lib\libg.a(lib_a-svfiscanf.o)
 .rodata._vfiprintf_r.str1.1
                0x0000000002025232       0x29 c:/devkitpro/devkitarm/bin/../lib/gcc/arm-none-eabi/12.2.0/../../../../arm-none-eabi/lib\libg.a(lib_a-vfiprintf.o)
 *fill*         0x000000000202525b        0x1 ff
 .rodata.zeroes.0
                0x000000000202525c       0x10 c:/devkitpro/devkitarm/bin/../lib/gcc/arm-none-eabi/12.2.0/../../../../arm-none-eabi/lib\libg.a(lib_a-vfiprintf.o)
 .rodata.blanks.1
                0x000000000202526c       0x10 c:/devkitpro/devkitarm/bin/../lib/gcc/arm-none-eabi/12.2.0/../../../../arm-none-eabi/lib\libg.a(lib_a-vfiprintf.o)
 .rodata._vfprintf_r.str1.1
                0x000000000202527c       0x12 c:/devkitpro/devkitarm/bin/../lib/gcc/arm-none-eabi/12.2.0/../../../../arm-none-eabi/lib\libg.a(lib_a-vfprintf.o)
                                         0x3b (size before relaxing)
 *fill*         0x000000000202528e        0x2 ff
 .rodata.zeroes.0
                0x0000000002025290       0x10 c:/devkitpro/devkitarm/bin/../lib/gcc/arm-none-eabi/12.2.0/../../../../arm-none-eabi/lib\libg.a(lib_a-vfprintf.o)
 .rodata.blanks.1
                0x00000000020252a0       0x10 c:/devkitpro/devkitarm/bin/../lib/gcc/arm-none-eabi/12.2.0/../../../../arm-none-eabi/lib\libg.a(lib_a-vfprintf.o)
 .rodata._ctype_
                0x00000000020252b0      0x101 c:/devkitpro/devkitarm/bin/../lib/gcc/arm-none-eabi/12.2.0/../../../../arm-none-eabi/lib\libg.a(lib_a-ctype_.o)