Archive member included to satisfy reference by file (symbol)

C:/devkitPro/libnds/lib\libnds9.a(trig.o)
                              Camera.o (sinLerp)
C:/devkitPro/libnds/lib\libnds9.a(console.o)
                              main.o (consoleDemoInit)
C:/devkitPro/libnds/lib\libnds9.a(boxtest.o)
                              GameObject.o (BoxTestf)
C:/devkitPro/libnds/lib\libnds9.a(videoGL.o)
                              main.o (glMaterialf)
C:/devkitPro/libnds/lib\libnds9.a(keys.o)
                              main.o (scanKeys)
C:/devkitPro/libnds/lib\libnds9.a(initSystem.o)
                              c:/devkitpro/devkitarm/bin/../lib/gcc/arm-none-eabi/12.1.0/../../../../arm-none-eabi/lib/ds_arm9_crt0.o (initSystem)
C:/devkitPro/libnds/lib\libnds9.a(securearea.o)
                              c:/devkitpro/devkitarm/bin/../lib/gcc/arm-none-eabi/12.1.0/../../../../arm-none-eabi/lib/ds_arm9_crt0.o (__secure_area__)
C:/devkitPro/libnds/lib\libnds9.a(interrupts.o)
                              C:/devkitPro/libnds/lib\libnds9.a(initSystem.o) (irqInit)
C:/devkitPro/libnds/lib\libnds9.a(libnds_exit.arm.o)
                              c:/devkitpro/devkitarm/bin/../lib/gcc/arm-none-eabi/12.1.0/../../../../arm-none-eabi/lib/ds_arm9_crt0.o (__libnds_exit)
C:/devkitPro/libnds/lib\libnds9.a(fifosystem.o)
                              C:/devkitPro/libnds/lib\libnds9.a(initSystem.o) (fifoSetValue32Handler)
C:/devkitPro/libnds/lib\libnds9.a(mpu_setup.o)
                              c:/devkitpro/devkitarm/bin/../lib/gcc/arm-none-eabi/12.1.0/../../../../arm-none-eabi/lib/ds_arm9_crt0.o (__libnds_mpu_setup)
C:/devkitPro/libnds/lib\libnds9.a(IntrWait.o)
                              main.o (swiWaitForVBlank)
C:/devkitPro/libnds/lib\libnds9.a(cpu_clock.o)
                              C:/devkitPro/libnds/lib\libnds9.a(initSystem.o) (setCpuClock)
C:/devkitPro/libnds/lib\libnds9.a(interruptDispatcher.o)
                              C:/devkitPro/libnds/lib\libnds9.a(interrupts.o) (IntrMain)
C:/devkitPro/libnds/lib\libnds9.a(biosCalls.o)
                              C:/devkitPro/libnds/lib\libnds9.a(videoGL.o) (swiCopy)
C:/devkitPro/libnds/lib\libnds9.a(debugprint.o)
                              C:/devkitPro/libnds/lib\libnds9.a(console.o) (nocashWrite)
C:/devkitPro/libnds/lib\libnds9.a(swiSoftReset.o)
                              C:/devkitPro/libnds/lib\libnds9.a(fifosystem.o) (swiSoftReset)
C:/devkitPro/libnds/lib\libnds9.a(default_font.bin.o)
                              C:/devkitPro/libnds/lib\libnds9.a(console.o) (default_font_bin)
C:/devkitPro/libnds/lib\libnds9.a(background.o)
                              C:/devkitPro/libnds/lib\libnds9.a(console.o) (bgState)
C:/devkitPro/libnds/lib\libnds9.a(dynamicArray.o)
                              C:/devkitPro/libnds/lib\libnds9.a(videoGL.o) (DynamicArrayInit)
C:/devkitPro/libnds/lib\libnds9.a(video.o)
                              C:/devkitPro/libnds/lib\libnds9.a(videoGL.o) (vramSetBanks_EFG)
C:/devkitPro/libnds/lib\libnds9.a(system.o)
                              C:/devkitPro/libnds/lib\libnds9.a(initSystem.o) (systemValueHandler)
c:/devkitpro/devkitarm/bin/../lib/gcc/arm-none-eabi/12.1.0/../../../../arm-none-eabi/lib\libstdc++.a(del_ops.o)
                              Camera.o (operator delete(void*, unsigned int))
c:/devkitpro/devkitarm/bin/../lib/gcc/arm-none-eabi/12.1.0/../../../../arm-none-eabi/lib\libstdc++.a(new_op.o)
                              GameObject.o (operator new(unsigned int))
c:/devkitpro/devkitarm/bin/../lib/gcc/arm-none-eabi/12.1.0/../../../../arm-none-eabi/lib\libstdc++.a(list.o)
                              GameObject.o (std::__detail::_List_node_base::_M_hook(std::__detail::_List_node_base*))
c:/devkitpro/devkitarm/bin/../lib/gcc/arm-none-eabi/12.1.0/../../../../arm-none-eabi/lib\libstdc++.a(bad_alloc.o)
                              c:/devkitpro/devkitarm/bin/../lib/gcc/arm-none-eabi/12.1.0/../../../../arm-none-eabi/lib\libstdc++.a(new_op.o) (vtable for std::bad_alloc)
c:/devkitpro/devkitarm/bin/../lib/gcc/arm-none-eabi/12.1.0/../../../../arm-none-eabi/lib\libstdc++.a(del_op.o)
                              c:/devkitpro/devkitarm/bin/../lib/gcc/arm-none-eabi/12.1.0/../../../../arm-none-eabi/lib\libstdc++.a(del_ops.o) (operator delete(void*))
c:/devkitpro/devkitarm/bin/../lib/gcc/arm-none-eabi/12.1.0/../../../../arm-none-eabi/lib\libstdc++.a(eh_alloc.o)
                              c:/devkitpro/devkitarm/bin/../lib/gcc/arm-none-eabi/12.1.0/../../../../arm-none-eabi/lib\libstdc++.a(new_op.o) (__cxa_allocate_exception)
c:/devkitpro/devkitarm/bin/../lib/gcc/arm-none-eabi/12.1.0/../../../../arm-none-eabi/lib\libstdc++.a(eh_exception.o)
                              c:/devkitpro/devkitarm/bin/../lib/gcc/arm-none-eabi/12.1.0/../../../../arm-none-eabi/lib\libstdc++.a(bad_alloc.o) (std::exception::~exception())
c:/devkitpro/devkitarm/bin/../lib/gcc/arm-none-eabi/12.1.0/../../../../arm-none-eabi/lib\libstdc++.a(eh_terminate.o)
[...]
Memory Configuration

Name             Origin             Length             Attributes
ewram            0x0000000002000000 0x0000000000380000
dtcm             0x0000000002ff0000 0x0000000000004000
vectors          0x0000000001000000 0x0000000000000100
itcm             0x0000000001000100 0x0000000000007f00
*default*        0x0000000000000000 0xffffffffffffffff

Linker script and memory map

                0x0000000002380000                __ewram_end = (ORIGIN (ewram) + LENGTH (ewram))
                0x0000000002380000                __eheap_end = (ORIGIN (ewram) + LENGTH (ewram))
                0x0000000002ff4000                __dtcm_top = (ORIGIN (dtcm) + LENGTH (dtcm))
                0x0000000002ff3ff8                __irq_flags = (__dtcm_top - 0x8)
                0x0000000002ff3ffc                __irq_vector = (__dtcm_top - 0x4)
                0x0000000002ff3f00                __sp_svc = (__dtcm_top - 0x100)
                0x0000000002ff3e00                __sp_irq = (__sp_svc - 0x100)
                0x0000000002ff3d00                __sp_usr = (__sp_irq - 0x100)

.secure         0x0000000002000000      0x800
 *(.secure)
 .secure        0x0000000002000000      0x800 C:/devkitPro/libnds/lib\libnds9.a(securearea.o)
                0x0000000002000000                __secure_area__

.crt0           0x0000000002000800      0x300
                0x0000000002000800                __text_start = .
 *(.crt0)
 .crt0          0x0000000002000800      0x300 c:/devkitpro/devkitarm/bin/../lib/gcc/arm-none-eabi/12.1.0/../../../../arm-none-eabi/lib/ds_arm9_crt0.o
                0x0000000002000800                _start
                0x0000000002000b00                . = ALIGN (0x4)

.plt
 *(.plt)

.init           0x0000000002000b00       0x18
 *(SORT_NONE(.init))
 .init          0x0000000002000b00        0xc c:/devkitpro/devkitarm/bin/../lib/gcc/arm-none-eabi/12.1.0/crti.o
                0x0000000002000b00                _init
 .init          0x0000000002000b0c        0xc c:/devkitpro/devkitarm/bin/../lib/gcc/arm-none-eabi/12.1.0/crtn.o

.text           0x0000000002000b18    0x19dd8
 *(EXCLUDE_FILE(*.twl* *.vectors* *.itcm*) .text)
 .text          0x0000000002000b18      0x75c Camera.o
                0x0000000002000b18                Camera::DrawEntity()
                0x0000000002000b1c                Camera::~Camera()
                0x0000000002000b1c                Camera::~Camera()
                0x0000000002000b3c                Camera::~Camera()
                0x0000000002000b68                Camera::Camera(Vector3, Vector3, Vector3)
                0x0000000002000b68                Camera::Camera(Vector3, Vector3, Vector3)
                0x0000000002000bc4                Camera::applyViewingTransformation()
                0x0000000002001004                Camera::UpdateCameraMatrix()
                0x0000000002001104                Camera::UpdateEntity(unsigned short)
 .text          0x0000000002001274      0x31c ColouredMeshObject.o
                0x0000000002001274                ColouredMeshedObject::UpdateEntity(unsigned short)
                0x0000000002001278                ColouredMeshedObject::~ColouredMeshedObject()
                0x0000000002001278                ColouredMeshedObject::~ColouredMeshedObject()
                0x0000000002001298                ColouredMeshedObject::~ColouredMeshedObject()
                0x00000000020012c4                ColouredMeshedObject::DrawEntity()
                0x0000000002001500                ColouredMeshedObject::ColouredMeshedObject(Vector3, Vector3, Vector3, Mesh, Vector3)
                0x0000000002001500                ColouredMeshedObject::ColouredMeshedObject(Vector3, Vector3, Vector3, Mesh, Vector3)
 .text          0x0000000002001590      0x6c0 GameObject.o
                0x0000000002001590                GameObject::UpdateEntity(unsigned short)
                0x0000000002001594                GameObject::DrawEntity()
                0x0000000002001598                GameObject::~GameObject()
                0x0000000002001598                GameObject::~GameObject()
                0x00000000020015e4                GameObject::~GameObject()
                0x000000000200163c                GameObject::GameObject(Vector3, Vector3, Vector3)
                0x000000000200163c                GameObject::GameObject(Vector3, Vector3, Vector3)
                0x0000000002001704                GameObject::SetActive(bool)
                0x000000000200170c                GameObject::Update(unsigned short)
                0x00000000020018cc                GameObject::Draw()
                0x0000000002001b3c                GameObject::SetVelocity(float, float, float)
                0x0000000002001b4c                GameObject::SetVelocity(Vector3)
                0x0000000002001b68                GameObject::GetVelocity()
                0x0000000002001b70                GameObject::GetTransform()
                0x0000000002001b78                GameObject::addChild(GameObject*)
                0x0000000002001c4c                GameObject::removeChild(GameObject*)
 .text          0x0000000002001c50       0x68 Mesh.o
                0x0000000002001c50                Mesh::Mesh()
                0x0000000002001c50                Mesh::Mesh()
                0x0000000002001c5c                Mesh::Mesh(short*, unsigned char*, unsigned long*, unsigned long*, int)
                0x0000000002001c5c                Mesh::Mesh(short*, unsigned char*, unsigned long*, unsigned long*, int)
                0x0000000002001c78                Mesh::setVertices(short*)
                0x0000000002001c80                Mesh::setQuads(unsigned char*)
                0x0000000002001c88                Mesh::setUV(unsigned long*)
                0x0000000002001c90                Mesh::setNormals(unsigned long*)
                0x0000000002001c98                Mesh::getVertices()
                0x0000000002001ca0                Mesh::getQuads()
                0x0000000002001ca8                Mesh::getUV()
                0x0000000002001cb0                Mesh::getNormals()
 .text          0x0000000002001cb8      0x108 SceneGraph.o
                0x0000000002001cb8                SceneGraph::SceneGraph(GameObject*)
                0x0000000002001cb8                SceneGraph::SceneGraph(GameObject*)
                0x0000000002001cc0                SceneGraph::~SceneGraph()
                0x0000000002001cc0                SceneGraph::~SceneGraph()
                0x0000000002001cc4                SceneGraph::addObject(GameObject*, GameObject*)
                0x0000000002001ce8                SceneGraph::removeObject(GameObject*)
                0x0000000002001d1c                SceneGraph::transformObject(GameObject*, float, float, float)
                0x0000000002001d48                SceneGraph::rotateObject(GameObject*, float, float, float)
                0x0000000002001d78                SceneGraph::scaleObject(GameObject*, float, float, float)
                0x0000000002001da8                SceneGraph::Update(unsigned short)
                0x0000000002001db0                SceneGraph::Draw()
                0x0000000002001db8                SceneGraph::getNumberOfObjects()
 .text          0x0000000002001dc0      0x260 TexturedMeshedObject.o
                0x0000000002001dc0                TexturedMeshedObject::UpdateEntity(unsigned short)
                0x0000000002001dc4                TexturedMeshedObject::~TexturedMeshedObject()
                0x0000000002001dc4                TexturedMeshedObject::~TexturedMeshedObject()
                0x0000000002001de4                TexturedMeshedObject::~TexturedMeshedObject()
                0x0000000002001e10                TexturedMeshedObject::DrawEntity()
                0x0000000002001fa0                TexturedMeshedObject::TexturedMeshedObject(Vector3, Vector3, Vector3, Mesh, int)
                0x0000000002001fa0                TexturedMeshedObject::TexturedMeshedObject(Vector3, Vector3, Vector3, Mesh, int)
 .text          0x0000000002002020      0x184 Transform.o
                0x0000000002002020                Transform::Transform()
                0x0000000002002020                Transform::Transform()
                0x0000000002002098                Transform::Transform(float, float, float)
                0x0000000002002098                Transform::Transform(float, float, float)
                0x0000000002002118                Transform::Transform(Vector3, Vector3, Vector3)
                0x0000000002002118                Transform::Transform(Vector3, Vector3, Vector3)
                0x00000000020021a0                Transform::~Transform()
                0x00000000020021a0                Transform::~Transform()
 .text          0x00000000020021a4      0x56c Vector3.o
                0x00000000020021a4                Vector3::Vector3()
                0x00000000020021a4                Vector3::Vector3()
                0x00000000020021b8                Vector3::Vector3(float, float, float)
                0x00000000020021b8                Vector3::Vector3(float, float, float)
                0x00000000020021c8                Vector3::Set(float, float, float)
                0x00000000020021d8                Vector3::Set(Vector3)
                0x0000000002002204                Vector3::Translate(float, float, float)
                0x000000000200224c                Vector3::Normalize()
                0x0000000002002340                Vector3::Magnitude()
                0x00000000020023f4                Vector3::Cross(Vector3)
                0x00000000020024c4                Vector3::Normalized()
                0x00000000020025c0                Vector3::operator+(Vector3 const&)
                0x0000000002002614                Vector3::operator-(Vector3 const&)
                0x0000000002002668                Vector3::operator*(float)
                0x00000000020026bc                Vector3::operator/(float)
 .text          0x0000000002002710      0x148 c:/devkitpro/devkitarm/bin/../lib/gcc/arm-none-eabi/12.1.0\libgcc.a(_divsi3.o)
                0x0000000002002710                __divsi3
                0x0000000002002710                __aeabi_idiv
                0x0000000002002838                __aeabi_idivmod
 .text          0x0000000002002858        0x4 c:/devkitpro/devkitarm/bin/../lib/gcc/arm-none-eabi/12.1.0\libgcc.a(_dvmd_tls.o)
                0x0000000002002858                __aeabi_idiv0
                0x0000000002002858                __aeabi_ldiv0
 .text          0x000000000200285c      0x424 c:/devkitpro/devkitarm/bin/../lib/gcc/arm-none-eabi/12.1.0\libgcc.a(_arm_addsubdf3.o)
                0x000000000200285c                __aeabi_drsub
                0x0000000002002864                __aeabi_dsub
                0x0000000002002864                __subdf3
                0x0000000002002868                __aeabi_dadd
                0x0000000002002868                __adddf3
                0x0000000002002b78                __floatunsidf
                0x0000000002002b78                __aeabi_ui2d
                0x0000000002002b9c                __floatsidf
                0x0000000002002b9c                __aeabi_i2d
                0x0000000002002bc4                __aeabi_f2d
                0x0000000002002bc4                __extendsfdf2
                0x0000000002002c0c                __floatundidf
                0x0000000002002c0c                __aeabi_ul2d
                0x0000000002002c20                __floatdidf
                0x0000000002002c20                __aeabi_l2d
 .text          0x0000000002002c80      0x49c c:/devkitpro/devkitarm/bin/../lib/gcc/arm-none-eabi/12.1.0\libgcc.a(_arm_muldivdf3.o)
                0x0000000002002c80                __aeabi_dmul
                0x0000000002002c80                __muldf3
                0x0000000002002f10                __divdf3
                0x0000000002002f10                __aeabi_ddiv
 .text          0x000000000200311c       0x5c c:/devkitpro/devkitarm/bin/../lib/gcc/arm-none-eabi/12.1.0\libgcc.a(_arm_fixdfsi.o)
                0x000000000200311c                __aeabi_d2iz
                0x000000000200311c                __fixdfsi
 .text          0x0000000002003178       0xa0 c:/devkitpro/devkitarm/bin/../lib/gcc/arm-none-eabi/12.1.0\libgcc.a(_arm_truncdfsf2.o)
                0x0000000002003178                __truncdfsf2
                0x0000000002003178                __aeabi_d2f
 .text          0x0000000002003218      0x2ac c:/devkitpro/devkitarm/bin/../lib/gcc/arm-none-eabi/12.1.0\libgcc.a(_arm_addsubsf3.o)
                0x0000000002003218                __aeabi_frsub
                0x0000000002003220                __subsf3
                0x0000000002003220                __aeabi_fsub
                0x0000000002003224                __aeabi_fadd
                0x0000000002003224                __addsf3
                0x00000000020033e0                __aeabi_ui2f
                0x00000000020033e0                __floatunsisf
                0x00000000020033e8                __aeabi_i2f
                0x00000000020033e8                __floatsisf
                0x0000000002003408                __aeabi_ul2f
                0x0000000002003408                __floatundisf
                0x0000000002003418                __aeabi_l2f
                0x0000000002003418                __floatdisf
 .text          0x00000000020034c4      0x2f8 c:/devkitpro/devkitarm/bin/../lib/gcc/arm-none-eabi/12.1.0\libgcc.a(_arm_muldivsf3.o)
                0x00000000020034c4                __mulsf3
                0x00000000020034c4                __aeabi_fmul
                0x000000000200365c                __aeabi_fdiv
                0x000000000200365c                __divsf3
 .text          0x00000000020037bc      0x114 c:/devkitpro/devkitarm/bin/../lib/gcc/arm-none-eabi/12.1.0\libgcc.a(_arm_cmpsf2.o)
                0x00000000020037bc                __gesf2
                0x00000000020037bc                __gtsf2
                0x00000000020037c4                __lesf2
                0x00000000020037c4                __ltsf2
                0x00000000020037cc                __nesf2
                0x00000000020037cc                __eqsf2
                0x00000000020037cc                __cmpsf2
                0x0000000002003830                __aeabi_cfrcmple
                0x0000000002003840                __aeabi_cfcmpeq
                0x0000000002003840                __aeabi_cfcmple
                0x0000000002003858                __aeabi_fcmpeq
                0x0000000002003870                __aeabi_fcmplt
                0x0000000002003888                __aeabi_fcmple
                0x00000000020038a0                __aeabi_fcmpge
                0x00000000020038b8                __aeabi_fcmpgt
 .text          0x00000000020038d0       0x5c c:/devkitpro/devkitarm/bin/../lib/gcc/arm-none-eabi/12.1.0\libgcc.a(_arm_fixsfsi.o)
                0x00000000020038d0                __aeabi_f2iz
                0x00000000020038d0                __fixsfsi
 .text          0x000000000200392c       0x54 c:/devkitpro/devkitarm/bin/../lib/gcc/arm-none-eabi/12.1.0\libgcc.a(_arm_fixunssfsi.o)
                0x000000000200392c                __fixunssfsi
                0x000000000200392c                __aeabi_f2uiz
 .text          0x0000000002003980      0x1b0 c:/devkitpro/devkitarm/bin/../lib/gcc/arm-none-eabi/12.1.0\libgcc.a(libunwind.o)
                0x0000000002003980                __restore_core_regs
                0x0000000002003980                restore_core_regs
                0x000000000200399c                __gnu_Unwind_Restore_VFP
                0x00000000020039a4                __gnu_Unwind_Save_VFP
                0x00000000020039ac                __gnu_Unwind_Restore_VFP_D
                0x00000000020039b4                __gnu_Unwind_Save_VFP_D
                0x00000000020039bc                __gnu_Unwind_Restore_VFP_D_16_to_31
                0x00000000020039c4                __gnu_Unwind_Save_VFP_D_16_to_31
                0x00000000020039cc                __gnu_Unwind_Restore_WMMXD
                0x0000000002003a10                __gnu_Unwind_Save_WMMXD
                0x0000000002003a54                __gnu_Unwind_Restore_WMMXC
                0x0000000002003a68                __gnu_Unwind_Save_WMMXC
                0x0000000002003a7c                ___Unwind_RaiseException
                0x0000000002003a7c                _Unwind_RaiseException
                0x0000000002003aa0                _Unwind_Resume
                0x0000000002003aa0                ___Unwind_Resume
                0x0000000002003ac4                _Unwind_Resume_or_Rethrow
                0x0000000002003ac4                ___Unwind_Resume_or_Rethrow
                0x0000000002003ae8                _Unwind_ForcedUnwind
                0x0000000002003ae8                ___Unwind_ForcedUnwind
                0x0000000002003b0c                ___Unwind_Backtrace
                0x0000000002003b0c                _Unwind_Backtrace
 .text          0x0000000002003b30      0x224 c:/devkitpro/devkitarm/bin/../lib/gcc/arm-none-eabi/12.1.0/../../../../arm-none-eabi/lib\libg.a(lib_a-strcmp.o)
                0x0000000002003b30                strcmp
 .text          0x0000000002003d54      0x114 c:/devkitpro/devkitarm/bin/../lib/gcc/arm-none-eabi/12.1.0\libgcc.a(_udivsi3.o)
                0x0000000002003d54                __aeabi_uidiv
                0x0000000002003d54                __udivsi3
                0x0000000002003e48                __aeabi_uidivmod
 .text          0x0000000002003e68      0x144 c:/devkitpro/devkitarm/bin/../lib/gcc/arm-none-eabi/12.1.0\libgcc.a(_arm_cmpdf2.o)
                0x0000000002003e68                __gtdf2
                0x0000000002003e68                __gedf2
                0x0000000002003e70                __ltdf2
                0x0000000002003e70                __ledf2
                0x0000000002003e78                __nedf2
                0x0000000002003e78                __eqdf2
                0x0000000002003e78                __cmpdf2
                0x0000000002003f00                __aeabi_cdrcmple
                0x0000000002003f1c                __aeabi_cdcmpeq
                0x0000000002003f1c                __aeabi_cdcmple
                0x0000000002003f34                __aeabi_dcmpeq
                0x0000000002003f4c                __aeabi_dcmplt
                0x0000000002003f64                __aeabi_dcmple
                0x0000000002003f7c                __aeabi_dcmpge
                0x0000000002003f94                __aeabi_dcmpgt
 .text          0x0000000002003fac       0x38 c:/devkitpro/devkitarm/bin/../lib/gcc/arm-none-eabi/12.1.0\libgcc.a(_arm_unorddf2.o)
                0x0000000002003fac                __unorddf2
                0x0000000002003fac                __aeabi_dcmpun
 .text          0x0000000002003fe4       0x3c c:/devkitpro/devkitarm/bin/../lib/gcc/arm-none-eabi/12.1.0\libgcc.a(_aeabi_uldivmod.o)
                0x0000000002003fe4                __aeabi_uldivmod
 .text          0x0000000002004020       0x28 c:/devkitpro/devkitarm/bin/../lib/gcc/arm-none-eabi/12.1.0\libgcc.a(_clzdi2.o)
                0x0000000002004020                __clzdi2
 .text          0x0000000002004048       0x48 c:/devkitpro/devkitarm/bin/../lib/gcc/arm-none-eabi/12.1.0\libgcc.a(_clzsi2.o)
                0x0000000002004048                __clzsi2
 *(EXCLUDE_FILE(*.twl* *.vectors* *.itcm*) .stub)
 *(EXCLUDE_FILE(*.twl* *.vectors* *.itcm*) .text.*)
 .text.__do_global_dtors_aux
                0x0000000002004090       0x40 c:/devkitpro/devkitarm/bin/../lib/gcc/arm-none-eabi/12.1.0/crtbegin.o
 .text.frame_dummy
                0x00000000020040d0       0x30 c:/devkitpro/devkitarm/bin/../lib/gcc/arm-none-eabi/12.1.0/crtbegin.o
 .text.startup  0x0000000002004100      0xd78 main.o
                0x0000000002004100                main
 .text.sinLutLookup
                0x0000000002004e78       0x4c C:/devkitPro/libnds/lib\libnds9.a(trig.o)
                0x0000000002004e78                sinLutLookup
 .text.sinLerp  0x0000000002004ec4       0x40 C:/devkitPro/libnds/lib\libnds9.a(trig.o)
                0x0000000002004ec4                sinLerp
 .text.cosLerp  0x0000000002004f04       0x4c C:/devkitPro/libnds/lib\libnds9.a(trig.o)
                0x0000000002004f04                cosLerp
 .text.tanLerp  0x0000000002004f50       0xb0 C:/devkitPro/libnds/lib\libnds9.a(trig.o)
                0x0000000002004f50                tanLerp
 .text.newRow   0x0000000002005000       0xa8 C:/devkitPro/libnds/lib\libnds9.a(console.o)
 .text.consolePrintChar
                0x00000000020050a8       0xe0 C:/devkitPro/libnds/lib\libnds9.a(console.o)
                0x00000000020050a8                consolePrintChar
 .text.con_write
                0x0000000002005188      0x36c C:/devkitPro/libnds/lib\libnds9.a(console.o)
                0x0000000002005188                con_write
 .text.consoleLoadFont
                0x00000000020054f4      0x2a0 C:/devkitPro/libnds/lib\libnds9.a(console.o)
                0x00000000020054f4                consoleLoadFont
 .text.consoleInit
                0x0000000002005794      0x18c C:/devkitPro/libnds/lib\libnds9.a(console.o)
                0x0000000002005794                consoleInit
 .text.consoleDemoInit
                0x0000000002005920       0x40 C:/devkitPro/libnds/lib\libnds9.a(console.o)
                0x0000000002005920                consoleDemoInit
 .text.consoleClear
                0x0000000002005960       0x10 C:/devkitPro/libnds/lib\libnds9.a(console.o)
                0x0000000002005960                consoleClear
 .text.BoxTestf
                0x0000000002005970       0xb4 C:/devkitPro/libnds/lib\libnds9.a(boxtest.o)
                0x0000000002005970                BoxTestf
 .text.vramBlock__deallocateBlock.part.0
                0x0000000002005a24      0x190 C:/devkitPro/libnds/lib\libnds9.a(videoGL.o)
 .text.glMaterialf
                0x0000000002005bb4       0x7c C:/devkitPro/libnds/lib\libnds9.a(videoGL.o)
                0x0000000002005bb4                glMaterialf
 .text.vramBlock_init
                0x0000000002005c30       0x5c C:/devkitPro/libnds/lib\libnds9.a(videoGL.o)
                0x0000000002005c30                vramBlock_init
 .text.vramBlock__allocateBlock
                0x0000000002005c8c      0x178 C:/devkitPro/libnds/lib\libnds9.a(videoGL.o)
                0x0000000002005c8c                vramBlock__allocateBlock
 .text.vramBlock_examineSpecial
                0x0000000002005e04      0x238 C:/devkitPro/libnds/lib\libnds9.a(videoGL.o)
                0x0000000002005e04                vramBlock_examineSpecial
 .text.vramBlock_allocateSpecial
                0x000000000200603c       0x6c C:/devkitPro/libnds/lib\libnds9.a(videoGL.o)
                0x000000000200603c                vramBlock_allocateSpecial
 .text.vramBlock_allocateBlock
                0x00000000020060a8       0x30 C:/devkitPro/libnds/lib\libnds9.a(videoGL.o)
                0x00000000020060a8                vramBlock_allocateBlock
 .text.vramBlock_deallocateBlock
                0x00000000020060d8       0x48 C:/devkitPro/libnds/lib\libnds9.a(videoGL.o)
                0x00000000020060d8                vramBlock_deallocateBlock
 .text.glInit_C
                0x0000000002006120      0x1cc C:/devkitPro/libnds/lib\libnds9.a(videoGL.o)
                0x0000000002006120                glInit_C
 .text.glGenTextures
                0x00000000020062ec       0x80 C:/devkitPro/libnds/lib\libnds9.a(videoGL.o)
                0x00000000020062ec                glGenTextures
 .text.vramGetBank
                0x000000000200636c       0xb8 C:/devkitPro/libnds/lib\libnds9.a(videoGL.o)
                0x000000000200636c                vramGetBank
 .text.glBindTexture
                0x0000000002006424       0x60 C:/devkitPro/libnds/lib\libnds9.a(videoGL.o)
                0x0000000002006424                glBindTexture
 .text.glTexImage2D
                0x0000000002006484      0x40c C:/devkitPro/libnds/lib\libnds9.a(videoGL.o)
                0x0000000002006484                glTexImage2D
 .text.scanKeys
                0x0000000002006890       0x8c C:/devkitPro/libnds/lib\libnds9.a(keys.o)
                0x0000000002006890                scanKeys
 .text.keysHeld
                0x000000000200691c        0xc C:/devkitPro/libnds/lib\libnds9.a(keys.o)
                0x000000000200691c                keysHeld
 .text.__syscall_exit
                0x0000000002006928        0x8 C:/devkitPro/libnds/lib\libnds9.a(initSystem.o)
                0x0000000002006928                __syscall_exit
 .text.initSystem
                0x0000000002006930      0x180 C:/devkitPro/libnds/lib\libnds9.a(initSystem.o)
                0x0000000002006930                initSystem
 .text.irqDummy
                0x0000000002006ab0        0x4 C:/devkitPro/libnds/lib\libnds9.a(interrupts.o)
                0x0000000002006ab0                irqDummy
 .text.irqSet   0x0000000002006ab4       0x6c C:/devkitPro/libnds/lib\libnds9.a(interrupts.o)
                0x0000000002006ab4                irqSet
 .text.irqInit  0x0000000002006b20       0x50 C:/devkitPro/libnds/lib\libnds9.a(interrupts.o)
                0x0000000002006b20                irqInit
 .text.irqEnable
                0x0000000002006b70       0x64 C:/devkitPro/libnds/lib\libnds9.a(interrupts.o)
                0x0000000002006b70                irqEnable
 .text.systemErrorExit
                0x0000000002006bd4        0x4 C:/devkitPro/libnds/lib\libnds9.a(libnds_exit.arm.o)
                0x0000000002006bd4                systemErrorExit
 .text.__libnds_exit
                0x0000000002006bd8       0x5c C:/devkitPro/libnds/lib\libnds9.a(libnds_exit.arm.o)
                0x0000000002006bd8                __libnds_exit
 .text.fifo_queueBlock
                0x0000000002006c34       0x44 C:/devkitPro/libnds/lib\libnds9.a(fifosystem.o)
 .text.fifo_waitBlock
                0x0000000002006c78       0x80 C:/devkitPro/libnds/lib\libnds9.a(fifosystem.o)
 .text.fifoInternalSend.part.0
                0x0000000002006cf8       0xd4 C:/devkitPro/libnds/lib\libnds9.a(fifosystem.o)
 .text.fifoInternalSendInterrupt
                0x0000000002006dcc       0xb0 C:/devkitPro/libnds/lib\libnds9.a(fifosystem.o)
 .text.fifoSetValue32Handler
                0x0000000002006e7c       0xd4 C:/devkitPro/libnds/lib\libnds9.a(fifosystem.o)
                0x0000000002006e7c                fifoSetValue32Handler
 .text.fifoSendValue32
                0x0000000002006f50       0x4c C:/devkitPro/libnds/lib\libnds9.a(fifosystem.o)
                0x0000000002006f50                fifoSendValue32
 .text.fifoGetDatamsg
                0x0000000002006f9c       0xf4 C:/devkitPro/libnds/lib\libnds9.a(fifosystem.o)
                0x0000000002006f9c                fifoGetDatamsg
 .text.fifoInternalRecvInterrupt
                0x0000000002007090      0x37c C:/devkitPro/libnds/lib\libnds9.a(fifosystem.o)
 .text.fifoSetDatamsgHandler
                0x000000000200740c       0x9c C:/devkitPro/libnds/lib\libnds9.a(fifosystem.o)
                0x000000000200740c                fifoSetDatamsgHandler
 .text.fifoInit
                0x00000000020074a8      0x108 C:/devkitPro/libnds/lib\libnds9.a(fifosystem.o)
                0x00000000020074a8                fifoInit
 .text.__libnds_mpu_setup
                0x00000000020075b0      0x174 C:/devkitPro/libnds/lib\libnds9.a(mpu_setup.o)
                0x00000000020075b0                __libnds_mpu_setup
 .text.memUncached
                0x0000000002007724       0x20 C:/devkitPro/libnds/lib\libnds9.a(mpu_setup.o)
                0x0000000002007724                memUncached
 .text.swiWaitForVBlank
                0x0000000002007744        0x8 C:/devkitPro/libnds/lib\libnds9.a(IntrWait.o)
                0x0000000002007744                swiWaitForVBlank
 .text.swiIntrWait
                0x000000000200774c       0x70 C:/devkitPro/libnds/lib\libnds9.a(IntrWait.o)
                0x000000000200774c                swiIntrWait
 .text.setCpuClock
                0x00000000020077bc       0x50 C:/devkitPro/libnds/lib\libnds9.a(cpu_clock.o)
                0x00000000020077bc                setCpuClock
 .text.swiDelay
                0x000000000200780c        0x4 C:/devkitPro/libnds/lib\libnds9.a(biosCalls.o)
                0x000000000200780c                swiDelay
 .text.swiSoftReset
                0x0000000002007810       0x2c C:/devkitPro/libnds/lib\libnds9.a(swiSoftReset.o)
                0x0000000002007810                swiSoftReset
 .text.checkIfText
                0x000000000200783c       0x5c C:/devkitPro/libnds/lib\libnds9.a(background.o)
                0x000000000200783c                checkIfText
 .text.bgUpdate
                0x0000000002007898       0xf4 C:/devkitPro/libnds/lib\libnds9.a(background.o)
                0x0000000002007898                bgUpdate
 .text.bgInit_call
                0x000000000200798c       0xc4 C:/devkitPro/libnds/lib\libnds9.a(background.o)
                0x000000000200798c                bgInit_call
 .text.bgInitSub_call
                0x0000000002007a50       0xcc C:/devkitPro/libnds/lib\libnds9.a(background.o)
                0x0000000002007a50                bgInitSub_call
 .text.DynamicArrayInit
                0x0000000002007b1c       0x18 C:/devkitPro/libnds/lib\libnds9.a(dynamicArray.o)
                0x0000000002007b1c                DynamicArrayInit
 .text.DynamicArrayGet
                0x0000000002007b34       0x18 C:/devkitPro/libnds/lib\libnds9.a(dynamicArray.o)
                0x0000000002007b34                DynamicArrayGet
 .text.DynamicArraySet
                0x0000000002007b4c       0x48 C:/devkitPro/libnds/lib\libnds9.a(dynamicArray.o)
                0x0000000002007b4c                DynamicArraySet
 .text.vramRestorePrimaryBanks
                0x0000000002007b94        0xc C:/devkitPro/libnds/lib\libnds9.a(video.o)
                0x0000000002007b94                vramRestorePrimaryBanks
 .text.vramDefault
                0x0000000002007ba0       0xd0 C:/devkitPro/libnds/lib\libnds9.a(video.o)
                0x0000000002007ba0                vramDefault
 .text.systemValueHandler
                0x0000000002007c70       0x48 C:/devkitPro/libnds/lib\libnds9.a(system.o)
                0x0000000002007c70                systemValueHandler
 .text.systemMsgHandler
                0x0000000002007cb8       0x60 C:/devkitPro/libnds/lib\libnds9.a(system.o)
                0x0000000002007cb8                systemMsgHandler
 .text.powerOn  0x0000000002007d18       0x2c C:/devkitPro/libnds/lib\libnds9.a(system.o)
                0x0000000002007d18                powerOn
 .text._ZdlPvj  0x0000000002007d44       0x10 c:/devkitpro/devkitarm/bin/../lib/gcc/arm-none-eabi/12.1.0/../../../../arm-none-eabi/lib\libstdc++.a(del_ops.o)
                0x0000000002007d44                operator delete(void*, unsigned int)
 .text._Znwj    0x0000000002007d54       0x68 c:/devkitpro/devkitarm/bin/../lib/gcc/arm-none-eabi/12.1.0/../../../../arm-none-eabi/lib\libstdc++.a(new_op.o)
                0x0000000002007d54                operator new(unsigned int)
 .text._ZNSt8__detail15_List_node_base7_M_hookEPS0_
                0x0000000002007dbc       0x14 c:/devkitpro/devkitarm/bin/../lib/gcc/arm-none-eabi/12.1.0/../../../../arm-none-eabi/lib\libstdc++.a(list.o)
                0x0000000002007dbc                std::__detail::_List_node_base::_M_hook(std::__detail::_List_node_base*)
 .text._ZNKSt9bad_alloc4whatEv
                0x0000000002007dd0        0xc c:/devkitpro/devkitarm/bin/../lib/gcc/arm-none-eabi/12.1.0/../../../../arm-none-eabi/lib\libstdc++.a(bad_alloc.o)
                0x0000000002007dd0                std::bad_alloc::what() const
 .text._ZNSt9bad_allocD2Ev
                0x0000000002007ddc       0x24 c:/devkitpro/devkitarm/bin/../lib/gcc/arm-none-eabi/12.1.0/../../../../arm-none-eabi/lib\libstdc++.a(bad_alloc.o)
                0x0000000002007ddc                std::bad_alloc::~bad_alloc()
                0x0000000002007ddc                std::bad_alloc::~bad_alloc()
 .text._ZNSt9bad_allocD0Ev
                0x0000000002007e00       0x30 c:/devkitpro/devkitarm/bin/../lib/gcc/arm-none-eabi/12.1.0/../../../../arm-none-eabi/lib\libstdc++.a(bad_alloc.o)
                0x0000000002007e00                std::bad_alloc::~bad_alloc()
 .text._ZdlPv   0x0000000002007e30       0x10 c:/devkitpro/devkitarm/bin/../lib/gcc/arm-none-eabi/12.1.0/../../../../arm-none-eabi/lib\libstdc++.a(del_op.o)
                0x0000000002007e30                operator delete(void*)
 .text._ZN12_GLOBAL__N_14pool4freeEPv.constprop.0
                0x0000000002007e40       0xd4 c:/devkitpro/devkitarm/bin/../lib/gcc/arm-none-eabi/12.1.0/../../../../arm-none-eabi/lib\libstdc++.a(eh_alloc.o)
 .text._ZN12_GLOBAL__N_14pool8allocateEj.constprop.0
                0x0000000002007f14       0x9c c:/devkitpro/devkitarm/bin/../lib/gcc/arm-none-eabi/12.1.0/../../../../arm-none-eabi/lib\libstdc++.a(eh_alloc.o)
 .text.__cxa_allocate_exception
                0x0000000002007fb0       0x48 c:/devkitpro/devkitarm/bin/../lib/gcc/arm-none-eabi/12.1.0/../../../../arm-none-eabi/lib\libstdc++.a(eh_alloc.o)
                0x0000000002007fb0                __cxa_allocate_exception
 .text.__cxa_free_exception
                0x0000000002007ff8       0x38 c:/devkitpro/devkitarm/bin/../lib/gcc/arm-none-eabi/12.1.0/../../../../arm-none-eabi/lib\libstdc++.a(eh_alloc.o)
                0x0000000002007ff8                __cxa_free_exception
 .text.startup._GLOBAL__sub_I__ZN9__gnu_cxx9__freeresEv
                0x0000000002008030       0x40 c:/devkitpro/devkitarm/bin/../lib/gcc/arm-none-eabi/12.1.0/../../../../arm-none-eabi/lib\libstdc++.a(eh_alloc.o)
 .text._ZNSt9exceptionD2Ev
                0x0000000002008070        0x4 c:/devkitpro/devkitarm/bin/../lib/gcc/arm-none-eabi/12.1.0/../../../../arm-none-eabi/lib\libstdc++.a(eh_exception.o)
                0x0000000002008070                std::exception::~exception()
                0x0000000002008070                std::exception::~exception()
 .text._ZNSt13bad_exceptionD2Ev
                0x0000000002008074        0x4 c:/devkitpro/devkitarm/bin/../lib/gcc/arm-none-eabi/12.1.0/../../../../arm-none-eabi/lib\libstdc++.a(eh_exception.o)
                0x0000000002008074                std::bad_exception::~bad_exception()
                0x0000000002008074                std::bad_exception::~bad_exception()
 .text._ZNKSt13bad_exception4whatEv
                0x0000000002008078        0xc c:/devkitpro/devkitarm/bin/../lib/gcc/arm-none-eabi/12.1.0/../../../../arm-none-eabi/lib\libstdc++.a(eh_exception.o)
                0x0000000002008078                std::bad_exception::what() const
                0x0000000002008078                transaction clone for std::bad_exception::what() const
 .text._ZNSt13bad_exceptionD0Ev
                0x0000000002008084       0x1c c:/devkitpro/devkitarm/bin/../lib/gcc/arm-none-eabi/12.1.0/../../../../arm-none-eabi/lib\libstdc++.a(eh_exception.o)
                0x0000000002008084                std::bad_exception::~bad_exception()
 .text._ZN10__cxxabiv111__terminateEPFvvE
                0x00000000020080a0       0x18 c:/devkitpro/devkitarm/bin/../lib/gcc/arm-none-eabi/12.1.0/../../../../arm-none-eabi/lib\libstdc++.a(eh_terminate.o)
                0x00000000020080a0                __cxxabiv1::__terminate(void (*)())
 .text._ZSt9terminatev
                0x00000000020080b8       0x14 c:/devkitpro/devkitarm/bin/../lib/gcc/arm-none-eabi/12.1.0/../../../../arm-none-eabi/lib\libstdc++.a(eh_terminate.o)
                0x00000000020080b8                std::terminate()
 .text._ZN10__cxxabiv112__unexpectedEPFvvE
                0x00000000020080cc       0x10 c:/devkitpro/devkitarm/bin/../lib/gcc/arm-none-eabi/12.1.0/../../../../arm-none-eabi/lib\libstdc++.a(eh_terminate.o)
                0x00000000020080cc                __cxxabiv1::__unexpected(void (*)())
 .text._ZSt10unexpectedv
                0x00000000020080dc       0x14 c:/devkitpro/devkitarm/bin/../lib/gcc/arm-none-eabi/12.1.0/../../../../arm-none-eabi/lib\libstdc++.a(eh_terminate.o)
                0x00000000020080dc                std::unexpected()
 .text._ZSt13get_terminatev
                0x00000000020080f0       0x10 c:/devkitpro/devkitarm/bin/../lib/gcc/arm-none-eabi/12.1.0/../../../../arm-none-eabi/lib\libstdc++.a(eh_terminate.o)
                0x00000000020080f0                std::get_terminate()
 .text._ZSt14get_unexpectedv
                0x0000000002008100       0x10 c:/devkitpro/devkitarm/bin/../lib/gcc/arm-none-eabi/12.1.0/../../../../arm-none-eabi/lib\libstdc++.a(eh_terminate.o)
                0x0000000002008100                std::get_unexpected()
 .text._ZL23__gxx_exception_cleanup19_Unwind_Reason_CodeP21_Unwind_Control_Block
                0x0000000002008110       0x58 c:/devkitpro/devkitarm/bin/../lib/gcc/arm-none-eabi/12.1.0/../../../../arm-none-eabi/lib\libstdc++.a(eh_throw.o)
 .text.__cxa_init_primary_exception
                0x0000000002008168       0x74 c:/devkitpro/devkitarm/bin/../lib/gcc/arm-none-eabi/12.1.0/../../../../arm-none-eabi/lib\libstdc++.a(eh_throw.o)
                0x0000000002008168                __cxa_init_primary_exception
 .text.__cxa_throw
                0x00000000020081dc       0x54 c:/devkitpro/devkitarm/bin/../lib/gcc/arm-none-eabi/12.1.0/../../../../arm-none-eabi/lib\libstdc++.a(eh_throw.o)
                0x00000000020081dc                __cxa_throw
 .text.__cxa_rethrow
                0x0000000002008230       0xb0 c:/devkitpro/devkitarm/bin/../lib/gcc/arm-none-eabi/12.1.0/../../../../arm-none-eabi/lib\libstdc++.a(eh_throw.o)
                0x0000000002008230                __cxa_rethrow
 .text._ZSt15get_new_handlerv
                0x00000000020082e0       0x10 c:/devkitpro/devkitarm/bin/../lib/gcc/arm-none-eabi/12.1.0/../../../../arm-none-eabi/lib\libstdc++.a(new_handler.o)
                0x00000000020082e0                std::get_new_handler()
 .text._ZN10__cxxabiv120__si_class_type_infoD2Ev
                0x00000000020082f0       0x24 c:/devkitpro/devkitarm/bin/../lib/gcc/arm-none-eabi/12.1.0/../../../../arm-none-eabi/lib\libstdc++.a(si_class_type_info.o)
                0x00000000020082f0                __cxxabiv1::__si_class_type_info::~__si_class_type_info()
                0x00000000020082f0                __cxxabiv1::__si_class_type_info::~__si_class_type_info()
 .text._ZN10__cxxabiv120__si_class_type_infoD0Ev
                0x0000000002008314       0x30 c:/devkitpro/devkitarm/bin/../lib/gcc/arm-none-eabi/12.1.0/../../../../arm-none-eabi/lib\libstdc++.a(si_class_type_info.o)
                0x0000000002008314                __cxxabiv1::__si_class_type_info::~__si_class_type_info()
 .text._ZNK10__cxxabiv120__si_class_type_info20__do_find_public_srcEiPKvPKNS_17__class_type_infoES2_
                0x0000000002008344       0x70 c:/devkitpro/devkitarm/bin/../lib/gcc/arm-none-eabi/12.1.0/../../../../arm-none-eabi/lib\libstdc++.a(si_class_type_info.o)
                0x0000000002008344                __cxxabiv1::__si_class_type_info::__do_find_public_src(int, void const*, __cxxabiv1::__class_type_info const*, void const*) const
 .text._ZNK10__cxxabiv120__si_class_type_info12__do_dyncastEiNS_17__class_type_info10__sub_kindEPKS1_PKvS4_S6_RNS1_16__dyncast_resultE
                0x00000000020083b4       0xe4 c:/devkitpro/devkitarm/bin/../lib/gcc/arm-none-eabi/12.1.0/../../../../arm-none-eabi/lib\libstdc++.a(si_class_type_info.o)
                0x00000000020083b4                __cxxabiv1::__si_class_type_info::__do_dyncast(int, __cxxabiv1::__class_type_info::__sub_kind, __cxxabiv1::__class_type_info const*, void const*, __cxxabiv1::__class_type_info const*, void const*, __cxxabiv1::__class_type_info::__dyncast_result&) const
 .text._ZNK10__cxxabiv120__si_class_type_info11__do_upcastEPKNS_17__class_type_infoEPKvRNS1_15__upcast_resultE
                0x0000000002008498       0x4c c:/devkitpro/devkitarm/bin/../lib/gcc/arm-none-eabi/12.1.0/../../../../arm-none-eabi/lib\libstdc++.a(si_class_type_info.o)
                0x0000000002008498                __cxxabiv1::__si_class_type_info::__do_upcast(__cxxabiv1::__class_type_info const*, void const*, __cxxabiv1::__class_type_info::__upcast_result&) const
 .text._ZNSt9type_infoD2Ev
                0x00000000020084e4        0x4 c:/devkitpro/devkitarm/bin/../lib/gcc/arm-none-eabi/12.1.0/../../../../arm-none-eabi/lib\libstdc++.a(tinfo.o)
                0x00000000020084e4                std::type_info::~type_info()
                0x00000000020084e4                std::type_info::~type_info()
 .text._ZNKSt9type_info14__is_pointer_pEv
                0x00000000020084e8        0x8 c:/devkitpro/devkitarm/bin/../lib/gcc/arm-none-eabi/12.1.0/../../../../arm-none-eabi/lib\libstdc++.a(tinfo.o)
                0x00000000020084e8                std::type_info::__is_pointer_p() const
                0x00000000020084e8                std::type_info::__is_function_p() const
 .text._ZNKSt9type_infoeqERKS_
                0x00000000020084f0       0x50 c:/devkitpro/devkitarm/bin/../lib/gcc/arm-none-eabi/12.1.0/../../../../arm-none-eabi/lib\libstdc++.a(tinfo.o)
                0x00000000020084f0                std::type_info::operator==(std::type_info const&) const
                0x00000000020084f0                std::type_info::__equal(std::type_info const&) const
 .text._ZNK10__cxxabiv117__class_type_info11__do_upcastEPKS0_PPv
                0x0000000002008540       0x64 c:/devkitpro/devkitarm/bin/../lib/gcc/arm-none-eabi/12.1.0/../../../../arm-none-eabi/lib\libstdc++.a(class_type_info.o)
                0x0000000002008540                __cxxabiv1::__class_type_info::__do_upcast(__cxxabiv1::__class_type_info const*, void**) const
 .text._ZNK10__cxxabiv117__class_type_info20__do_find_public_srcEiPKvPKS0_S2_
                0x00000000020085a4       0x14 c:/devkitpro/devkitarm/bin/../lib/gcc/arm-none-eabi/12.1.0/../../../../arm-none-eabi/lib\libstdc++.a(class_type_info.o)
                0x00000000020085a4                __cxxabiv1::__class_type_info::__do_find_public_src(int, void const*, __cxxabiv1::__class_type_info const*, void const*) const
 .text._ZN10__cxxabiv117__class_type_infoD2Ev
                0x00000000020085b8       0x24 c:/devkitpro/devkitarm/bin/../lib/gcc/arm-none-eabi/12.1.0/../../../../arm-none-eabi/lib\libstdc++.a(class_type_info.o)
                0x00000000020085b8                __cxxabiv1::__class_type_info::~__class_type_info()
                0x00000000020085b8                __cxxabiv1::__class_type_info::~__class_type_info()
 .text._ZN10__cxxabiv117__class_type_infoD0Ev
                0x00000000020085dc       0x30 c:/devkitpro/devkitarm/bin/../lib/gcc/arm-none-eabi/12.1.0/../../../../arm-none-eabi/lib\libstdc++.a(class_type_info.o)
                0x00000000020085dc                __cxxabiv1::__class_type_info::~__class_type_info()
 .text._ZNK10__cxxabiv117__class_type_info12__do_dyncastEiNS0_10__sub_kindEPKS0_PKvS3_S5_RNS0_16__dyncast_resultE
                0x000000000200860c       0x70 c:/devkitpro/devkitarm/bin/../lib/gcc/arm-none-eabi/12.1.0/../../../../arm-none-eabi/lib\libstdc++.a(class_type_info.o)
                0x000000000200860c                __cxxabiv1::__class_type_info::__do_dyncast(int, __cxxabiv1::__class_type_info::__sub_kind, __cxxabiv1::__class_type_info const*, void const*, __cxxabiv1::__class_type_info const*, void const*, __cxxabiv1::__class_type_info::__dyncast_result&) const
 .text._ZNK10__cxxabiv117__class_type_info11__do_upcastEPKS0_PKvRNS0_15__upcast_resultE
                0x000000000200867c       0x30 c:/devkitpro/devkitarm/bin/../lib/gcc/arm-none-eabi/12.1.0/../../../../arm-none-eabi/lib\libstdc++.a(class_type_info.o)
                0x000000000200867c                __cxxabiv1::__class_type_info::__do_upcast(__cxxabiv1::__class_type_info const*, void const*, __cxxabiv1::__class_type_info::__upcast_result&) const
 .text._ZNK10__cxxabiv117__class_type_info10__do_catchEPKSt9type_infoPPvj
                0x00000000020086ac       0x4c c:/devkitpro/devkitarm/bin/../lib/gcc/arm-none-eabi/12.1.0/../../../../arm-none-eabi/lib\libstdc++.a(class_type_info.o)
                0x00000000020086ac                __cxxabiv1::__class_type_info::__do_catch(std::type_info const*, void**, unsigned int) const
 .text.__cxa_begin_catch
                0x00000000020086f8       0xd4 c:/devkitpro/devkitarm/bin/../lib/gcc/arm-none-eabi/12.1.0/../../../../arm-none-eabi/lib\libstdc++.a(eh_catch.o)
                0x00000000020086f8                __cxa_begin_catch
 .text.__cxa_end_catch
                0x00000000020087cc       0xe0 c:/devkitpro/devkitarm/bin/../lib/gcc/arm-none-eabi/12.1.0/../../../../arm-none-eabi/lib\libstdc++.a(eh_catch.o)
                0x00000000020087cc                __cxa_end_catch
 .text.__cxa_get_globals_fast
                0x00000000020088ac        0xc c:/devkitpro/devkitarm/bin/../lib/gcc/arm-none-eabi/12.1.0/../../../../arm-none-eabi/lib\libstdc++.a(eh_globals.o)
                0x00000000020088ac                __cxa_get_globals_fast
 .text.__cxa_get_globals
                0x00000000020088b8        0xc c:/devkitpro/devkitarm/bin/../lib/gcc/arm-none-eabi/12.1.0/../../../../arm-none-eabi/lib\libstdc++.a(eh_globals.o)
                0x00000000020088b8                __cxa_get_globals
 .text._ZL28read_encoded_value_with_basehjPKhPj
                0x00000000020088c4      0x174 c:/devkitpro/devkitarm/bin/../lib/gcc/arm-none-eabi/12.1.0/../../../../arm-none-eabi/lib\libstdc++.a(eh_personality.o)
 .text._ZL21base_of_encoded_valuehP15_Unwind_Context
                0x0000000002008a38       0x78 c:/devkitpro/devkitarm/bin/../lib/gcc/arm-none-eabi/12.1.0/../../../../arm-none-eabi/lib\libstdc++.a(eh_personality.o)
 .text._ZL17parse_lsda_headerP15_Unwind_ContextPKhP16lsda_header_info
                0x0000000002008ab0       0xd8 c:/devkitpro/devkitarm/bin/../lib/gcc/arm-none-eabi/12.1.0/../../../../arm-none-eabi/lib\libstdc++.a(eh_personality.o)
 .text.__gxx_personality_v0
                0x0000000002008b88      0x6f8 c:/devkitpro/devkitarm/bin/../lib/gcc/arm-none-eabi/12.1.0/../../../../arm-none-eabi/lib\libstdc++.a(eh_personality.o)
                0x0000000002008b88                __gxx_personality_v0
 .text.__cxa_end_cleanup
                0x0000000002009280       0x10 c:/devkitpro/devkitarm/bin/../lib/gcc/arm-none-eabi/12.1.0/../../../../arm-none-eabi/lib\libstdc++.a(eh_arm.o)
                0x0000000002009280                __cxa_end_cleanup
 .text.__cxa_type_match
                0x0000000002009290      0x138 c:/devkitpro/devkitarm/bin/../lib/gcc/arm-none-eabi/12.1.0/../../../../arm-none-eabi/lib\libstdc++.a(eh_arm.o)
                0x0000000002009290                __cxa_type_match
 .text.__cxa_begin_cleanup
                0x00000000020093c8       0xbc c:/devkitpro/devkitarm/bin/../lib/gcc/arm-none-eabi/12.1.0/../../../../arm-none-eabi/lib\libstdc++.a(eh_arm.o)
                0x00000000020093c8                __cxa_begin_cleanup
 .text.__gnu_end_cleanup
                0x0000000002009484       0xbc c:/devkitpro/devkitarm/bin/../lib/gcc/arm-none-eabi/12.1.0/../../../../arm-none-eabi/lib\libstdc++.a(eh_arm.o)
                0x0000000002009484                __gnu_end_cleanup
 .text._ZN10__cxxabiv1L24__is_gxx_exception_classEPc
                0x0000000002009540       0x70 c:/devkitpro/devkitarm/bin/../lib/gcc/arm-none-eabi/12.1.0/../../../../arm-none-eabi/lib\libstdc++.a(eh_call.o)
 .text.__cxa_call_terminate
                0x00000000020095b0       0x2c c:/devkitpro/devkitarm/bin/../lib/gcc/arm-none-eabi/12.1.0/../../../../arm-none-eabi/lib\libstdc++.a(eh_call.o)
                0x00000000020095b0                __cxa_call_terminate
 .text.unlikely.__cxa_call_unexpected
                0x00000000020095dc      0x138 c:/devkitpro/devkitarm/bin/../lib/gcc/arm-none-eabi/12.1.0/../../../../arm-none-eabi/lib\libstdc++.a(eh_call.o)
                0x00000000020095dc                __cxa_call_unexpected
 .text.selfrel_offset31
                0x0000000002009714       0x18 c:/devkitpro/devkitarm/bin/../lib/gcc/arm-none-eabi/12.1.0\libgcc.a(unwind-arm.o)
 .text.search_EIT_table
                0x000000000200972c       0x98 c:/devkitpro/devkitarm/bin/../lib/gcc/arm-none-eabi/12.1.0\libgcc.a(unwind-arm.o)
 .text.__gnu_unwind_get_pr_addr
                0x00000000020097c4       0x40 c:/devkitpro/devkitarm/bin/../lib/gcc/arm-none-eabi/12.1.0\libgcc.a(unwind-arm.o)
 .text.get_eit_entry
                0x0000000002009804       0xf8 c:/devkitpro/devkitarm/bin/../lib/gcc/arm-none-eabi/12.1.0\libgcc.a(unwind-arm.o)
 .text.restore_non_core_regs
                0x00000000020098fc       0x90 c:/devkitpro/devkitarm/bin/../lib/gcc/arm-none-eabi/12.1.0\libgcc.a(unwind-arm.o)
 .text._Unwind_decode_typeinfo_ptr.constprop.0
                0x000000000200998c       0x14 c:/devkitpro/devkitarm/bin/../lib/gcc/arm-none-eabi/12.1.0\libgcc.a(unwind-arm.o)
 .text._Unwind_DebugHook
                0x00000000020099a0        0x4 c:/devkitpro/devkitarm/bin/../lib/gcc/arm-none-eabi/12.1.0\libgcc.a(unwind-arm.o)
 .text.unwind_phase2
                0x00000000020099a4       0x68 c:/devkitpro/devkitarm/bin/../lib/gcc/arm-none-eabi/12.1.0\libgcc.a(unwind-arm.o)
 .text.unwind_phase2_forced
                0x0000000002009a0c      0x154 c:/devkitpro/devkitarm/bin/../lib/gcc/arm-none-eabi/12.1.0\libgcc.a(unwind-arm.o)
 .text.__gnu_Unwind_RaiseException
                0x0000000002009b60       0xac c:/devkitpro/devkitarm/bin/../lib/gcc/arm-none-eabi/12.1.0\libgcc.a(unwind-arm.o)
                0x0000000002009b60                __gnu_Unwind_RaiseException
 .text.__gnu_Unwind_ForcedUnwind
                0x0000000002009c0c       0x28 c:/devkitpro/devkitarm/bin/../lib/gcc/arm-none-eabi/12.1.0\libgcc.a(unwind-arm.o)
                0x0000000002009c0c                __gnu_Unwind_ForcedUnwind
 .text.__gnu_Unwind_Resume
                0x0000000002009c34       0x78 c:/devkitpro/devkitarm/bin/../lib/gcc/arm-none-eabi/12.1.0\libgcc.a(unwind-arm.o)
                0x0000000002009c34                __gnu_Unwind_Resume
 .text.__gnu_Unwind_Resume_or_Rethrow
                0x0000000002009cac       0x1c c:/devkitpro/devkitarm/bin/../lib/gcc/arm-none-eabi/12.1.0\libgcc.a(unwind-arm.o)
                0x0000000002009cac                __gnu_Unwind_Resume_or_Rethrow
 .text._Unwind_Complete
                0x0000000002009cc8        0x4 c:/devkitpro/devkitarm/bin/../lib/gcc/arm-none-eabi/12.1.0\libgcc.a(unwind-arm.o)
                0x0000000002009cc8                _Unwind_Complete
 .text._Unwind_DeleteException
                0x0000000002009ccc       0x18 c:/devkitpro/devkitarm/bin/../lib/gcc/arm-none-eabi/12.1.0\libgcc.a(unwind-arm.o)
                0x0000000002009ccc                _Unwind_DeleteException
 .text._Unwind_VRS_Get
                0x0000000002009ce4       0x5c c:/devkitpro/devkitarm/bin/../lib/gcc/arm-none-eabi/12.1.0\libgcc.a(unwind-arm.o)
                0x0000000002009ce4                _Unwind_VRS_Get
 .text._Unwind_GetGR
                0x0000000002009d40       0x30 c:/devkitpro/devkitarm/bin/../lib/gcc/arm-none-eabi/12.1.0\libgcc.a(unwind-arm.o)
 .text._Unwind_VRS_Set
                0x0000000002009d70       0x5c c:/devkitpro/devkitarm/bin/../lib/gcc/arm-none-eabi/12.1.0\libgcc.a(unwind-arm.o)
                0x0000000002009d70                _Unwind_VRS_Set
 .text._Unwind_SetGR
                0x0000000002009dcc       0x30 c:/devkitpro/devkitarm/bin/../lib/gcc/arm-none-eabi/12.1.0\libgcc.a(unwind-arm.o)
 .text.__gnu_Unwind_Backtrace
                0x0000000002009dfc       0xcc c:/devkitpro/devkitarm/bin/../lib/gcc/arm-none-eabi/12.1.0\libgcc.a(unwind-arm.o)
                0x0000000002009dfc                __gnu_Unwind_Backtrace
 .text.__gnu_unwind_pr_common
                0x0000000002009ec8      0x41c c:/devkitpro/devkitarm/bin/../lib/gcc/arm-none-eabi/12.1.0\libgcc.a(unwind-arm.o)
 .text.__aeabi_unwind_cpp_pr0
                0x000000000200a2e4        0x8 c:/devkitpro/devkitarm/bin/../lib/gcc/arm-none-eabi/12.1.0\libgcc.a(unwind-arm.o)
                0x000000000200a2e4                __aeabi_unwind_cpp_pr0
 .text.__aeabi_unwind_cpp_pr1
                0x000000000200a2ec        0x8 c:/devkitpro/devkitarm/bin/../lib/gcc/arm-none-eabi/12.1.0\libgcc.a(unwind-arm.o)
                0x000000000200a2ec                __aeabi_unwind_cpp_pr1
 .text.__aeabi_unwind_cpp_pr2
                0x000000000200a2f4        0x8 c:/devkitpro/devkitarm/bin/../lib/gcc/arm-none-eabi/12.1.0\libgcc.a(unwind-arm.o)
                0x000000000200a2f4                __aeabi_unwind_cpp_pr2
 .text._Unwind_VRS_Pop
                0x000000000200a2fc      0x3e4 c:/devkitpro/devkitarm/bin/../lib/gcc/arm-none-eabi/12.1.0\libgcc.a(unwind-arm.o)
                0x000000000200a2fc                _Unwind_VRS_Pop
 .text.next_unwind_byte
                0x000000000200a6e0       0x60 c:/devkitpro/devkitarm/bin/../lib/gcc/arm-none-eabi/12.1.0\libgcc.a(pr-support.o)
 .text._Unwind_GetGR.constprop.0
                0x000000000200a740       0x30 c:/devkitpro/devkitarm/bin/../lib/gcc/arm-none-eabi/12.1.0\libgcc.a(pr-support.o)
 .text.unwind_UCB_from_context
                0x000000000200a770        0x4 c:/devkitpro/devkitarm/bin/../lib/gcc/arm-none-eabi/12.1.0\libgcc.a(pr-support.o)
 .text.__gnu_unwind_execute
                0x000000000200a774      0x424 c:/devkitpro/devkitarm/bin/../lib/gcc/arm-none-eabi/12.1.0\libgcc.a(pr-support.o)
                0x000000000200a774                __gnu_unwind_execute
 .text.__gnu_unwind_frame
                0x000000000200ab98       0x4c c:/devkitpro/devkitarm/bin/../lib/gcc/arm-none-eabi/12.1.0\libgcc.a(pr-support.o)
                0x000000000200ab98                __gnu_unwind_frame
 .text._Unwind_GetRegionStart
                0x000000000200abe4       0x14 c:/devkitpro/devkitarm/bin/../lib/gcc/arm-none-eabi/12.1.0\libgcc.a(pr-support.o)
                0x000000000200abe4                _Unwind_GetRegionStart
 .text._Unwind_GetLanguageSpecificData
                0x000000000200abf8       0x20 c:/devkitpro/devkitarm/bin/../lib/gcc/arm-none-eabi/12.1.0\libgcc.a(pr-support.o)
                0x000000000200abf8                _Unwind_GetLanguageSpecificData
 .text.unlikely._Unwind_GetDataRelBase
                0x000000000200ac18        0x8 c:/devkitpro/devkitarm/bin/../lib/gcc/arm-none-eabi/12.1.0\libgcc.a(pr-support.o)
                0x000000000200ac18                _Unwind_GetDataRelBase
 .text.unlikely._Unwind_GetTextRelBase
                0x000000000200ac20        0x8 c:/devkitpro/devkitarm/bin/../lib/gcc/arm-none-eabi/12.1.0\libgcc.a(pr-support.o)
                0x000000000200ac20                _Unwind_GetTextRelBase
 .text.abort    0x000000000200ac28       0x14 c:/devkitpro/devkitarm/bin/../lib/gcc/arm-none-eabi/12.1.0/../../../../arm-none-eabi/lib\libg.a(lib_a-abort.o)
                0x000000000200ac28                abort
 .text.calloc   0x000000000200ac3c       0x24 c:/devkitpro/devkitarm/bin/../lib/gcc/arm-none-eabi/12.1.0/../../../../arm-none-eabi/lib\libg.a(lib_a-calloc.o)
                0x000000000200ac3c                calloc
 .text._calloc_r
                0x000000000200ac60       0xd0 c:/devkitpro/devkitarm/bin/../lib/gcc/arm-none-eabi/12.1.0/../../../../arm-none-eabi/lib\libg.a(lib_a-callocr.o)
                0x000000000200ac60                _calloc_r
 .text.__errno  0x000000000200ad30       0x10 c:/devkitpro/devkitarm/bin/../lib/gcc/arm-none-eabi/12.1.0/../../../../arm-none-eabi/lib\libg.a(lib_a-errno.o)
                0x000000000200ad30                __errno
 .text.__libc_init_array
                0x000000000200ad40       0x90 c:/devkitpro/devkitarm/bin/../lib/gcc/arm-none-eabi/12.1.0/../../../../arm-none-eabi/lib\libg.a(lib_a-init.o)
                0x000000000200ad40                __libc_init_array
 .text.iprintf  0x000000000200add0       0x34 c:/devkitpro/devkitarm/bin/../lib/gcc/arm-none-eabi/12.1.0/../../../../arm-none-eabi/lib\libg.a(lib_a-iprintf.o)
                0x000000000200add0                iprintf
 .text.malloc   0x000000000200ae04       0x1c c:/devkitpro/devkitarm/bin/../lib/gcc/arm-none-eabi/12.1.0/../../../../arm-none-eabi/lib\libg.a(lib_a-malloc.o)
                0x000000000200ae04                malloc
 .text.free     0x000000000200ae20       0x1c c:/devkitpro/devkitarm/bin/../lib/gcc/arm-none-eabi/12.1.0/../../../../arm-none-eabi/lib\libg.a(lib_a-malloc.o)
                0x000000000200ae20                free
 .text._malloc_r
                0x000000000200ae3c      0x7f0 c:/devkitpro/devkitarm/bin/../lib/gcc/arm-none-eabi/12.1.0/../../../../arm-none-eabi/lib\libg.a(lib_a-mallocr.o)
                0x000000000200ae3c                _malloc_r
 .text.memcpy   0x000000000200b62c      0x114 c:/devkitpro/devkitarm/bin/../lib/gcc/arm-none-eabi/12.1.0/../../../../arm-none-eabi/lib\libg.a(lib_a-memcpy-stub.o)
                0x000000000200b62c                memcpy
 .text.memset   0x000000000200b740       0xfc c:/devkitpro/devkitarm/bin/../lib/gcc/arm-none-eabi/12.1.0/../../../../arm-none-eabi/lib\libg.a(lib_a-memset.o)
                0x000000000200b740                memset
 .text.__malloc_lock
                0x000000000200b83c       0x18 c:/devkitpro/devkitarm/bin/../lib/gcc/arm-none-eabi/12.1.0/../../../../arm-none-eabi/lib\libg.a(lib_a-mlock.o)
                0x000000000200b83c                __malloc_lock
 .text.__malloc_unlock
                0x000000000200b854       0x18 c:/devkitpro/devkitarm/bin/../lib/gcc/arm-none-eabi/12.1.0/../../../../arm-none-eabi/lib\libg.a(lib_a-mlock.o)
                0x000000000200b854                __malloc_unlock
 .text.printf   0x000000000200b86c       0x34 c:/devkitpro/devkitarm/bin/../lib/gcc/arm-none-eabi/12.1.0/../../../../arm-none-eabi/lib\libg.a(lib_a-printf.o)
                0x000000000200b86c                printf
 .text._puts_r  0x000000000200b8a0       0xe8 c:/devkitpro/devkitarm/bin/../lib/gcc/arm-none-eabi/12.1.0/../../../../arm-none-eabi/lib\libg.a(lib_a-puts.o)
                0x000000000200b8a0                _puts_r
 .text.puts     0x000000000200b988       0x18 c:/devkitpro/devkitarm/bin/../lib/gcc/arm-none-eabi/12.1.0/../../../../arm-none-eabi/lib\libg.a(lib_a-puts.o)
                0x000000000200b988                puts
 .text.rand     0x000000000200b9a0       0x48 c:/devkitpro/devkitarm/bin/../lib/gcc/arm-none-eabi/12.1.0/../../../../arm-none-eabi/lib\libg.a(lib_a-rand.o)
                0x000000000200b9a0                rand
 .text.realloc  0x000000000200b9e8       0x24 c:/devkitpro/devkitarm/bin/../lib/gcc/arm-none-eabi/12.1.0/../../../../arm-none-eabi/lib\libg.a(lib_a-realloc.o)
                0x000000000200b9e8                realloc
 .text._realloc_r
                0x000000000200ba0c      0x4b8 c:/devkitpro/devkitarm/bin/../lib/gcc/arm-none-eabi/12.1.0/../../../../arm-none-eabi/lib\libg.a(lib_a-reallocr.o)
                0x000000000200ba0c                _realloc_r
 .text.setvbuf  0x000000000200bec4      0x25c c:/devkitpro/devkitarm/bin/../lib/gcc/arm-none-eabi/12.1.0/../../../../arm-none-eabi/lib\libg.a(lib_a-setvbuf.o)
                0x000000000200bec4                setvbuf
 .text._raise_r
                0x000000000200c120       0x94 c:/devkitpro/devkitarm/bin/../lib/gcc/arm-none-eabi/12.1.0/../../../../arm-none-eabi/lib\libg.a(lib_a-signal.o)
                0x000000000200c120                _raise_r
 .text.raise    0x000000000200c1b4       0x18 c:/devkitpro/devkitarm/bin/../lib/gcc/arm-none-eabi/12.1.0/../../../../arm-none-eabi/lib\libg.a(lib_a-signal.o)
                0x000000000200c1b4                raise
 .text.siscanf  0x000000000200c1cc       0x74 c:/devkitpro/devkitarm/bin/../lib/gcc/arm-none-eabi/12.1.0/../../../../arm-none-eabi/lib\libg.a(lib_a-siscanf.o)
                0x000000000200c1cc                siscanf
 .text.__sread  0x000000000200c240       0x4c c:/devkitpro/devkitarm/bin/../lib/gcc/arm-none-eabi/12.1.0/../../../../arm-none-eabi/lib\libg.a(lib_a-stdio.o)
                0x000000000200c240                __sread
 .text.__seofread
                0x000000000200c28c        0x8 c:/devkitpro/devkitarm/bin/../lib/gcc/arm-none-eabi/12.1.0/../../../../arm-none-eabi/lib\libg.a(lib_a-stdio.o)
                0x000000000200c28c                __seofread
 .text.__swrite
                0x000000000200c294       0x6c c:/devkitpro/devkitarm/bin/../lib/gcc/arm-none-eabi/12.1.0/../../../../arm-none-eabi/lib\libg.a(lib_a-stdio.o)
                0x000000000200c294                __swrite
 .text.__sseek  0x000000000200c300       0x48 c:/devkitpro/devkitarm/bin/../lib/gcc/arm-none-eabi/12.1.0/../../../../arm-none-eabi/lib\libg.a(lib_a-stdio.o)
                0x000000000200c300                __sseek
 .text.__sclose
                0x000000000200c348       0x14 c:/devkitpro/devkitarm/bin/../lib/gcc/arm-none-eabi/12.1.0/../../../../arm-none-eabi/lib\libg.a(lib_a-stdio.o)
                0x000000000200c348                __sclose
 .text.strlen   0x000000000200c35c       0x60 c:/devkitpro/devkitarm/bin/../lib/gcc/arm-none-eabi/12.1.0/../../../../arm-none-eabi/lib\libg.a(lib_a-strlen-stub.o)
                0x000000000200c35c                strlen
 .text.get_arg  0x000000000200c3bc       0x54 c:/devkitpro/devkitarm/bin/../lib/gcc/arm-none-eabi/12.1.0/../../../../arm-none-eabi/lib\libg.a(lib_a-svfiscanf.o)
 .text._sungetc_r
                0x000000000200c410       0xdc c:/devkitpro/devkitarm/bin/../lib/gcc/arm-none-eabi/12.1.0/../../../../arm-none-eabi/lib\libg.a(lib_a-svfiscanf.o)
                0x000000000200c410                _sungetc_r
 .text.__ssrefill_r
                0x000000000200c4ec       0x68 c:/devkitpro/devkitarm/bin/../lib/gcc/arm-none-eabi/12.1.0/../../../../arm-none-eabi/lib\libg.a(lib_a-svfiscanf.o)
                0x000000000200c4ec                __ssrefill_r
 .text._sfread_r
                0x000000000200c554       0xc8 c:/devkitpro/devkitarm/bin/../lib/gcc/arm-none-eabi/12.1.0/../../../../arm-none-eabi/lib\libg.a(lib_a-svfiscanf.o)
                0x000000000200c554                _sfread_r
 .text.__ssvfiscanf_r
                0x000000000200c61c     0x2338 c:/devkitpro/devkitarm/bin/../lib/gcc/arm-none-eabi/12.1.0/../../../../arm-none-eabi/lib\libg.a(lib_a-svfiscanf.o)
                0x000000000200c61c                __ssvfiscanf_r
 .text.__submore
                0x000000000200e954       0xa8 c:/devkitpro/devkitarm/bin/../lib/gcc/arm-none-eabi/12.1.0/../../../../arm-none-eabi/lib\libg.a(lib_a-ungetc.o)
                0x000000000200e954                __submore
 .text.get_arg  0x000000000200e9fc      0x674 c:/devkitpro/devkitarm/bin/../lib/gcc/arm-none-eabi/12.1.0/../../../../arm-none-eabi/lib\libg.a(lib_a-vfiprintf.o)
 .text.__sprint_r
                0x000000000200f070       0x34 c:/devkitpro/devkitarm/bin/../lib/gcc/arm-none-eabi/12.1.0/../../../../arm-none-eabi/lib\libg.a(lib_a-vfiprintf.o)
                0x000000000200f070                __sprint_r
 .text._vfiprintf_r
                0x000000000200f0a4     0x2320 c:/devkitpro/devkitarm/bin/../lib/gcc/arm-none-eabi/12.1.0/../../../../arm-none-eabi/lib\libg.a(lib_a-vfiprintf.o)
                0x000000000200f0a4                _vfiprintf_r
 .text.__sbprintf
                0x00000000020113c4       0xd4 c:/devkitpro/devkitarm/bin/../lib/gcc/arm-none-eabi/12.1.0/../../../../arm-none-eabi/lib\libg.a(lib_a-vfiprintf.o)
 .text.get_arg  0x0000000002011498      0x674 c:/devkitpro/devkitarm/bin/../lib/gcc/arm-none-eabi/12.1.0/../../../../arm-none-eabi/lib\libg.a(lib_a-vfprintf.o)
 .text._vfprintf_r
                0x0000000002011b0c     0x370c c:/devkitpro/devkitarm/bin/../lib/gcc/arm-none-eabi/12.1.0/../../../../arm-none-eabi/lib\libg.a(lib_a-vfprintf.o)
                0x0000000002011b0c                _vfprintf_r
 .text.__sbprintf
                0x0000000002015218       0xd4 c:/devkitpro/devkitarm/bin/../lib/gcc/arm-none-eabi/12.1.0/../../../../arm-none-eabi/lib\libg.a(lib_a-vfprintf.o)
 .text._wcrtomb_r
                0x00000000020152ec       0x5c c:/devkitpro/devkitarm/bin/../lib/gcc/arm-none-eabi/12.1.0/../../../../arm-none-eabi/lib\libg.a(lib_a-wcrtomb.o)
                0x00000000020152ec                _wcrtomb_r
 .text._wcsrtombs_r
                0x0000000002015348       0x2c c:/devkitpro/devkitarm/bin/../lib/gcc/arm-none-eabi/12.1.0/../../../../arm-none-eabi/lib\libg.a(lib_a-wcsrtombs.o)
                0x0000000002015348                _wcsrtombs_r
 .text.__swsetup_r
                0x0000000002015374      0x148 c:/devkitpro/devkitarm/bin/../lib/gcc/arm-none-eabi/12.1.0/../../../../arm-none-eabi/lib\libg.a(lib_a-wsetup.o)
                0x0000000002015374                __swsetup_r
 .text.quorem   0x00000000020154bc      0x1d0 c:/devkitpro/devkitarm/bin/../lib/gcc/arm-none-eabi/12.1.0/../../../../arm-none-eabi/lib\libg.a(lib_a-dtoa.o)
 *fill*         0x000000000201568c        0x4 ff
 .text._dtoa_r  0x0000000002015690     0x1658 c:/devkitpro/devkitarm/bin/../lib/gcc/arm-none-eabi/12.1.0/../../../../arm-none-eabi/lib\libg.a(lib_a-dtoa.o)
                0x0000000002015690                _dtoa_r
 .text.__sflush_r
                0x0000000002016ce8      0x250 c:/devkitpro/devkitarm/bin/../lib/gcc/arm-none-eabi/12.1.0/../../../../arm-none-eabi/lib\libg.a(lib_a-fflush.o)
                0x0000000002016ce8                __sflush_r
 .text._fflush_r
                0x0000000002016f38       0x9c c:/devkitpro/devkitarm/bin/../lib/gcc/arm-none-eabi/12.1.0/../../../../arm-none-eabi/lib\libg.a(lib_a-fflush.o)
                0x0000000002016f38                _fflush_r
 .text._cleanup_r
                0x0000000002016fd4       0x18 c:/devkitpro/devkitarm/bin/../lib/gcc/arm-none-eabi/12.1.0/../../../../arm-none-eabi/lib\libg.a(lib_a-findfp.o)
                0x0000000002016fd4                _cleanup_r
 .text.__sinit  0x0000000002016fec      0x18c c:/devkitpro/devkitarm/bin/../lib/gcc/arm-none-eabi/12.1.0/../../../../arm-none-eabi/lib\libg.a(lib_a-findfp.o)
                0x0000000002016fec                __sinit
 .text.__sfp_lock_acquire
                0x0000000002017178       0x18 c:/devkitpro/devkitarm/bin/../lib/gcc/arm-none-eabi/12.1.0/../../../../arm-none-eabi/lib\libg.a(lib_a-findfp.o)
                0x0000000002017178                __sfp_lock_acquire
 .text.__sfp_lock_release
                0x0000000002017190       0x18 c:/devkitpro/devkitarm/bin/../lib/gcc/arm-none-eabi/12.1.0/../../../../arm-none-eabi/lib\libg.a(lib_a-findfp.o)
                0x0000000002017190                __sfp_lock_release
 .text._malloc_trim_r
                0x00000000020171a8      0x100 c:/devkitpro/devkitarm/bin/../lib/gcc/arm-none-eabi/12.1.0/../../../../arm-none-eabi/lib\libg.a(lib_a-freer.o)
                0x00000000020171a8                _malloc_trim_r
 .text._free_r  0x00000000020172a8      0x2e8 c:/devkitpro/devkitarm/bin/../lib/gcc/arm-none-eabi/12.1.0/../../../../arm-none-eabi/lib\libg.a(lib_a-freer.o)
                0x00000000020172a8                _free_r
 .text.__sfvwrite_r
                0x0000000002017590      0x4c8 c:/devkitpro/devkitarm/bin/../lib/gcc/arm-none-eabi/12.1.0/../../../../arm-none-eabi/lib\libg.a(lib_a-fvwrite.o)
                0x0000000002017590                __sfvwrite_r
 .text._fwalk_reent
                0x0000000002017a58       0x78 c:/devkitpro/devkitarm/bin/../lib/gcc/arm-none-eabi/12.1.0/../../../../arm-none-eabi/lib\libg.a(lib_a-fwalk.o)
                0x0000000002017a58                _fwalk_reent
 .text.iswspace
                0x0000000002017ad0       0x14 c:/devkitpro/devkitarm/bin/../lib/gcc/arm-none-eabi/12.1.0/../../../../arm-none-eabi/lib\libg.a(lib_a-iswspace.o)
                0x0000000002017ad0                iswspace
 .text._localeconv_r
                0x0000000002017ae4        0xc c:/devkitpro/devkitarm/bin/../lib/gcc/arm-none-eabi/12.1.0/../../../../arm-none-eabi/lib\libg.a(lib_a-localeconv.o)
                0x0000000002017ae4                _localeconv_r
 .text.__locale_mb_cur_max
                0x0000000002017af0       0x10 c:/devkitpro/devkitarm/bin/../lib/gcc/arm-none-eabi/12.1.0/../../../../arm-none-eabi/lib\libg.a(lib_a-locale.o)
                0x0000000002017af0                __locale_mb_cur_max
 .text.__smakebuf_r
                0x0000000002017b00      0x144 c:/devkitpro/devkitarm/bin/../lib/gcc/arm-none-eabi/12.1.0/../../../../arm-none-eabi/lib\libg.a(lib_a-makebuf.o)
                0x0000000002017b00                __smakebuf_r
 .text.__swhatbuf_r
                0x0000000002017c44       0x80 c:/devkitpro/devkitarm/bin/../lib/gcc/arm-none-eabi/12.1.0/../../../../arm-none-eabi/lib\libg.a(lib_a-makebuf.o)
                0x0000000002017c44                __swhatbuf_r
 .text._mbrtowc_r
                0x0000000002017cc4       0x70 c:/devkitpro/devkitarm/bin/../lib/gcc/arm-none-eabi/12.1.0/../../../../arm-none-eabi/lib\libg.a(lib_a-mbrtowc.o)
                0x0000000002017cc4                _mbrtowc_r
 .text.__utf8_mbtowc
                0x0000000002017d34      0x308 c:/devkitpro/devkitarm/bin/../lib/gcc/arm-none-eabi/12.1.0/../../../../arm-none-eabi/lib\libg.a(lib_a-mbtowc_r.o)
                0x0000000002017d34                __utf8_mbtowc
 .text.memchr   0x000000000201803c       0xf4 c:/devkitpro/devkitarm/bin/../lib/gcc/arm-none-eabi/12.1.0/../../../../arm-none-eabi/lib\libg.a(lib_a-memchr-stub.o)
                0x000000000201803c                memchr
 .text.memmove  0x0000000002018130      0x154 c:/devkitpro/devkitarm/bin/../lib/gcc/arm-none-eabi/12.1.0/../../../../arm-none-eabi/lib\libg.a(lib_a-memmove.o)
                0x0000000002018130                memmove
 .text._Balloc  0x0000000002018284       0x8c c:/devkitpro/devkitarm/bin/../lib/gcc/arm-none-eabi/12.1.0/../../../../arm-none-eabi/lib\libg.a(lib_a-mprec.o)
                0x0000000002018284                _Balloc
 .text._Bfree   0x0000000002018310       0x1c c:/devkitpro/devkitarm/bin/../lib/gcc/arm-none-eabi/12.1.0/../../../../arm-none-eabi/lib\libg.a(lib_a-mprec.o)
                0x0000000002018310                _Bfree
 .text.__multadd
                0x000000000201832c      0x100 c:/devkitpro/devkitarm/bin/../lib/gcc/arm-none-eabi/12.1.0/../../../../arm-none-eabi/lib\libg.a(lib_a-mprec.o)
                0x000000000201832c                __multadd
 .text.__hi0bits
                0x000000000201842c       0x60 c:/devkitpro/devkitarm/bin/../lib/gcc/arm-none-eabi/12.1.0/../../../../arm-none-eabi/lib\libg.a(lib_a-mprec.o)
                0x000000000201842c                __hi0bits
 .text.__lo0bits
                0x000000000201848c       0xa0 c:/devkitpro/devkitarm/bin/../lib/gcc/arm-none-eabi/12.1.0/../../../../arm-none-eabi/lib\libg.a(lib_a-mprec.o)
                0x000000000201848c                __lo0bits
 .text.__i2b    0x000000000201852c       0xa8 c:/devkitpro/devkitarm/bin/../lib/gcc/arm-none-eabi/12.1.0/../../../../arm-none-eabi/lib\libg.a(lib_a-mprec.o)
                0x000000000201852c                __i2b
 .text.__multiply
                0x00000000020185d4      0x218 c:/devkitpro/devkitarm/bin/../lib/gcc/arm-none-eabi/12.1.0/../../../../arm-none-eabi/lib\libg.a(lib_a-mprec.o)
                0x00000000020185d4                __multiply
 .text.__pow5mult
                0x00000000020187ec      0x128 c:/devkitpro/devkitarm/bin/../lib/gcc/arm-none-eabi/12.1.0/../../../../arm-none-eabi/lib\libg.a(lib_a-mprec.o)
                0x00000000020187ec                __pow5mult
 .text.__lshift
                0x0000000002018914      0x144 c:/devkitpro/devkitarm/bin/../lib/gcc/arm-none-eabi/12.1.0/../../../../arm-none-eabi/lib\libg.a(lib_a-mprec.o)
                0x0000000002018914                __lshift
 .text.__mcmp   0x0000000002018a58       0x54 c:/devkitpro/devkitarm/bin/../lib/gcc/arm-none-eabi/12.1.0/../../../../arm-none-eabi/lib\libg.a(lib_a-mprec.o)
                0x0000000002018a58                __mcmp
 .text.__mdiff  0x0000000002018aac      0x204 c:/devkitpro/devkitarm/bin/../lib/gcc/arm-none-eabi/12.1.0/../../../../arm-none-eabi/lib\libg.a(lib_a-mprec.o)
                0x0000000002018aac                __mdiff
 .text.__d2b    0x0000000002018cb0      0x128 c:/devkitpro/devkitarm/bin/../lib/gcc/arm-none-eabi/12.1.0/../../../../arm-none-eabi/lib\libg.a(lib_a-mprec.o)
                0x0000000002018cb0                __d2b
 .text.__sccl   0x0000000002018dd8       0xe4 c:/devkitpro/devkitarm/bin/../lib/gcc/arm-none-eabi/12.1.0/../../../../arm-none-eabi/lib\libg.a(lib_a-sccl.o)
                0x0000000002018dd8                __sccl
 .text.frexp    0x0000000002018ebc       0xa4 c:/devkitpro/devkitarm/bin/../lib/gcc/arm-none-eabi/12.1.0/../../../../arm-none-eabi/lib\libg.a(lib_a-s_frexp.o)
                0x0000000002018ebc                frexp
 .text.strncpy  0x0000000002018f60       0xd0 c:/devkitpro/devkitarm/bin/../lib/gcc/arm-none-eabi/12.1.0/../../../../arm-none-eabi/lib\libg.a(lib_a-strncpy.o)
                0x0000000002018f60                strncpy
 .text._strtoll_l.constprop.0
                0x0000000002019030      0x234 c:/devkitpro/devkitarm/bin/../lib/gcc/arm-none-eabi/12.1.0/../../../../arm-none-eabi/lib\libg.a(lib_a-strtoll.o)
 .text._strtoll_r
                0x0000000002019264        0x4 c:/devkitpro/devkitarm/bin/../lib/gcc/arm-none-eabi/12.1.0/../../../../arm-none-eabi/lib\libg.a(lib_a-strtoll.o)
                0x0000000002019264                _strtoll_r
 .text._strtol_l.part.0
                0x0000000002019268      0x1a8 c:/devkitpro/devkitarm/bin/../lib/gcc/arm-none-eabi/12.1.0/../../../../arm-none-eabi/lib\libg.a(lib_a-strtol.o)
 .text._strtol_r
                0x0000000002019410       0x3c c:/devkitpro/devkitarm/bin/../lib/gcc/arm-none-eabi/12.1.0/../../../../arm-none-eabi/lib\libg.a(lib_a-strtol.o)
                0x0000000002019410                _strtol_r
 .text._strtoull_l.constprop.0
                0x000000000201944c      0x248 c:/devkitpro/devkitarm/bin/../lib/gcc/arm-none-eabi/12.1.0/../../../../arm-none-eabi/lib\libg.a(lib_a-strtoull.o)
 .text._strtoull_r
                0x0000000002019694        0x4 c:/devkitpro/devkitarm/bin/../lib/gcc/arm-none-eabi/12.1.0/../../../../arm-none-eabi/lib\libg.a(lib_a-strtoull.o)
                0x0000000002019694                _strtoull_r
 .text._strtoul_l.constprop.0
                0x0000000002019698      0x1c8 c:/devkitpro/devkitarm/bin/../lib/gcc/arm-none-eabi/12.1.0/../../../../arm-none-eabi/lib\libg.a(lib_a-strtoul.o)
 .text._strtoul_r
                0x0000000002019860        0x4 c:/devkitpro/devkitarm/bin/../lib/gcc/arm-none-eabi/12.1.0/../../../../arm-none-eabi/lib\libg.a(lib_a-strtoul.o)
                0x0000000002019860                _strtoul_r
 .text._wcsnrtombs_l
                0x0000000002019864      0x198 c:/devkitpro/devkitarm/bin/../lib/gcc/arm-none-eabi/12.1.0/../../../../arm-none-eabi/lib\libg.a(lib_a-wcsnrtombs.o)
                0x0000000002019864                _wcsnrtombs_l
 .text._wcsnrtombs_r
                0x00000000020199fc       0x50 c:/devkitpro/devkitarm/bin/../lib/gcc/arm-none-eabi/12.1.0/../../../../arm-none-eabi/lib\libg.a(lib_a-wcsnrtombs.o)
                0x00000000020199fc                _wcsnrtombs_r
 .text.__utf8_wctomb
                0x0000000002019a4c       0xf4 c:/devkitpro/devkitarm/bin/../lib/gcc/arm-none-eabi/12.1.0/../../../../arm-none-eabi/lib\libg.a(lib_a-wctomb_r.o)
                0x0000000002019a4c                __utf8_wctomb
 .text.__assert_func
                0x0000000002019b40       0x5c c:/devkitpro/devkitarm/bin/../lib/gcc/arm-none-eabi/12.1.0/../../../../arm-none-eabi/lib\libg.a(lib_a-assert.o)
                0x0000000002019b40                __assert_func
 .text._fclose_r
                0x0000000002019b9c      0x164 c:/devkitpro/devkitarm/bin/../lib/gcc/arm-none-eabi/12.1.0/../../../../arm-none-eabi/lib\libg.a(lib_a-fclose.o)
                0x0000000002019b9c                _fclose_r
 .text.fiprintf
                0x0000000002019d00       0x3c c:/devkitpro/devkitarm/bin/../lib/gcc/arm-none-eabi/12.1.0/../../../../arm-none-eabi/lib\libg.a(lib_a-fiprintf.o)
                0x0000000002019d00                fiprintf
 .text.iswspace_l
                0x0000000002019d3c       0x44 c:/devkitpro/devkitarm/bin/../lib/gcc/arm-none-eabi/12.1.0/../../../../arm-none-eabi/lib\libg.a(lib_a-iswspace_l.o)
                0x0000000002019d3c                iswspace_l
 .text.__jp2uc  0x0000000002019d80      0x1e8 c:/devkitpro/devkitarm/bin/../lib/gcc/arm-none-eabi/12.1.0/../../../../arm-none-eabi/lib\libg.a(lib_a-jp2uc.o)
 .text._jp2uc_l
                0x0000000002019f68       0x94 c:/devkitpro/devkitarm/bin/../lib/gcc/arm-none-eabi/12.1.0/../../../../arm-none-eabi/lib\libg.a(lib_a-jp2uc.o)
                0x0000000002019f68                _jp2uc_l
 .text.category
                0x0000000002019ffc       0x94 c:/devkitpro/devkitarm/bin/../lib/gcc/arm-none-eabi/12.1.0/../../../../arm-none-eabi/lib\libg.a(lib_a-categories.o)
                0x0000000002019ffc                category
 .text.null_write
                0x000000000201a090        0x8 c:/devkitpro/devkitarm/bin/../lib/gcc/arm-none-eabi/12.1.0/../../../../arm-none-eabi/lib\libsysbase.a(iosupport.o)
 .text._fstat_r
                0x000000000201a098       0x7c c:/devkitpro/devkitarm/bin/../lib/gcc/arm-none-eabi/12.1.0/../../../../arm-none-eabi/lib\libsysbase.a(fstat.o)
                0x000000000201a098                _fstat_r
 .text._getpid_r
                0x000000000201a114       0x14 c:/devkitpro/devkitarm/bin/../lib/gcc/arm-none-eabi/12.1.0/../../../../arm-none-eabi/lib\libsysbase.a(getpid.o)
                0x000000000201a114                _getpid_r
 .text._isatty_r
                0x000000000201a128        0x8 c:/devkitpro/devkitarm/bin/../lib/gcc/arm-none-eabi/12.1.0/../../../../arm-none-eabi/lib\libsysbase.a(isatty.o)
                0x000000000201a128                _isatty_r
 .text._kill_r  0x000000000201a130       0x14 c:/devkitpro/devkitarm/bin/../lib/gcc/arm-none-eabi/12.1.0/../../../../arm-none-eabi/lib\libsysbase.a(kill.o)
                0x000000000201a130                _kill_r
 .text._lseek_r
                0x000000000201a144       0x88 c:/devkitpro/devkitarm/bin/../lib/gcc/arm-none-eabi/12.1.0/../../../../arm-none-eabi/lib\libsysbase.a(lseek.o)
                0x000000000201a144                _lseek_r
 .text._read_r  0x000000000201a1cc       0x84 c:/devkitpro/devkitarm/bin/../lib/gcc/arm-none-eabi/12.1.0/../../../../arm-none-eabi/lib\libsysbase.a(read.o)
                0x000000000201a1cc                _read_r
 .text._sbrk_r  0x000000000201a250       0x7c c:/devkitpro/devkitarm/bin/../lib/gcc/arm-none-eabi/12.1.0/../../../../arm-none-eabi/lib\libsysbase.a(sbrk.o)
                0x000000000201a250                _sbrk_r
 .text._write_r
                0x000000000201a2cc       0x84 c:/devkitpro/devkitarm/bin/../lib/gcc/arm-none-eabi/12.1.0/../../../../arm-none-eabi/lib\libsysbase.a(write.o)
                0x000000000201a2cc                _write_r
 .text._exit    0x000000000201a350       0x20 c:/devkitpro/devkitarm/bin/../lib/gcc/arm-none-eabi/12.1.0/../../../../arm-none-eabi/lib\libsysbase.a(_exit.o)
                0x000000000201a350                _exit
 .text.build_argv
                0x000000000201a370       0x80 c:/devkitpro/devkitarm/bin/../lib/gcc/arm-none-eabi/12.1.0/../../../../arm-none-eabi/lib\libsysbase.a(build_argv.o)
                0x000000000201a370                build_argv
 .text.__flockfile
                0x000000000201a3f0       0x14 c:/devkitpro/devkitarm/bin/../lib/gcc/arm-none-eabi/12.1.0/../../../../arm-none-eabi/lib\libsysbase.a(flock.o)
                0x000000000201a3f0                __flockfile
 .text.__funlockfile
                0x000000000201a404       0x14 c:/devkitpro/devkitarm/bin/../lib/gcc/arm-none-eabi/12.1.0/../../../../arm-none-eabi/lib\libsysbase.a(flock.o)
                0x000000000201a404                __funlockfile
 .text.__get_handle
                0x000000000201a418       0x40 c:/devkitpro/devkitarm/bin/../lib/gcc/arm-none-eabi/12.1.0/../../../../arm-none-eabi/lib\libsysbase.a(handle_manager.o)
                0x000000000201a418                __get_handle
 .text._close_r
                0x000000000201a458       0xfc c:/devkitpro/devkitarm/bin/../lib/gcc/arm-none-eabi/12.1.0/../../../../arm-none-eabi/lib\libsysbase.a(handle_manager.o)
                0x000000000201a458                _close_r
 .text.__getreent
                0x000000000201a554       0x30 c:/devkitpro/devkitarm/bin/../lib/gcc/arm-none-eabi/12.1.0/../../../../arm-none-eabi/lib\libsysbase.a(getreent.o)
                0x000000000201a554                __getreent
 .text.__libc_lock_acquire
                0x000000000201a584       0x20 c:/devkitpro/devkitarm/bin/../lib/gcc/arm-none-eabi/12.1.0/../../../../arm-none-eabi/lib\libsysbase.a(syscall_support.o)
                0x000000000201a584                __libc_lock_acquire
 .text.__libc_lock_release
                0x000000000201a5a4       0x20 c:/devkitpro/devkitarm/bin/../lib/gcc/arm-none-eabi/12.1.0/../../../../arm-none-eabi/lib\libsysbase.a(syscall_support.o)
                0x000000000201a5a4                __libc_lock_release
 .text.__libc_lock_init_recursive
                0x000000000201a5c4       0x20 c:/devkitpro/devkitarm/bin/../lib/gcc/arm-none-eabi/12.1.0/../../../../arm-none-eabi/lib\libsysbase.a(syscall_support.o)
                0x000000000201a5c4                __libc_lock_init_recursive
 .text.__libc_lock_acquire_recursive
                0x000000000201a5e4       0x20 c:/devkitpro/devkitarm/bin/../lib/gcc/arm-none-eabi/12.1.0/../../../../arm-none-eabi/lib\libsysbase.a(syscall_support.o)
                0x000000000201a5e4                __libc_lock_acquire_recursive
 .text.__libc_lock_release_recursive
                0x000000000201a604       0x20 c:/devkitpro/devkitarm/bin/../lib/gcc/arm-none-eabi/12.1.0/../../../../arm-none-eabi/lib\libsysbase.a(syscall_support.o)
                0x000000000201a604                __libc_lock_release_recursive
 .text.__libc_lock_close_recursive
                0x000000000201a624       0x20 c:/devkitpro/devkitarm/bin/../lib/gcc/arm-none-eabi/12.1.0/../../../../arm-none-eabi/lib\libsysbase.a(syscall_support.o)
                0x000000000201a624                __libc_lock_close_recursive
 .text.__udivmoddi4
                0x000000000201a644      0x128 c:/devkitpro/devkitarm/bin/../lib/gcc/arm-none-eabi/12.1.0\libgcc.a(_udivmoddi4.o)
                0x000000000201a644                __udivmoddi4
 *fill*         0x000000000201a76c        0x4 ff
 .text.__udivmoddi4.__stub
                0x000000000201a770      0x144 linker stubs
 *(EXCLUDE_FILE(*.twl*) .gnu.warning)
 *(EXCLUDE_FILE(*.twl*) .gnu.linkonce.t*)
 *(.glue_7)
 .glue_7        0x000000000201a8f0        0x0 linker stubs
 *(.glue_7t)
 .glue_7t       0x000000000201a8f0        0x0 linker stubs
                0x000000000201a8f0                . = ALIGN (0x4)

.vfp11_veneer   0x000000000201a8f0        0x0
 .vfp11_veneer  0x000000000201a8f0        0x0 linker stubs

.v4_bx          0x000000000201a8f0        0x0
 .v4_bx         0x000000000201a8f0        0x0 linker stubs

.iplt           0x000000000201a8f0        0x0
 .iplt          0x000000000201a8f0        0x0 c:/devkitpro/devkitarm/bin/../lib/gcc/arm-none-eabi/12.1.0/../../../../arm-none-eabi/lib/ds_arm9_crt0.o

.fini           0x000000000201a8f0       0x18
 *(.fini)
 .fini          0x000000000201a8f0        0xc c:/devkitpro/devkitarm/bin/../lib/gcc/arm-none-eabi/12.1.0/crti.o
                0x000000000201a8f0                _fini
 .fini          0x000000000201a8fc        0xc c:/devkitpro/devkitarm/bin/../lib/gcc/arm-none-eabi/12.1.0/crtn.o
                0x000000000201a908                __text_end = .

.rodata         0x000000000201a908    0x11884
 *(EXCLUDE_FILE(*.twl*) .rodata)
 .rodata        0x000000000201a908       0x18 Camera.o
                0x000000000201a908                vtable for Camera
 .rodata        0x000000000201a920       0x18 ColouredMeshObject.o
                0x000000000201a920                vtable for ColouredMeshedObject
 .rodata        0x000000000201a938       0x18 GameObject.o
                0x000000000201a938                vtable for GameObject
 .rodata        0x000000000201a950       0x18 TexturedMeshedObject.o
                0x000000000201a950                vtable for TexturedMeshedObject
 .rodata        0x000000000201a968       0x24 C:/devkitPro/libnds/lib\libnds9.a(videoGL.o)
 *all.rodata*(*)
 *(EXCLUDE_FILE(*.twl*) .roda)
 *(EXCLUDE_FILE(*.twl*) .rodata.*)
 .rodata.texture_bin
                0x000000000201a98c     0x8000 texture.bin.o
                0x000000000201a98c                texture_bin
                0x000000000202298c                texture_bin_end
 .rodata.str1.4
                0x000000000202298c      0x120 main.o
 .rodata.SIN_LUT
                0x0000000002022aac      0x102 C:/devkitPro/libnds/lib\libnds9.a(trig.o)
                0x0000000002022aac                SIN_LUT
 *fill*         0x0000000002022bae        0x2 ff
 .rodata.TAN_LUT
                0x0000000002022bb0      0x204 C:/devkitPro/libnds/lib\libnds9.a(trig.o)
                0x0000000002022bb0                TAN_LUT
 .rodata.con_write.str1.4
                0x0000000002022db4       0x30 C:/devkitPro/libnds/lib\libnds9.a(console.o)
 .rodata.con_write
                0x0000000002022de4       0xd4 C:/devkitPro/libnds/lib\libnds9.a(console.o)
 .rodata.consoleClear.str1.4
                0x0000000002022eb8        0x5 C:/devkitPro/libnds/lib\libnds9.a(console.o)
 *fill*         0x0000000002022ebd        0x3 ff
 .rodata.str1.4
                0x0000000002022ec0       0x14 C:/devkitPro/libnds/lib\libnds9.a(console.o)
 .rodata.dotab_stdout
                0x0000000002022ed4       0x70 C:/devkitPro/libnds/lib\libnds9.a(console.o)
 .rodata.glMaterialf
                0x0000000002022f44       0x44 C:/devkitPro/libnds/lib\libnds9.a(videoGL.o)
 .rodata.default_font_bin
                0x0000000002022f88     0x2000 C:/devkitPro/libnds/lib\libnds9.a(default_font.bin.o)
                0x0000000002022f88                default_font_bin
                0x0000000002024f88                default_font_bin_end
 .rodata._ZNKSt9bad_alloc4whatEv.str1.4
                0x0000000002024f88        0xf c:/devkitpro/devkitarm/bin/../lib/gcc/arm-none-eabi/12.1.0/../../../../arm-none-eabi/lib\libstdc++.a(bad_alloc.o)
 *fill*         0x0000000002024f97        0x1 ff
 .rodata._ZTSSt9bad_alloc
                0x0000000002024f98        0xd c:/devkitpro/devkitarm/bin/../lib/gcc/arm-none-eabi/12.1.0/../../../../arm-none-eabi/lib\libstdc++.a(bad_alloc.o)
                0x0000000002024f98                typeinfo name for std::bad_alloc
 *fill*         0x0000000002024fa5        0x3 ff
 .rodata._ZTISt9bad_alloc
                0x0000000002024fa8        0xc c:/devkitpro/devkitarm/bin/../lib/gcc/arm-none-eabi/12.1.0/../../../../arm-none-eabi/lib\libstdc++.a(bad_alloc.o)
                0x0000000002024fa8                typeinfo for std::bad_alloc
 .rodata._ZTVSt9bad_alloc
                0x0000000002024fb4       0x14 c:/devkitpro/devkitarm/bin/../lib/gcc/arm-none-eabi/12.1.0/../../../../arm-none-eabi/lib\libstdc++.a(bad_alloc.o)
                0x0000000002024fb4                vtable for std::bad_alloc
 .rodata._ZNKSt13bad_exception4whatEv.str1.4
                0x0000000002024fc8       0x13 c:/devkitpro/devkitarm/bin/../lib/gcc/arm-none-eabi/12.1.0/../../../../arm-none-eabi/lib\libstdc++.a(eh_exception.o)
 *fill*         0x0000000002024fdb        0x1 ff
 .rodata._ZTSSt9exception
                0x0000000002024fdc        0xd c:/devkitpro/devkitarm/bin/../lib/gcc/arm-none-eabi/12.1.0/../../../../arm-none-eabi/lib\libstdc++.a(eh_exception.o)
                0x0000000002024fdc                typeinfo name for std::exception
 *fill*         0x0000000002024fe9        0x3 ff
 .rodata._ZTISt9exception
                0x0000000002024fec        0x8 c:/devkitpro/devkitarm/bin/../lib/gcc/arm-none-eabi/12.1.0/../../../../arm-none-eabi/lib\libstdc++.a(eh_exception.o)
                0x0000000002024fec                typeinfo for std::exception
 .rodata._ZTSSt13bad_exception
                0x0000000002024ff4       0x12 c:/devkitpro/devkitarm/bin/../lib/gcc/arm-none-eabi/12.1.0/../../../../arm-none-eabi/lib\libstdc++.a(eh_exception.o)
                0x0000000002024ff4                typeinfo name for std::bad_exception
 *fill*         0x0000000002025006        0x2 ff
 .rodata._ZTISt13bad_exception
                0x0000000002025008        0xc c:/devkitpro/devkitarm/bin/../lib/gcc/arm-none-eabi/12.1.0/../../../../arm-none-eabi/lib\libstdc++.a(eh_exception.o)
                0x0000000002025008                typeinfo for std::bad_exception
 .rodata._ZTSN10__cxxabiv115__forced_unwindE
                0x0000000002025014       0x20 c:/devkitpro/devkitarm/bin/../lib/gcc/arm-none-eabi/12.1.0/../../../../arm-none-eabi/lib\libstdc++.a(eh_exception.o)
                0x0000000002025014                typeinfo name for __cxxabiv1::__forced_unwind
 .rodata._ZTIN10__cxxabiv115__forced_unwindE
                0x0000000002025034        0x8 c:/devkitpro/devkitarm/bin/../lib/gcc/arm-none-eabi/12.1.0/../../../../arm-none-eabi/lib\libstdc++.a(eh_exception.o)
                0x0000000002025034                typeinfo for __cxxabiv1::__forced_unwind
 .rodata._ZTSN10__cxxabiv119__foreign_exceptionE
                0x000000000202503c       0x24 c:/devkitpro/devkitarm/bin/../lib/gcc/arm-none-eabi/12.1.0/../../../../arm-none-eabi/lib\libstdc++.a(eh_exception.o)
                0x000000000202503c                typeinfo name for __cxxabiv1::__foreign_exception
 .rodata._ZTIN10__cxxabiv119__foreign_exceptionE
                0x0000000002025060        0x8 c:/devkitpro/devkitarm/bin/../lib/gcc/arm-none-eabi/12.1.0/../../../../arm-none-eabi/lib\libstdc++.a(eh_exception.o)
                0x0000000002025060                typeinfo for __cxxabiv1::__foreign_exception
 .rodata._ZTVSt13bad_exception
                0x0000000002025068       0x14 c:/devkitpro/devkitarm/bin/../lib/gcc/arm-none-eabi/12.1.0/../../../../arm-none-eabi/lib\libstdc++.a(eh_exception.o)
                0x0000000002025068                vtable for std::bad_exception
 .rodata._ZTSN10__cxxabiv120__si_class_type_infoE
                0x000000000202507c       0x25 c:/devkitpro/devkitarm/bin/../lib/gcc/arm-none-eabi/12.1.0/../../../../arm-none-eabi/lib\libstdc++.a(si_class_type_info.o)
                0x000000000202507c                typeinfo name for __cxxabiv1::__si_class_type_info
 *fill*         0x00000000020250a1        0x3 ff
 .rodata._ZTIN10__cxxabiv120__si_class_type_infoE
                0x00000000020250a4        0xc c:/devkitpro/devkitarm/bin/../lib/gcc/arm-none-eabi/12.1.0/../../../../arm-none-eabi/lib\libstdc++.a(si_class_type_info.o)
                0x00000000020250a4                typeinfo for __cxxabiv1::__si_class_type_info
 .rodata._ZTVN10__cxxabiv120__si_class_type_infoE
                0x00000000020250b0       0x2c c:/devkitpro/devkitarm/bin/../lib/gcc/arm-none-eabi/12.1.0/../../../../arm-none-eabi/lib\libstdc++.a(si_class_type_info.o)
                0x00000000020250b0                vtable for __cxxabiv1::__si_class_type_info
 .rodata._ZTSSt9type_info
                0x00000000020250dc        0xd c:/devkitpro/devkitarm/bin/../lib/gcc/arm-none-eabi/12.1.0/../../../../arm-none-eabi/lib\libstdc++.a(tinfo.o)
                0x00000000020250dc                typeinfo name for std::type_info
 *fill*         0x00000000020250e9        0x3 ff
 .rodata._ZTISt9type_info
                0x00000000020250ec        0x8 c:/devkitpro/devkitarm/bin/../lib/gcc/arm-none-eabi/12.1.0/../../../../arm-none-eabi/lib\libstdc++.a(tinfo.o)
                0x00000000020250ec                typeinfo for std::type_info
 .rodata._ZTSN10__cxxabiv117__class_type_infoE
                0x00000000020250f4       0x22 c:/devkitpro/devkitarm/bin/../lib/gcc/arm-none-eabi/12.1.0/../../../../arm-none-eabi/lib\libstdc++.a(class_type_info.o)
                0x00000000020250f4                typeinfo name for __cxxabiv1::__class_type_info
 *fill*         0x0000000002025116        0x2 ff
 .rodata._ZTIN10__cxxabiv117__class_type_infoE
                0x0000000002025118        0xc c:/devkitpro/devkitarm/bin/../lib/gcc/arm-none-eabi/12.1.0/../../../../arm-none-eabi/lib\libstdc++.a(class_type_info.o)
                0x0000000002025118                typeinfo for __cxxabiv1::__class_type_info
 .rodata._ZTVN10__cxxabiv117__class_type_infoE
                0x0000000002025124       0x2c c:/devkitpro/devkitarm/bin/../lib/gcc/arm-none-eabi/12.1.0/../../../../arm-none-eabi/lib\libstdc++.a(class_type_info.o)
                0x0000000002025124                vtable for __cxxabiv1::__class_type_info
 .rodata._puts_r.str1.4
                0x0000000002025150        0x2 c:/devkitpro/devkitarm/bin/../lib/gcc/arm-none-eabi/12.1.0/../../../../arm-none-eabi/lib\libg.a(lib_a-puts.o)
 *fill*         0x0000000002025152        0x2 ff
 .rodata.basefix.0
                0x0000000002025154       0x22 c:/devkitpro/devkitarm/bin/../lib/gcc/arm-none-eabi/12.1.0/../../../../arm-none-eabi/lib\libg.a(lib_a-svfiscanf.o)
 .rodata._vfiprintf_r.str1.1
                0x0000000002025176       0x29 c:/devkitpro/devkitarm/bin/../lib/gcc/arm-none-eabi/12.1.0/../../../../arm-none-eabi/lib\libg.a(lib_a-vfiprintf.o)
 *fill*         0x000000000202519f        0x1 ff
 .rodata.zeroes.0
                0x00000000020251a0       0x10 c:/devkitpro/devkitarm/bin/../lib/gcc/arm-none-eabi/12.1.0/../../../../arm-none-eabi/lib\libg.a(lib_a-vfiprintf.o)
 .rodata.blanks.1
                0x00000000020251b0       0x10 c:/devkitpro/devkitarm/bin/../lib/gcc/arm-none-eabi/12.1.0/../../../../arm-none-eabi/lib\libg.a(lib_a-vfiprintf.o)
 .rodata._vfprintf_r.str1.1
                0x00000000020251c0       0x12 c:/devkitpro/devkitarm/bin/../lib/gcc/arm-none-eabi/12.1.0/../../../../arm-none-eabi/lib\libg.a(lib_a-vfprintf.o)
                                         0x3b (size before relaxing)
 *fill*         0x00000000020251d2        0x2 ff
 .rodata.zeroes.0
                0x00000000020251d4       0x10 c:/devkitpro/devkitarm/bin/../lib/gcc/arm-none-eabi/12.1.0/../../../../arm-none-eabi/lib\libg.a(lib_a-vfprintf.o)
 .rodata.blanks.1
                0x00000000020251e4       0x10 c:/devkitpro/devkitarm/bin/../lib/gcc/arm-none-eabi/12.1.0/../../../../arm-none-eabi/lib\libg.a(lib_a-vfprintf.o)
 .rodata._ctype_
                0x00000000020251f4      0x101 c:/devkitpro/devkitarm/bin/../lib/gcc/arm-none-eabi/12.1.0/../../../../arm-none-eabi/lib\libg.a(lib_a-ctype_.o)